ARM Linker, 5.03 [Build 76] [MDK-ARM Standard]

==============================================================================

Section Cross References

    system_stm32f4xx.o(i.SystemCoreClockUpdate) refers to system_stm32f4xx.o(.data) for .data
    system_stm32f4xx.o(i.SystemInit) refers to system_stm32f4xx.o(i.SetSysClock) for SetSysClock
    startup_stm32f427x.o(RESET) refers to startup_stm32f427x.o(STACK) for __initial_sp
    startup_stm32f427x.o(RESET) refers to startup_stm32f427x.o(.text) for Reset_Handler
    startup_stm32f427x.o(RESET) refers to stm32f4xx_it.o(i.NMI_Handler) for NMI_Handler
    startup_stm32f427x.o(RESET) refers to stm32f4xx_it.o(i.HardFault_Handler) for HardFault_Handler
    startup_stm32f427x.o(RESET) refers to stm32f4xx_it.o(i.MemManage_Handler) for MemManage_Handler
    startup_stm32f427x.o(RESET) refers to stm32f4xx_it.o(i.BusFault_Handler) for BusFault_Handler
    startup_stm32f427x.o(RESET) refers to stm32f4xx_it.o(i.UsageFault_Handler) for UsageFault_Handler
    startup_stm32f427x.o(RESET) refers to port.o(.emb_text) for SVC_Handler
    startup_stm32f427x.o(RESET) refers to stm32f4xx_it.o(i.DebugMon_Handler) for DebugMon_Handler
    startup_stm32f427x.o(RESET) refers to stm32f4xx_it.o(i.SysTick_Handler) for SysTick_Handler
    startup_stm32f427x.o(RESET) refers to stm32f4xx_it.o(i.EXTI15_10_IRQHandler) for EXTI15_10_IRQHandler
    startup_stm32f427x.o(RESET) refers to stm32f4xx_it.o(i.ETH_IRQHandler) for ETH_IRQHandler
    startup_stm32f427x.o(.text) refers to system_stm32f4xx.o(i.SystemInit) for SystemInit
    startup_stm32f427x.o(.text) refers to entry.o(.ARM.Collect$$$$00000000) for __main
    main.o(i.Delay) refers to tasks.o(i.vTaskDelay) for vTaskDelay
    main.o(i.KeyScan4) refers to stm324x7i_eval.o(i.JOYState_GPIO_Init) for JOYState_GPIO_Init
    main.o(i.KeyScan4) refers to stm324x7i_eval.o(i.Read_JOYState) for Read_JOYState
    main.o(i.KeyScan4) refers to queue.o(i.xQueueGenericSend) for xQueueGenericSend
    main.o(i.KeyScan4) refers to printf8.o(i.__0printf$8) for __2printf
    main.o(i.KeyScan4) refers to port.o(i.vPortYieldFromISR) for vPortYieldFromISR
    main.o(i.KeyScan4) refers to tasks.o(i.vTaskDelay) for vTaskDelay
    main.o(i.KeyScan4) refers to tcp_server.o(.data) for xQueue
    main.o(i.LCD_LED_Init) refers to stm324x7i_eval_lcd.o(i.STM324xG_LCD_Init) for STM324xG_LCD_Init
    main.o(i.LCD_LED_Init) refers to stm324x7i_eval.o(i.STM_EVAL_LEDInit) for STM_EVAL_LEDInit
    main.o(i.LCD_LED_Init) refers to stm324x7i_eval_lcd.o(i.LCD_Clear) for LCD_Clear
    main.o(i.LCD_LED_Init) refers to stm324x7i_eval_lcd.o(i.LCD_SetBackColor) for LCD_SetBackColor
    main.o(i.LCD_LED_Init) refers to stm324x7i_eval_lcd.o(i.LCD_SetTextColor) for LCD_SetTextColor
    main.o(i.LCD_LED_Init) refers to stm324x7i_eval_lcd.o(i.LCD_GetFont) for LCD_GetFont
    main.o(i.LCD_LED_Init) refers to stm324x7i_eval_lcd.o(i.LCD_DisplayStringLine) for LCD_DisplayStringLine
    main.o(i.Main_task) refers to serial_debug.o(i.DebugComPort_Init) for DebugComPort_Init
    main.o(i.Main_task) refers to main.o(i.LCD_LED_Init) for LCD_LED_Init
    main.o(i.Main_task) refers to stm32f4x7_eth_bsp.o(i.ETH_BSP_Config) for ETH_BSP_Config
    main.o(i.Main_task) refers to netconf.o(i.LwIP_Init) for LwIP_Init
    main.o(i.Main_task) refers to httpserver-netconn.o(i.http_server_netconn_init) for http_server_netconn_init
    main.o(i.Main_task) refers to tcp_server.o(i.tcpclient_init) for tcpclient_init
    main.o(i.Main_task) refers to tasks.o(i.xTaskGenericCreate) for xTaskGenericCreate
    main.o(i.Main_task) refers to tasks.o(i.vTaskDelete) for vTaskDelete
    main.o(i.Main_task) refers to netconf.o(i.LwIP_DHCP_task) for LwIP_DHCP_task
    main.o(i.Main_task) refers to main.o(i.ToggleLed4) for ToggleLed4
    main.o(i.Main_task) refers to main.o(i.KeyScan4) for KeyScan4
    main.o(i.ToggleLed4) refers to stm324x7i_eval.o(i.STM_EVAL_LEDToggle) for STM_EVAL_LEDToggle
    main.o(i.ToggleLed4) refers to tasks.o(i.vTaskList) for vTaskList
    main.o(i.ToggleLed4) refers to memseta.o(.text) for __aeabi_memclr
    main.o(i.ToggleLed4) refers to tasks.o(i.vTaskDelay) for vTaskDelay
    main.o(i.ToggleLed4) refers to main.o(.bss) for .bss
    main.o(i.main) refers to misc.o(i.NVIC_PriorityGroupConfig) for NVIC_PriorityGroupConfig
    main.o(i.main) refers to tasks.o(i.xTaskGenericCreate) for xTaskGenericCreate
    main.o(i.main) refers to tasks.o(i.vTaskStartScheduler) for vTaskStartScheduler
    main.o(i.main) refers to main.o(i.Main_task) for Main_task
    netconf.o(i.LwIP_DHCP_task) refers to dhcp.o(i.dhcp_start) for dhcp_start
    netconf.o(i.LwIP_DHCP_task) refers to stm324x7i_eval_lcd.o(i.LCD_SetTextColor) for LCD_SetTextColor
    netconf.o(i.LwIP_DHCP_task) refers to stm324x7i_eval_lcd.o(i.LCD_GetFont) for LCD_GetFont
    netconf.o(i.LwIP_DHCP_task) refers to stm324x7i_eval_lcd.o(i.LCD_ClearLine) for LCD_ClearLine
[...]
    DebugMon_Handler                         0x0800047f   Thumb Code     2  stm32f4xx_it.o(i.DebugMon_Handler)
    Delay                                    0x08000481   Thumb Code     4  main.o(i.Delay)
    DynWebPage                               0x08000485   Thumb Code   142  httpserver-netconn.o(i.DynWebPage)
    ETH_BSP_Config                           0x08000601   Thumb Code   182  stm32f4x7_eth_bsp.o(i.ETH_BSP_Config)
    ETH_DMAClearITPendingBit                 0x080006f1   Thumb Code     6  stm32f4x7_eth.o(i.ETH_DMAClearITPendingBit)
    ETH_DMAITConfig                          0x080006fd   Thumb Code    18  stm32f4x7_eth.o(i.ETH_DMAITConfig)
    ETH_DMAReceptionCmd                      0x08000715   Thumb Code    22  stm32f4x7_eth.o(i.ETH_DMAReceptionCmd)
    ETH_DMARxDescChainInit                   0x08000731   Thumb Code    74  stm32f4x7_eth.o(i.ETH_DMARxDescChainInit)
    ETH_DMARxDescReceiveITConfig             0x08000789   Thumb Code    18  stm32f4x7_eth.o(i.ETH_DMARxDescReceiveITConfig)
    ETH_DMATransmissionCmd                   0x0800079d   Thumb Code    22  stm32f4x7_eth.o(i.ETH_DMATransmissionCmd)
    ETH_DMATxDescChainInit                   0x080007b9   Thumb Code    62  stm32f4x7_eth.o(i.ETH_DMATxDescChainInit)
    ETH_DMATxDescChecksumInsertionConfig     0x08000801   Thumb Code     8  stm32f4x7_eth.o(i.ETH_DMATxDescChecksumInsertionConfig)
    ETH_DeInit                               0x08000809   Thumb Code    24  stm32f4x7_eth.o(i.ETH_DeInit)
    ETH_FlushTransmitFIFO                    0x08000821   Thumb Code    28  stm32f4x7_eth.o(i.ETH_FlushTransmitFIFO)
    ETH_GetDMAFlagStatus                     0x08000911   Thumb Code    16  stm32f4x7_eth.o(i.ETH_GetDMAFlagStatus)
    ETH_GetSoftwareResetStatus               0x08000925   Thumb Code    14  stm32f4x7_eth.o(i.ETH_GetSoftwareResetStatus)
    ETH_Get_Received_Frame_interrupt         0x08000939   Thumb Code   138  stm32f4x7_eth.o(i.ETH_Get_Received_Frame_interrupt)
    ETH_IRQHandler                           0x080009c9   Thumb Code    56  stm32f4xx_it.o(i.ETH_IRQHandler)
    ETH_Init                                 0x08000a05   Thumb Code   618  stm32f4x7_eth.o(i.ETH_Init)
    ETH_MACAddressConfig                     0x08000ca5   Thumb Code    22  stm32f4x7_eth.o(i.ETH_MACAddressConfig)
    ETH_MACReceptionCmd                      0x08000d51   Thumb Code    42  stm32f4x7_eth.o(i.ETH_MACReceptionCmd)
    ETH_MACTransmissionCmd                   0x08000d81   Thumb Code    42  stm32f4x7_eth.o(i.ETH_MACTransmissionCmd)
    ETH_Prepare_Transmit_Descriptors         0x08000db1   Thumb Code   164  stm32f4x7_eth.o(i.ETH_Prepare_Transmit_Descriptors)
    ETH_ReadPHYRegister                      0x08000e5d   Thumb Code    80  stm32f4x7_eth.o(i.ETH_ReadPHYRegister)
    ETH_SoftwareReset                        0x08000eb5   Thumb Code    12  stm32f4x7_eth.o(i.ETH_SoftwareReset)
    ETH_Start                                0x08000ec5   Thumb Code    34  stm32f4x7_eth.o(i.ETH_Start)
    ETH_Stop                                 0x08000ee7   Thumb Code    34  stm32f4x7_eth.o(i.ETH_Stop)
    ETH_StructInit                           0x08000f09   Thumb Code   136  stm32f4x7_eth.o(i.ETH_StructInit)
    ETH_WritePHYRegister                     0x08000f91   Thumb Code    76  stm32f4x7_eth.o(i.ETH_WritePHYRegister)
    ETH_link_callback                        0x08000fe5   Thumb Code   384  stm32f4x7_eth_bsp.o(i.ETH_link_callback)
    EXTI15_10_IRQHandler                     0x080011bd   Thumb Code    50  stm32f4xx_it.o(i.EXTI15_10_IRQHandler)
    EXTI_ClearITPendingBit                   0x080011f5   Thumb Code     6  stm32f4xx_exti.o(i.EXTI_ClearITPendingBit)
    EXTI_GetITStatus                         0x08001201   Thumb Code    28  stm32f4xx_exti.o(i.EXTI_GetITStatus)
    EXTI_Init                                0x08001221   Thumb Code   108  stm32f4xx_exti.o(i.EXTI_Init)
    Eth_Link_EXTIConfig                      0x08001291   Thumb Code   104  stm32f4x7_eth_bsp.o(i.Eth_Link_EXTIConfig)
    Eth_Link_IT_task                         0x080012fd   Thumb Code    58  stm32f4x7_eth_bsp.o(i.Eth_Link_IT_task)
    Eth_Link_PHYITConfig                     0x08001341   Thumb Code    54  stm32f4x7_eth_bsp.o(i.Eth_Link_PHYITConfig)
    FSMC_NORSRAMCmd                          0x08001379   Thumb Code    28  stm32f4xx_fsmc.o(i.FSMC_NORSRAMCmd)
    FSMC_NORSRAMInit                         0x08001399   Thumb Code   192  stm32f4xx_fsmc.o(i.FSMC_NORSRAMInit)
    GPIO_Init                                0x08001459   Thumb Code   120  stm32f4xx_gpio.o(i.GPIO_Init)
    GPIO_PinAFConfig                         0x080014d1   Thumb Code    32  stm32f4xx_gpio.o(i.GPIO_PinAFConfig)
    GPIO_ReadInputDataBit                    0x080014f1   Thumb Code    14  stm32f4xx_gpio.o(i.GPIO_ReadInputDataBit)
    HardFault_Handler                        0x080014ff   Thumb Code     2  stm32f4xx_it.o(i.HardFault_Handler)
    JOYState_GPIO_Init                       0x08001501   Thumb Code   120  stm324x7i_eval.o(i.JOYState_GPIO_Init)
    KeyScan4                                 0x08001585   Thumb Code    52  main.o(i.KeyScan4)
    LCD_Clear                                0x080015d9   Thumb Code    40  stm324x7i_eval_lcd.o(i.LCD_Clear)
    LCD_ClearLine                            0x08001605   Thumb Code    44  stm324x7i_eval_lcd.o(i.LCD_ClearLine)
    LCD_CtrlLinesConfig                      0x08001635   Thumb Code   318  stm324x7i_eval_lcd.o(i.LCD_CtrlLinesConfig)
    LCD_DisplayChar                          0x08001781   Thumb Code    26  stm324x7i_eval_lcd.o(i.LCD_DisplayChar)
    LCD_DisplayStringLine                    0x080017a1   Thumb Code    52  stm324x7i_eval_lcd.o(i.LCD_DisplayStringLine)
    LCD_DrawChar                             0x080017d9   Thumb Code   120  stm324x7i_eval_lcd.o(i.LCD_DrawChar)
    LCD_FSMCConfig                           0x08001859   Thumb Code    78  stm324x7i_eval_lcd.o(i.LCD_FSMCConfig)
    LCD_GetFont                              0x080018a9   Thumb Code     6  stm324x7i_eval_lcd.o(i.LCD_GetFont)
    LCD_LED_Init                             0x080018b5   Thumb Code   114  main.o(i.LCD_LED_Init)
    LCD_ReadReg                              0x08001989   Thumb Code    12  stm324x7i_eval_lcd.o(i.LCD_ReadReg)
    LCD_SetBackColor                         0x08001999   Thumb Code    12  stm324x7i_eval_lcd.o(i.LCD_SetBackColor)
    LCD_SetCursor                            0x080019a9   Thumb Code    58  stm324x7i_eval_lcd.o(i.LCD_SetCursor)
    LCD_SetTextColor                         0x080019e9   Thumb Code    12  stm324x7i_eval_lcd.o(i.LCD_SetTextColor)
    LCD_WriteReg                             0x080019f9   Thumb Code    12  stm324x7i_eval_lcd.o(i.LCD_WriteReg)
    LwIP_DHCP_task                           0x08001a09   Thumb Code   474  netconf.o(i.LwIP_DHCP_task)
    LwIP_Init                                0x08001cad   Thumb Code   156  netconf.o(i.LwIP_Init)
    Main_task                                0x08001d91   Thumb Code   102  main.o(i.Main_task)
    MemManage_Handler                        0x08001e1d   Thumb Code     2  stm32f4xx_it.o(i.MemManage_Handler)
    NMI_Handler                              0x08001e1f   Thumb Code     2  stm32f4xx_it.o(i.NMI_Handler)
    NVIC_Init                                0x08001e21   Thumb Code    92  misc.o(i.NVIC_Init)
    NVIC_PriorityGroupConfig                 0x08001e85   Thumb Code    10  misc.o(i.NVIC_PriorityGroupConfig)
    RCC_AHB1PeriphClockCmd                   0x08001e99   Thumb Code    18  stm32f4xx_rcc.o(i.RCC_AHB1PeriphClockCmd)
    RCC_AHB1PeriphResetCmd                   0x08001eb1   Thumb Code    18  stm32f4xx_rcc.o(i.RCC_AHB1PeriphResetCmd)
    RCC_AHB3PeriphClockCmd                   0x08001ec9   Thumb Code    18  stm32f4xx_rcc.o(i.RCC_AHB3PeriphClockCmd)
    RCC_APB1PeriphClockCmd                   0x08001ee1   Thumb Code    18  stm32f4xx_rcc.o(i.RCC_APB1PeriphClockCmd)
    RCC_APB2PeriphClockCmd                   0x08001ef9   Thumb Code    18  stm32f4xx_rcc.o(i.RCC_APB2PeriphClockCmd)
    RCC_GetClocksFreq                        0x08001f11   Thumb Code   132  stm32f4xx_rcc.o(i.RCC_GetClocksFreq)
    RCC_MCO1Config                           0x08001fa1   Thumb Code    16  stm32f4xx_rcc.o(i.RCC_MCO1Config)
    Read_JOYState                            0x08001fb5   Thumb Code   116  stm324x7i_eval.o(i.Read_JOYState)
    STM324xG_LCD_Init                        0x08002035   Thumb Code  1182  stm324x7i_eval_lcd.o(i.STM324xG_LCD_Init)
    STM_EVAL_COMInit                         0x080024d9   Thumb Code   184  stm324x7i_eval.o(i.STM_EVAL_COMInit)
    STM_EVAL_LEDInit                         0x08002599   Thumb Code    62  stm324x7i_eval.o(i.STM_EVAL_LEDInit)
    STM_EVAL_LEDOn                           0x080025e1   Thumb Code    16  stm324x7i_eval.o(i.STM_EVAL_LEDOn)
    STM_EVAL_LEDToggle                       0x080025f9   Thumb Code    20  stm324x7i_eval.o(i.STM_EVAL_LEDToggle)
    SYSCFG_ETH_MediaInterfaceConfig          0x08002615   Thumb Code     6  stm32f4xx_syscfg.o(i.SYSCFG_ETH_MediaInterfaceConfig)
    SYSCFG_EXTILineConfig                    0x08002621   Thumb Code    34  stm32f4xx_syscfg.o(i.SYSCFG_EXTILineConfig)
    SysTick_Handler                          0x08002715   Thumb Code     4  stm32f4xx_it.o(i.SysTick_Handler)
    SystemInit                               0x08002719   Thumb Code    74  system_stm32f4xx.o(i.SystemInit)
    ToggleLed4                               0x08002775   Thumb Code    36  main.o(i.ToggleLed4)
    USART_Cmd                                0x0800279d   Thumb Code    20  stm32f4xx_usart.o(i.USART_Cmd)
    USART_GetFlagStatus                      0x080027b1   Thumb Code    14  stm32f4xx_usart.o(i.USART_GetFlagStatus)
    USART_Init                               0x080027c1   Thumb Code   174  stm32f4xx_usart.o(i.USART_Init)
    USART_SendData                           0x08002879   Thumb Code     8  stm32f4xx_usart.o(i.USART_SendData)
    UsageFault_Handler                       0x08002881   Thumb Code     2  stm32f4xx_it.o(i.UsageFault_Handler)
    __0printf$8                              0x08002885   Thumb Code    22  printf8.o(i.__0printf$8)
    __1printf$8                              0x08002885   Thumb Code     0  printf8.o(i.__0printf$8)
    __2printf                                0x08002885   Thumb Code     0  printf8.o(i.__0printf$8)
    __0sprintf$8                             0x080028a5   Thumb Code    34  printf8.o(i.__0sprintf$8)
    __1sprintf$8                             0x080028a5   Thumb Code     0  printf8.o(i.__0sprintf$8)
    __2sprintf                               0x080028a5   Thumb Code     0  printf8.o(i.__0sprintf$8)
    __scatterload_copy                       0x080028cd   Thumb Code    14  handlers.o(i.__scatterload_copy)
    __scatterload_null                       0x080028db   Thumb Code     2  handlers.o(i.__scatterload_null)
    __scatterload_zeroinit                   0x080028dd   Thumb Code    14  handlers.o(i.__scatterload_zeroinit)
    crc_ccitt                                0x08002e2d   Thumb Code    36  crc_16.o(i.crc_ccitt)
    decode_host_data                         0x08002e55   Thumb Code   176  tcp_server.o(i.decode_host_data)
    delay_ms                                 0x08003155   Thumb Code    28  stm324x7i_eval_lcd.o(i.delay_ms)
    dhcp_arp_reply                           0x08003171   Thumb Code    30  dhcp.o(i.dhcp_arp_reply)
    dhcp_coarse_tmr                          0x08003279   Thumb Code    90  dhcp.o(i.dhcp_coarse_tmr)
    dhcp_fine_tmr                            0x08003539   Thumb Code    46  dhcp.o(i.dhcp_fine_tmr)
    dhcp_network_changed                     0x080035c9   Thumb Code    66  dhcp.o(i.dhcp_network_changed)
    dhcp_release                             0x08003b0d   Thumb Code   158  dhcp.o(i.dhcp_release)
    dhcp_renew                               0x08003bb1   Thumb Code   130  dhcp.o(i.dhcp_renew)
    dhcp_start                               0x08003d2d   Thumb Code   154  dhcp.o(i.dhcp_start)
    dhcp_stop                                0x08003dd1   Thumb Code    48  dhcp.o(i.dhcp_stop)
    do_bind                                  0x08003ec1   Thumb Code    82  api_msg.o(i.do_bind)
    do_close                                 0x08003f13   Thumb Code    84  api_msg.o(i.do_close)
    do_connect                               0x08004059   Thumb Code   142  api_msg.o(i.do_connect)
    do_delconn                               0x0800414d   Thumb Code   150  api_msg.o(i.do_delconn)
    do_listen                                0x080041e5   Thumb Code   172  api_msg.o(i.do_listen)
    do_newconn                               0x08004295   Thumb Code    32  api_msg.o(i.do_newconn)
    do_recv                                  0x080042b5   Thumb Code    68  api_msg.o(i.do_recv)
    do_write                                 0x080042f9   Thumb Code    66  api_msg.o(i.do_write)
    etharp_cleanup_netif                     0x080045a1   Thumb Code    42  etharp.o(i.etharp_cleanup_netif)
    etharp_output                            0x080046fd   Thumb Code   242  etharp.o(i.etharp_output)
    etharp_query                             0x08004841   Thumb Code   232  etharp.o(i.etharp_query)
    etharp_request                           0x080049d1   Thumb Code    32  etharp.o(i.etharp_request)
    etharp_tmr                               0x08004a15   Thumb Code    66  etharp.o(i.etharp_tmr)
    ethernet_input                           0x08004ad9   Thumb Code   138  etharp.o(i.ethernet_input)
    ethernetif_init                          0x08004b69   Thumb Code    42  ethernetif.o(i.ethernetif_init)
    fputc                                    0x08004bd5   Thumb Code    30  serial_debug.o(i.fputc)
    free                                     0x08004bf9   Thumb Code    76  malloc.o(i.free)
    fs_close                                 0x08004c49   Thumb Code     4  fs.o(i.fs_close)
    fs_open                                  0x08004c79   Thumb Code   104  fs.o(i.fs_open)
    get_signin_data                          0x08004ce9   Thumb Code   310  tcp_server.o(i.get_signin_data)
    get_statupload_data                      0x08004e25   Thumb Code    82  tcp_server.o(i.get_statupload_data)
    http_server_netconn_init                 0x08004e79   Thumb Code    22  httpserver-netconn.o(i.http_server_netconn_init)
    http_server_serve                        0x08004f1d   Thumb Code   204  httpserver-netconn.o(i.http_server_serve)
    icmp_dest_unreach                        0x08005091   Thumb Code     8  icmp.o(i.icmp_dest_unreach)
    icmp_input                               0x08005099   Thumb Code   242  icmp.o(i.icmp_input)
    inet_chksum                              0x080051f9   Thumb Code    12  inet_chksum.o(i.inet_chksum)
    inet_chksum_pbuf                         0x08005205   Thumb Code    72  inet_chksum.o(i.inet_chksum_pbuf)
    ip4_addr_isbroadcast                     0x0800524d   Thumb Code    46  ip_addr.o(i.ip4_addr_isbroadcast)
    ip_input                                 0x0800527d   Thumb Code   352  ip.o(i.ip_input)
    ip_output                                0x080053e5   Thumb Code    52  ip.o(i.ip_output)
    ip_output_if                             0x08005419   Thumb Code   136  ip.o(i.ip_output_if)
    ip_route                                 0x080054a5   Thumb Code    54  ip.o(i.ip_route)
    lwip_htonl                               0x08005751   Thumb Code     4  def.o(i.lwip_htonl)
    lwip_htons                               0x08005755   Thumb Code     4  def.o(i.lwip_htons)
    lwip_init                                0x08005759   Thumb Code    34  init.o(i.lwip_init)
    lwip_ntohl                               0x0800577b   Thumb Code     4  def.o(i.lwip_ntohl)
    lwip_ntohs                               0x0800577f   Thumb Code     4  def.o(i.lwip_ntohs)
    main                                     0x080057d9   Thumb Code    40  main.o(i.main)
    malloc                                   0x0800580d   Thumb Code    92  malloc.o(i.malloc)
    mem_free                                 0x08005879   Thumb Code    64  mem.o(i.mem_free)
    mem_init                                 0x080058bd   Thumb Code    52  mem.o(i.mem_init)
    mem_malloc                               0x080058f9   Thumb Code   202  mem.o(i.mem_malloc)
    mem_trim                                 0x080059c9   Thumb Code   218  mem.o(i.mem_trim)
    memp_free                                0x08005aa9   Thumb Code    18  memp.o(i.memp_free)
    memp_init                                0x08005ac1   Thumb Code    78  memp.o(i.memp_init)
    memp_malloc                              0x08005b19   Thumb Code    28  memp.o(i.memp_malloc)
    netbuf_data                              0x08005b39   Thumb Code    38  netbuf.o(i.netbuf_data)
    netbuf_delete                            0x08005b5f   Thumb Code    34  netbuf.o(i.netbuf_delete)
    netconn_accept                           0x08005b81   Thumb Code   106  api_lib.o(i.netconn_accept)
    netconn_alloc                            0x08005beb   Thumb Code   118  api_msg.o(i.netconn_alloc)
    netconn_bind                             0x08005c61   Thumb Code    48  api_lib.o(i.netconn_bind)
    netconn_close                            0x08005c95   Thumb Code     6  api_lib.o(i.netconn_close)
    netconn_connect                          0x08005cd1   Thumb Code    48  api_lib.o(i.netconn_connect)
    netconn_delete                           0x08005d05   Thumb Code    32  api_lib.o(i.netconn_delete)
    netconn_free                             0x08005db9   Thumb Code    46  api_msg.o(i.netconn_free)
    netconn_listen_with_backlog              0x08005de9   Thumb Code    42  api_lib.o(i.netconn_listen_with_backlog)
    netconn_new_with_proto_and_callback      0x08005e19   Thumb Code    92  api_lib.o(i.netconn_new_with_proto_and_callback)
    netconn_recv                             0x08005e79   Thumb Code   126  api_lib.o(i.netconn_recv)
    netconn_write_partly                     0x08005fb5   Thumb Code   116  api_lib.o(i.netconn_write_partly)
    netif_add                                0x0800602d   Thumb Code    70  netif.o(i.netif_add)
    netif_init                               0x08006079   Thumb Code     2  netif.o(i.netif_init)
    netif_set_addr                           0x0800607b   Thumb Code    32  netif.o(i.netif_set_addr)
    netif_set_default                        0x0800609d   Thumb Code     6  netif.o(i.netif_set_default)
    netif_set_down                           0x080060a9   Thumb Code    26  netif.o(i.netif_set_down)
    netif_set_gw                             0x080060c3   Thumb Code     8  netif.o(i.netif_set_gw)
    netif_set_ipaddr                         0x080060cd   Thumb Code    96  netif.o(i.netif_set_ipaddr)
    netif_set_link_callback                  0x08006135   Thumb Code     8  netif.o(i.netif_set_link_callback)
    netif_set_link_down                      0x0800613d   Thumb Code    26  netif.o(i.netif_set_link_down)
    netif_set_link_up                        0x08006157   Thumb Code    66  netif.o(i.netif_set_link_up)
    netif_set_netmask                        0x08006199   Thumb Code     8  netif.o(i.netif_set_netmask)
    netif_set_up                             0x080061a1   Thumb Code    32  netif.o(i.netif_set_up)
    pbuf_alloc                               0x0800623d   Thumb Code   276  pbuf.o(i.pbuf_alloc)
    pbuf_cat                                 0x08006351   Thumb Code    40  pbuf.o(i.pbuf_cat)
    pbuf_chain                               0x08006379   Thumb Code    18  pbuf.o(i.pbuf_chain)
    pbuf_clen                                0x0800638b   Thumb Code    18  pbuf.o(i.pbuf_clen)
    pbuf_copy                                0x0800639d   Thumb Code   154  pbuf.o(i.pbuf_copy)
    pbuf_copy_partial                        0x08006437   Thumb Code   104  pbuf.o(i.pbuf_copy_partial)
    pbuf_free                                0x0800649f   Thumb Code    68  pbuf.o(i.pbuf_free)
    pbuf_header                              0x080064e3   Thumb Code    96  pbuf.o(i.pbuf_header)
    pbuf_realloc                             0x08006543   Thumb Code    78  pbuf.o(i.pbuf_realloc)
    pbuf_ref                                 0x08006591   Thumb Code    12  pbuf.o(i.pbuf_ref)
    pvPortMalloc                             0x08006975   Thumb Code   126  heap_4.o(i.pvPortMalloc)
    pxPortInitialiseStack                    0x080069f9   Thumb Code    28  port.o(i.pxPortInitialiseStack)
    raw_bind                                 0x08006a15   Thumb Code    10  raw.o(i.raw_bind)
    raw_connect                              0x08006a1f   Thumb Code    10  raw.o(i.raw_connect)
    raw_input                                0x08006a29   Thumb Code   104  raw.o(i.raw_input)
    raw_new                                  0x08006a9d   Thumb Code    38  raw.o(i.raw_new)
    raw_recv                                 0x08006ac9   Thumb Code     6  raw.o(i.raw_recv)
    raw_remove                               0x08006ad1   Thumb Code    40  raw.o(i.raw_remove)
    sys_arch_mbox_fetch                      0x08006ce1   Thumb Code    80  sys_arch.o(i.sys_arch_mbox_fetch)
    sys_arch_mbox_tryfetch                   0x08006d31   Thumb Code    30  sys_arch.o(i.sys_arch_mbox_tryfetch)
    sys_arch_sem_wait                        0x08006d4f   Thumb Code    66  sys_arch.o(i.sys_arch_sem_wait)
    sys_init                                 0x08006d91   Thumb Code     8  sys_arch.o(i.sys_init)
    sys_mbox_free                            0x08006d9d   Thumb Code    20  sys_arch.o(i.sys_mbox_free)
    sys_mbox_new                             0x08006db1   Thumb Code    28  sys_arch.o(i.sys_mbox_new)
    sys_mbox_post                            0x08006dcd   Thumb Code    26  sys_arch.o(i.sys_mbox_post)
    sys_mbox_set_invalid                     0x08006de7   Thumb Code     6  sys_arch.o(i.sys_mbox_set_invalid)
    sys_mbox_trypost                         0x08006ded   Thumb Code    28  sys_arch.o(i.sys_mbox_trypost)
    sys_mbox_valid                           0x08006e09   Thumb Code    10  sys_arch.o(i.sys_mbox_valid)
    sys_sem_free                             0x08006e13   Thumb Code     6  sys_arch.o(i.sys_sem_free)
    sys_sem_new                              0x08006e19   Thumb Code    58  sys_arch.o(i.sys_sem_new)
    sys_sem_set_invalid                      0x08006e53   Thumb Code     6  sys_arch.o(i.sys_sem_set_invalid)
    sys_sem_signal                           0x08006e59   Thumb Code    12  sys_arch.o(i.sys_sem_signal)
    sys_sem_valid                            0x08006e65   Thumb Code    10  sys_arch.o(i.sys_sem_valid)
    sys_thread_new                           0x08006e71   Thumb Code    58  sys_arch.o(i.sys_thread_new)
    sys_timeout                              0x08006eb1   Thumb Code    88  timers.o(i.sys_timeout)
    sys_timeouts_init                        0x08006f0d   Thumb Code    42  timers.o(i.sys_timeouts_init)
    sys_timeouts_mbox_fetch                  0x08006f45   Thumb Code    96  timers.o(i.sys_timeouts_mbox_fetch)
    sys_untimeout                            0x08006fa9   Thumb Code    68  timers.o(i.sys_untimeout)
    tcp_abandon                              0x08006ff1   Thumb Code   136  tcp.o(i.tcp_abandon)
    tcp_abort                                0x0800707d   Thumb Code     6  tcp.o(i.tcp_abort)
    tcp_accept                               0x08007083   Thumb Code     4  tcp.o(i.tcp_accept)
    tcp_alloc                                0x0800708d   Thumb Code   234  tcp.o(i.tcp_alloc)
    tcp_arg                                  0x08007185   Thumb Code     4  tcp.o(i.tcp_arg)
    tcp_bind                                 0x08007189   Thumb Code   118  tcp.o(i.tcp_bind)
    tcp_close                                0x08007209   Thumb Code    20  tcp.o(i.tcp_close)
    tcp_connect                              0x08007345   Thumb Code   246  tcp.o(i.tcp_connect)
    tcp_eff_send_mss                         0x080074dd   Thumb Code    32  tcp.o(i.tcp_eff_send_mss)
    tcp_enqueue_flags                        0x080074fd   Thumb Code   168  tcp_out.o(i.tcp_enqueue_flags)
    tcp_err                                  0x080075a5   Thumb Code     6  tcp.o(i.tcp_err)
    tcp_fasttmr                              0x080075ad   Thumb Code    88  tcp.o(i.tcp_fasttmr)
    tcp_init                                 0x08007609   Thumb Code     2  tcp.o(i.tcp_init)
    tcp_input                                0x0800760d   Thumb Code   748  tcp_in.o(i.tcp_input)
    tcp_keepalive                            0x08007915   Thumb Code    60  tcp_out.o(i.tcp_keepalive)
    tcp_listen_with_backlog                  0x08007a35   Thumb Code   126  tcp.o(i.tcp_listen_with_backlog)
    tcp_new                                  0x08007abd   Thumb Code     6  tcp.o(i.tcp_new)
    tcp_next_iss                             0x08007b21   Thumb Code    12  tcp.o(i.tcp_next_iss)
    tcp_output                               0x08007b31   Thumb Code   396  tcp_out.o(i.tcp_output)
    tcp_pcb_purge                            0x08007eab   Thumb Code    58  tcp.o(i.tcp_pcb_purge)
    tcp_pcb_remove                           0x08007ee5   Thumb Code    84  tcp.o(i.tcp_pcb_remove)
    tcp_poll                                 0x08007f3d   Thumb Code     8  tcp.o(i.tcp_poll)
    tcp_process_refused_data                 0x08008289   Thumb Code   100  tcp.o(i.tcp_process_refused_data)
    tcp_recv                                 0x08008701   Thumb Code     4  tcp.o(i.tcp_recv)
    tcp_recv_null                            0x08008705   Thumb Code    36  tcp.o(i.tcp_recv_null)
    tcp_recved                               0x08008729   Thumb Code    56  tcp.o(i.tcp_recved)
    tcp_rexmit                               0x08008761   Thumb Code    80  tcp_out.o(i.tcp_rexmit)
    tcp_rexmit_fast                          0x080087b1   Thumb Code    88  tcp_out.o(i.tcp_rexmit_fast)
    tcp_rexmit_rto                           0x08008809   Thumb Code    46  tcp_out.o(i.tcp_rexmit_rto)
    tcp_rst                                  0x08008837   Thumb Code   118  tcp_out.o(i.tcp_rst)
    tcp_seg_free                             0x080088ad   Thumb Code    28  tcp.o(i.tcp_seg_free)
    tcp_segs_free                            0x080088c9   Thumb Code    18  tcp.o(i.tcp_segs_free)
    tcp_send_empty_ack                       0x080088db   Thumb Code    72  tcp_out.o(i.tcp_send_empty_ack)
    tcp_send_fin                             0x08008923   Thumb Code    70  tcp_out.o(i.tcp_send_fin)
    tcp_sent                                 0x08008969   Thumb Code     4  tcp.o(i.tcp_sent)
    tcp_shutdown                             0x0800896d   Thumb Code    78  tcp.o(i.tcp_shutdown)
    tcp_slowtmr                              0x080089bd   Thumb Code   594  tcp.o(i.tcp_slowtmr)
    tcp_timer_needed                         0x08008c21   Thumb Code    36  timers.o(i.tcp_timer_needed)
    tcp_tmr                                  0x08008cc1   Thumb Code    28  tcp.o(i.tcp_tmr)
    tcp_update_rcv_ann_wnd                   0x08008ce1   Thumb Code    52  tcp.o(i.tcp_update_rcv_ann_wnd)
    tcp_write                                0x08008d15   Thumb Code   756  tcp_out.o(i.tcp_write)
    tcp_zero_window_probe                    0x08009009   Thumb Code   146  tcp_out.o(i.tcp_zero_window_probe)
    tcpclient_init                           0x0800909d   Thumb Code    22  tcp_server.o(i.tcpclient_init)
    tcpip_apimsg                             0x080091e5   Thumb Code    58  tcpip.o(i.tcpip_apimsg)
    tcpip_init                               0x08009225   Thumb Code    44  tcpip.o(i.tcpip_init)
    tcpip_input                              0x08009261   Thumb Code    70  tcpip.o(i.tcpip_input)
    udp_bind                                 0x08009365   Thumb Code   148  udp.o(i.udp_bind)
    udp_connect                              0x080093fd   Thumb Code    70  udp.o(i.udp_connect)
    udp_init                                 0x08009449   Thumb Code     2  udp.o(i.udp_init)
    udp_input                                0x0800944d   Thumb Code   350  udp.o(i.udp_input)
    udp_new                                  0x080095b9   Thumb Code    26  udp.o(i.udp_new)
    udp_recv                                 0x080095d3   Thumb Code     6  udp.o(i.udp_recv)
    udp_remove                               0x080095d9   Thumb Code    40  udp.o(i.udp_remove)
    udp_sendto_if                            0x08009605   Thumb Code   182  udp.o(i.udp_sendto_if)
    uxListRemove                             0x080096bb   Thumb Code    38  list.o(i.uxListRemove)
    uxQueueMessagesWaiting                   0x080096e1   Thumb Code    26  queue.o(i.uxQueueMessagesWaiting)
    vListInitialise                          0x080096fb   Thumb Code    22  list.o(i.vListInitialise)
    vListInitialiseItem                      0x08009711   Thumb Code     6  list.o(i.vListInitialiseItem)
    vListInsert                              0x08009717   Thumb Code    48  list.o(i.vListInsert)
    vListInsertEnd                           0x08009747   Thumb Code    28  list.o(i.vListInsertEnd)
    vPortEnterCritical                       0x08009765   Thumb Code    16  port.o(i.vPortEnterCritical)
    vPortExitCritical                        0x08009779   Thumb Code    16  port.o(i.vPortExitCritical)
    vPortFree                                0x0800978d   Thumb Code    40  heap_4.o(i.vPortFree)
    vPortSetupTimerInterrupt                 0x080097b9   Thumb Code    26  port.o(i.vPortSetupTimerInterrupt)
    vPortYieldFromISR                        0x080097d9   Thumb Code    10  port.o(i.vPortYieldFromISR)
    vQueueDelete                             0x080097e9   Thumb Code    56  queue.o(i.vQueueDelete)
    vTaskDelay                               0x08009825   Thumb Code    48  tasks.o(i.vTaskDelay)
    vTaskDelete                              0x08009859   Thumb Code    90  tasks.o(i.vTaskDelete)
    vTaskIncrementTick                       0x080098bd   Thumb Code   162  tasks.o(i.vTaskIncrementTick)
    vTaskList                                0x08009969   Thumb Code   114  tasks.o(i.vTaskList)
    vTaskMissedYield                         0x080099ed   Thumb Code     8  tasks.o(i.vTaskMissedYield)
    vTaskPlaceOnEventList                    0x080099f9   Thumb Code    42  tasks.o(i.vTaskPlaceOnEventList)
    vTaskPriorityDisinherit                  0x08009a29   Thumb Code    64  tasks.o(i.vTaskPriorityDisinherit)
    vTaskPriorityInherit                     0x08009a71   Thumb Code    92  tasks.o(i.vTaskPriorityInherit)
    vTaskSetTimeOutState                     0x08009ad5   Thumb Code    22  tasks.o(i.vTaskSetTimeOutState)
    vTaskStartScheduler                      0x08009af1   Thumb Code    60  tasks.o(i.vTaskStartScheduler)
    vTaskSuspendAll                          0x08009b3d   Thumb Code    10  tasks.o(i.vTaskSuspendAll)
    vTaskSwitchContext                       0x08009b4d   Thumb Code    78  tasks.o(i.vTaskSwitchContext)
    xPortStartScheduler                      0x08009ba5   Thumb Code    38  port.o(i.xPortStartScheduler)
    xPortSysTickHandler                      0x08009bd5   Thumb Code    28  port.o(i.xPortSysTickHandler)
    xQueueGenericCreate                      0x08009bf5   Thumb Code    70  queue.o(i.xQueueGenericCreate)
    xQueueGenericReceive                     0x08009c3b   Thumb Code   296  queue.o(i.xQueueGenericReceive)
    xQueueGenericReset                       0x08009d63   Thumb Code    96  queue.o(i.xQueueGenericReset)
    xQueueGenericSend                        0x08009dc3   Thumb Code   242  queue.o(i.xQueueGenericSend)
    xQueueGenericSendFromISR                 0x08009eb5   Thumb Code   116  queue.o(i.xQueueGenericSendFromISR)
    xTaskCheckForTimeOut                     0x08009f29   Thumb Code    84  tasks.o(i.xTaskCheckForTimeOut)
    xTaskGenericCreate                       0x08009f81   Thumb Code   376  tasks.o(i.xTaskGenericCreate)
    xTaskGetCurrentTaskHandle                0x0800a105   Thumb Code     6  tasks.o(i.xTaskGetCurrentTaskHandle)
    xTaskGetTickCount                        0x0800a111   Thumb Code    18  tasks.o(i.xTaskGetTickCount)
    xTaskRemoveFromEventList                 0x0800a129   Thumb Code    86  tasks.o(i.xTaskRemoveFromEventList)
    xTaskResumeAll                           0x0800a18d   Thumb Code   170  tasks.o(i.xTaskResumeAll)
    file__STM32F4x7_files_logo_jpg           0x08014b50   Data          20  fs.o(.constdata)
    file__STM32F4x7_files_ST_gif             0x08014b64   Data          20  fs.o(.constdata)
    file__STM32F4x7_files_stm32_jpg          0x08014b78   Data          20  fs.o(.constdata)
    file__404_html                           0x08014b8c   Data          20  fs.o(.constdata)
    file__STM32F4x7_html                     0x08014ba0   Data          20  fs.o(.constdata)
    tcp_persist_backoff                      0x08015220   Data           7  tcp.o(.constdata)
    tcp_state_str                            0x08015228   Data          44  tcp.o(.constdata)
    tcp_backoff                              0x08015254   Data          13  tcp.o(.constdata)
    tcp_pcb_lists                            0x08015264   Data          16  tcp.o(.constdata)
    ip_addr_any                              0x08015274   Data           4  ip_addr.o(.constdata)
    ip_addr_broadcast                        0x08015278   Data           4  ip_addr.o(.constdata)
    ethbroadcast                             0x0801527c   Data           6  etharp.o(.constdata)
    ethzero                                  0x08015282   Data           6  etharp.o(.constdata)
    COM_TX_PIN                               0x08015288   Data           2  stm324x7i_eval.o(.constdata)
    COM_RX_PIN                               0x0801528a   Data           2  stm324x7i_eval.o(.constdata)
    COM_TX_PIN_SOURCE                        0x0801528c   Data           2  stm324x7i_eval.o(.constdata)
    COM_RX_PIN_SOURCE                        0x0801528e   Data           2  stm324x7i_eval.o(.constdata)
    COM_TX_AF                                0x08015290   Data           2  stm324x7i_eval.o(.constdata)
    COM_RX_AF                                0x08015292   Data           2  stm324x7i_eval.o(.constdata)
    COM_USART_CLK                            0x08015294   Data           4  stm324x7i_eval.o(.constdata)
    COM_TX_PORT_CLK                          0x08015298   Data           4  stm324x7i_eval.o(.constdata)
    COM_RX_PORT_CLK                          0x0801529c   Data           4  stm324x7i_eval.o(.constdata)
    GPIO_PIN                                 0x080152a0   Data           8  stm324x7i_eval.o(.constdata)
    GPIO_CLK                                 0x080152a8   Data          16  stm324x7i_eval.o(.constdata)
    ASCII16x24_Table                         0x080152b8   Data        4560  stm324x7i_eval_lcd.o(.constdata)
    Region$$Table$$Base                      0x080164f0   Number         0  anon$$obj.o(Region$$Table)
    Region$$Table$$Limit                     0x08016510   Number         0  anon$$obj.o(Region$$Table)
    SystemCoreClock                          0x20000000   Data           4  system_stm32f4xx.o(.data)
    AHBPrescTable                            0x20000004   Data          16  system_stm32f4xx.o(.data)
    DHCP_state                               0x20000014   Data           1  netconf.o(.data)
    EthStatus                                0x20000018   Data           4  stm32f4x7_eth_bsp.o(.data)
    ETH_link_xSemaphore                      0x2000001c   Data           4  stm32f4x7_eth_bsp.o(.data)
    nPageHits                                0x20000020   Data           4  httpserver-netconn.o(.data)
    CkSta                                    0x20000224   Data           2  tcp_server.o(.data)
    NomiNum                                  0x20000230   Data           3  tcp_server.o(.data)
    Bno                                      0x20000233   Data           3  tcp_server.o(.data)
    DealTime                                 0x20000236   Data           3  tcp_server.o(.data)
    DevArae                                  0x20000239   Data           3  tcp_server.o(.data)
    Tid                                      0x2000023c   Data           4  tcp_server.o(.data)
    DealData                                 0x20000240   Data           4  tcp_server.o(.data)
    DevSite                                  0x20000244   Data           4  tcp_server.o(.data)
    xQueue                                   0x2000024c   Data           4  tcp_server.o(.data)
    Brw                                      0x20000250   Data           7  tcp_server.o(.data)
    AppVer                                   0x20000257   Data           8  tcp_server.o(.data)
    ParaFileVer                              0x2000025f   Data           8  tcp_server.o(.data)
    BusiDatFileVer                           0x20000267   Data           8  tcp_server.o(.data)
    pcket_struct                             0x2000026f   Data           8  tcp_server.o(.data)
    netif_list                               0x2000029c   Data           4  netif.o(.data)
    netif_default                            0x200002a0   Data           4  netif.o(.data)
    tcp_active_pcbs_changed                  0x200002a8   Data           1  tcp.o(.data)
    tcp_ticks                                0x200002b4   Data           4  tcp.o(.data)
    tcp_bound_pcbs                           0x200002b8   Data           4  tcp.o(.data)
    tcp_listen_pcbs                          0x200002bc   Data           4  tcp.o(.data)
    tcp_active_pcbs                          0x200002c0   Data           4  tcp.o(.data)
    tcp_tw_pcbs                              0x200002c4   Data           4  tcp.o(.data)
    tcp_tmp_pcb                              0x200002c8   Data           4  tcp.o(.data)
    tcp_input_pcb                            0x200002e4   Data           4  tcp_in.o(.data)
    udp_pcbs                                 0x200002ec   Data           4  udp.o(.data)
    current_netif                            0x200002f4   Data           4  ip.o(.data)
    current_header                           0x200002f8   Data           4  ip.o(.data)
    current_iphdr_src                        0x200002fc   Data           4  ip.o(.data)
    current_iphdr_dest                       0x20000300   Data           4  ip.o(.data)
    s_xSemaphore                             0x2000030c   Data           4  ethernetif.o(.data)
    DMATxDescToSet                           0x20000330   Data           4  stm32f4x7_eth.o(.data)
    DMARxDescToGet                           0x20000334   Data           4  stm32f4x7_eth.o(.data)
    DMA_RX_FRAME_infos                       0x20000338   Data           4  stm32f4x7_eth.o(.data)
    COM_USART                                0x2000033c   Data           4  stm324x7i_eval.o(.data)
    COM_TX_PORT                              0x20000340   Data           4  stm324x7i_eval.o(.data)
    COM_RX_PORT                              0x20000344   Data           4  stm324x7i_eval.o(.data)
    NVIC_InitStructure                       0x20000348   Data           4  stm324x7i_eval.o(.data)
    GPIO_PORT                                0x2000034c   Data          16  stm324x7i_eval.o(.data)
    lcdid                                    0x20000368   Data           4  stm324x7i_eval_lcd.o(.data)
    Font16x24                                0x20000370   Data           8  stm324x7i_eval_lcd.o(.data)
    pxCurrentTCB                             0x2000038c   Data           4  tasks.o(.data)
    __stdout                                 0x200003c8   Data           4  stdout.o(.data)
    __microlib_freelist                      0x200003cc   Data           4  mvars.o(.data)
    __microlib_freelist_initialised          0x200003d0   Data           4  mvars.o(.data)
    xnetif                                   0x200005d4   Data          56  netconf.o(.bss)
    ETH_InitStructure                        0x2000060c   Data         188  stm32f4x7_eth_bsp.o(.bss)
    fs_memory                                0x200006c8   Data         240  fs.o(.bss)
    tcp_client_recvbuf                       0x200007b8   Data         512  tcp_server.o(.bss)
    sigin_req                                0x200009b8   Data         284  tcp_server.o(.bss)
    meal_union                               0x20000ad4   Data         188  tcp_server.o(.bss)
    dhcp_rx_options_val                      0x20000b90   Data          40  dhcp.o(.bss)
    dhcp_rx_options_given                    0x20000bb8   Data          10  dhcp.o(.bss)
    ram_heap                                 0x20000bc2   Data        5140  mem.o(.bss)
    DMARxDscrTab                             0x20004bac   Data         128  stm32f4x7_eth.o(.bss)
    DMATxDscrTab                             0x20004c2c   Data         128  stm32f4x7_eth.o(.bss)
    Rx_Buff                                  0x20004cac   Data        6096  stm32f4x7_eth.o(.bss)
    Tx_Buff                                  0x2000647c   Data        6096  stm32f4x7_eth.o(.bss)
    RX_Frame_Descriptor                      0x20007c4c   Data          12  stm32f4x7_eth.o(.bss)
    xQueueRegistry                           0x2000f5c8   Data          64  queue.o(.bss)
    __heap_base                              0x2000f608   Data           0  startup_stm32f427x.o(HEAP)
    __heap_limit                             0x2000f808   Data           0  startup_stm32f427x.o(HEAP)
    __initial_sp                             0x2000fc08   Data           0  startup_stm32f427x.o(STACK)



==============================================================================

Memory Map of the image

  Image Entry point : 0x0800019d

  Load Region LR_IROM1 (Base: 0x08000000, Size: 0x000168e4, Max: 0x00200000, ABSOLUTE, COMPRESSED[0x0001677c])

    Execution Region ER_IROM1 (Base: 0x08000000, Size: 0x00016510, Max: 0x00200000, ABSOLUTE)

    Base Addr    Size         Type   Attr      Idx    E Section Name        Object

    0x08000000   0x0000019c   Data   RO          143    RESET               startup_stm32f427x.o
    0x0800019c   0x00000000   Code   RO         6209  * .ARM.Collect$$$$00000000  mc_w.l(entry.o)
    0x0800019c   0x00000004   Code   RO         6527    .ARM.Collect$$$$00000001  mc_w.l(entry2.o)
    0x080001a0   0x00000004   Code   RO         6530    .ARM.Collect$$$$00000004  mc_w.l(entry5.o)
    0x080001a4   0x00000000   Code   RO         6532    .ARM.Collect$$$$00000008  mc_w.l(entry7b.o)
    0x080001a4   0x00000000   Code   RO         6534    .ARM.Collect$$$$0000000A  mc_w.l(entry8b.o)
    0x080001a4   0x00000008   Code   RO         6535    .ARM.Collect$$$$0000000B  mc_w.l(entry9a.o)
    0x080001ac   0x00000000   Code   RO         6537    .ARM.Collect$$$$0000000D  mc_w.l(entry10a.o)
    0x080001ac   0x00000000   Code   RO         6539    .ARM.Collect$$$$0000000F  mc_w.l(entry11a.o)
    0x080001ac   0x00000004   Code   RO         6528    .ARM.Collect$$$$00002712  mc_w.l(entry2.o)
    0x080001b0   0x00000084   Code   RO         5696    .emb_text           port.o
    0x08000234   0x00000024   Code   RO          144    .text               startup_stm32f427x.o
    0x08000258   0x00000024   Code   RO         6212    .text               mc_w.l(memcpya.o)
    0x0800027c   0x00000024   Code   RO         6214    .text               mc_w.l(memseta.o)
    0x080002a0   0x00000018   Code   RO         6216    .text               mc_w.l(strcat.o)
    0x080002b8   0x00000018   Code   RO         6218    .text               mc_w.l(strncpy.o)
    0x080002d0   0x0000000e   Code   RO         6220    .text               mc_w.l(strlen.o)
    0x080002de   0x0000001c   Code   RO         6222    .text               mc_w.l(strcmp.o)
    0x080002fa   0x0000001a   Code   RO         6224    .text               mc_w.l(memcmp.o)
    0x08000314   0x0000001e   Code   RO         6226    .text               mc_w.l(strncmp.o)
    0x08000332   0x00000062   Code   RO         6544    .text               mc_w.l(uldiv.o)
    0x08000394   0x00000024   Code   RO         6559    .text               mc_w.l(init.o)
    0x080003b8   0x0000001e   Code   RO         6561    .text               mc_w.l(llshl.o)
    0x080003d6   0x00000020   Code   RO         6563    .text               mc_w.l(llushr.o)
    0x080003f6   0x0000005c   Code   RO         6575    .text               mc_w.l(__dczerorl2.o)
    0x08000452   0x00000002   Code   RO          496    i.BusFault_Handler  stm32f4xx_it.o
    0x08000454   0x0000002a   Code   RO          675    i.DebugComPort_Init  serial_debug.o
    0x0800047e   0x00000002   Code   RO          497    i.DebugMon_Handler  stm32f4xx_it.o
    0x08000480   0x00000004   Code   RO          150    i.Delay             main.o
    0x08000484   0x0000017c   Code   RO          626    i.DynWebPage        httpserver-netconn.o
    0x08000600   0x000000f0   Code   RO          429    i.ETH_BSP_Config    stm32f4x7_eth_bsp.o
    0x080006f0   0x0000000c   Code   RO         4775    i.ETH_DMAClearITPendingBit  stm32f4x7_eth.o
    0x080006fc   0x00000018   Code   RO         4776    i.ETH_DMAITConfig   stm32f4x7_eth.o
    0x08000714   0x0000001c   Code   RO         4777    i.ETH_DMAReceptionCmd  stm32f4x7_eth.o
    0x08000730   0x00000058   Code   RO         4778    i.ETH_DMARxDescChainInit  stm32f4x7_eth.o
    0x08000788   0x00000012   Code   RO         4779    i.ETH_DMARxDescReceiveITConfig  stm32f4x7_eth.o
    0x0800079a   0x00000002   PAD
    0x0800079c   0x0000001c   Code   RO         4780    i.ETH_DMATransmissionCmd  stm32f4x7_eth.o
    0x080007b8   0x00000048   Code   RO         4783    i.ETH_DMATxDescChainInit  stm32f4x7_eth.o
    0x08000800   0x00000008   Code   RO         4784    i.ETH_DMATxDescChecksumInsertionConfig  stm32f4x7_eth.o
    0x08000808   0x00000018   Code   RO         4789    i.ETH_DeInit        stm32f4x7_eth.o
    0x08000820   0x00000020   Code   RO         4791    i.ETH_FlushTransmitFIFO  stm32f4x7_eth.o
    0x08000840   0x000000d0   Code   RO          430    i.ETH_GPIO_Config   stm32f4x7_eth_bsp.o
    0x08000910   0x00000014   Code   RO         4797    i.ETH_GetDMAFlagStatus  stm32f4x7_eth.o
    0x08000924   0x00000014   Code   RO         4817    i.ETH_GetSoftwareResetStatus  stm32f4x7_eth.o
    0x08000938   0x00000090   Code   RO         4820    i.ETH_Get_Received_Frame_interrupt  stm32f4x7_eth.o
    0x080009c8   0x0000003c   Code   RO          498    i.ETH_IRQHandler    stm32f4xx_it.o
    0x08000a04   0x000002a0   Code   RO         4822    i.ETH_Init          stm32f4x7_eth.o
    0x08000ca4   0x0000001c   Code   RO         4824    i.ETH_MACAddressConfig  stm32f4x7_eth.o
    0x08000cc0   0x00000090   Code   RO          431    i.ETH_MACDMA_Config  stm32f4x7_eth_bsp.o
    0x08000d50   0x00000030   Code   RO         4829    i.ETH_MACReceptionCmd  stm32f4x7_eth.o
    0x08000d80   0x00000030   Code   RO         4830    i.ETH_MACTransmissionCmd  stm32f4x7_eth.o
    0x08000db0   0x000000ac   Code   RO         4841    i.ETH_Prepare_Transmit_Descriptors  stm32f4x7_eth.o
    0x08000e5c   0x00000058   Code   RO         4842    i.ETH_ReadPHYRegister  stm32f4x7_eth.o
    0x08000eb4   0x00000010   Code   RO         4850    i.ETH_SoftwareReset  stm32f4x7_eth.o
    0x08000ec4   0x00000022   Code   RO         4851    i.ETH_Start         stm32f4x7_eth.o
    0x08000ee6   0x00000022   Code   RO         4852    i.ETH_Stop          stm32f4x7_eth.o
    0x08000f08   0x00000088   Code   RO         4853    i.ETH_StructInit    stm32f4x7_eth.o
    0x08000f90   0x00000054   Code   RO         4855    i.ETH_WritePHYRegister  stm32f4x7_eth.o
    0x08000fe4   0x000001d8   Code   RO          432    i.ETH_link_callback  stm32f4x7_eth_bsp.o
    0x080011bc   0x00000038   Code   RO          499    i.EXTI15_10_IRQHandler  stm32f4xx_it.o
    0x080011f4   0x0000000c   Code   RO         3525    i.EXTI_ClearITPendingBit  stm32f4xx_exti.o
    0x08001200   0x00000020   Code   RO         3529    i.EXTI_GetITStatus  stm32f4xx_exti.o
    0x08001220   0x00000070   Code   RO         3530    i.EXTI_Init         stm32f4xx_exti.o
    0x08001290   0x0000006c   Code   RO          433    i.Eth_Link_EXTIConfig  stm32f4x7_eth_bsp.o
    0x080012fc   0x00000044   Code   RO          434    i.Eth_Link_IT_task  stm32f4x7_eth_bsp.o
    0x08001340   0x00000036   Code   RO          435    i.Eth_Link_PHYITConfig  stm32f4x7_eth_bsp.o
    0x08001376   0x00000002   PAD
    0x08001378   0x00000020   Code   RO         3803    i.FSMC_NORSRAMCmd   stm32f4xx_fsmc.o
    0x08001398   0x000000c0   Code   RO         3805    i.FSMC_NORSRAMInit  stm32f4xx_fsmc.o
    0x08001458   0x00000078   Code   RO         3921    i.GPIO_Init         stm32f4xx_gpio.o
    0x080014d0   0x00000020   Code   RO         3922    i.GPIO_PinAFConfig  stm32f4xx_gpio.o
    0x080014f0   0x0000000e   Code   RO         3925    i.GPIO_ReadInputDataBit  stm32f4xx_gpio.o
    0x080014fe   0x00000002   Code   RO          500    i.HardFault_Handler  stm32f4xx_it.o
    0x08001500   0x00000084   Code   RO         5296    i.JOYState_GPIO_Init  stm324x7i_eval.o
    0x08001584   0x00000054   Code   RO          151    i.KeyScan4          main.o
    0x080015d8   0x0000002c   Code   RO         5406    i.LCD_Clear         stm324x7i_eval_lcd.o
    0x08001604   0x00000030   Code   RO         5407    i.LCD_ClearLine     stm324x7i_eval_lcd.o
    0x08001634   0x0000014c   Code   RO         5410    i.LCD_CtrlLinesConfig  stm324x7i_eval_lcd.o
    0x08001780   0x00000020   Code   RO         5412    i.LCD_DisplayChar   stm324x7i_eval_lcd.o
    0x080017a0   0x00000038   Code   RO         5415    i.LCD_DisplayStringLine  stm324x7i_eval_lcd.o
    0x080017d8   0x00000080   Code   RO         5416    i.LCD_DrawChar      stm324x7i_eval_lcd.o
    0x08001858   0x0000004e   Code   RO         5424    i.LCD_FSMCConfig    stm324x7i_eval_lcd.o
    0x080018a6   0x00000002   PAD
    0x080018a8   0x0000000c   Code   RO         5427    i.LCD_GetFont       stm324x7i_eval_lcd.o
    0x080018b4   0x000000d4   Code   RO          152    i.LCD_LED_Init      main.o
    0x08001988   0x00000010   Code   RO         5433    i.LCD_ReadReg       stm324x7i_eval_lcd.o
    0x08001998   0x00000010   Code   RO         5434    i.LCD_SetBackColor  stm324x7i_eval_lcd.o
    0x080019a8   0x00000040   Code   RO         5436    i.LCD_SetCursor     stm324x7i_eval_lcd.o
    0x080019e8   0x00000010   Code   RO         5439    i.LCD_SetTextColor  stm324x7i_eval_lcd.o
    0x080019f8   0x00000010   Code   RO         5444    i.LCD_WriteReg      stm324x7i_eval_lcd.o
    0x08001a08   0x000002a4   Code   RO          351    i.LwIP_DHCP_task    netconf.o
    0x08001cac   0x000000e4   Code   RO          352    i.LwIP_Init         netconf.o
    0x08001d90   0x0000008c   Code   RO          153    i.Main_task         main.o
    0x08001e1c   0x00000002   Code   RO          501    i.MemManage_Handler  stm32f4xx_it.o
    0x08001e1e   0x00000002   Code   RO          502    i.NMI_Handler       stm32f4xx_it.o
    0x08001e20   0x00000064   Code   RO         3110    i.NVIC_Init         misc.o
    0x08001e84   0x00000014   Code   RO         3111    i.NVIC_PriorityGroupConfig  misc.o
    0x08001e98   0x00000018   Code   RO         4018    i.RCC_AHB1PeriphClockCmd  stm32f4xx_rcc.o
    0x08001eb0   0x00000018   Code   RO         4020    i.RCC_AHB1PeriphResetCmd  stm32f4xx_rcc.o
    0x08001ec8   0x00000018   Code   RO         4024    i.RCC_AHB3PeriphClockCmd  stm32f4xx_rcc.o
    0x08001ee0   0x00000018   Code   RO         4027    i.RCC_APB1PeriphClockCmd  stm32f4xx_rcc.o
    0x08001ef8   0x00000018   Code   RO         4030    i.RCC_APB2PeriphClockCmd  stm32f4xx_rcc.o
    0x08001f10   0x00000090   Code   RO         4039    i.RCC_GetClocksFreq  stm32f4xx_rcc.o
    0x08001fa0   0x00000014   Code   RO         4050    i.RCC_MCO1Config    stm32f4xx_rcc.o
    0x08001fb4   0x00000080   Code   RO         5297    i.Read_JOYState     stm324x7i_eval.o
    0x08002034   0x000004a4   Code   RO         5448    i.STM324xG_LCD_Init  stm324x7i_eval_lcd.o
    0x080024d8   0x000000c0   Code   RO         5302    i.STM_EVAL_COMInit  stm324x7i_eval.o
    0x08002598   0x00000048   Code   RO         5303    i.STM_EVAL_LEDInit  stm324x7i_eval.o
    0x080025e0   0x00000018   Code   RO         5305    i.STM_EVAL_LEDOn    stm324x7i_eval.o
    0x080025f8   0x0000001c   Code   RO         5306    i.STM_EVAL_LEDToggle  stm324x7i_eval.o
    0x08002614   0x0000000c   Code   RO         4500    i.SYSCFG_ETH_MediaInterfaceConfig  stm32f4xx_syscfg.o
    0x08002620   0x00000028   Code   RO         4501    i.SYSCFG_EXTILineConfig  stm32f4xx_syscfg.o
    0x08002648   0x000000cc   Code   RO            3    i.SetSysClock       system_stm32f4xx.o
    0x08002714   0x00000004   Code   RO          503    i.SysTick_Handler   stm32f4xx_it.o
    0x08002718   0x0000005c   Code   RO            5    i.SystemInit        system_stm32f4xx.o
    0x08002774   0x00000028   Code   RO          154    i.ToggleLed4        main.o
    0x0800279c   0x00000014   Code   RO         2926    i.USART_Cmd         stm32f4xx_usart.o
    0x080027b0   0x0000000e   Code   RO         2929    i.USART_GetFlagStatus  stm32f4xx_usart.o
    0x080027be   0x00000002   PAD
    0x080027c0   0x000000b8   Code   RO         2933    i.USART_Init        stm32f4xx_usart.o
    0x08002878   0x00000008   Code   RO         2943    i.USART_SendData    stm32f4xx_usart.o
    0x08002880   0x00000002   Code   RO          504    i.UsageFault_Handler  stm32f4xx_it.o
    0x08002882   0x00000002   PAD
    0x08002884   0x00000020   Code   RO         6437    i.__0printf$8       mc_w.l(printf8.o)
    0x080028a4   0x00000028   Code   RO         6439    i.__0sprintf$8      mc_w.l(printf8.o)
    0x080028cc   0x0000000e   Code   RO         6569    i.__scatterload_copy  mc_w.l(handlers.o)
    0x080028da   0x00000002   Code   RO         6570    i.__scatterload_null  mc_w.l(handlers.o)
    0x080028dc   0x0000000e   Code   RO         6571    i.__scatterload_zeroinit  mc_w.l(handlers.o)
    0x080028ea   0x00000002   PAD
    0x080028ec   0x00000408   Code   RO         6444    i._printf_core      mc_w.l(printf8.o)
    0x08002cf4   0x00000026   Code   RO         6445    i._printf_post_padding  mc_w.l(printf8.o)
    0x08002d1a   0x00000030   Code   RO         6446    i._printf_pre_padding  mc_w.l(printf8.o)
    0x08002d4a   0x0000000a   Code   RO         6448    i._sputc            mc_w.l(printf8.o)
    0x08002d54   0x0000009e   Code   RO          975    i.accept_function   api_msg.o
    0x08002df2   0x00000002   PAD
    0x08002df4   0x0000001c   Code   RO         2634    i.arp_timer         ethernetif.o
    0x08002e10   0x0000001c   Code   RO         2809    i.arp_timer         timers.o
    0x08002e2c   0x00000028   Code   RO          717    i.crc_ccitt         crc_16.o
    0x08002e54   0x000000bc   Code   RO          738    i.decode_host_data  tcp_server.o
    0x08002f10   0x00000228   Code   RO          739    i.decode_signin_data  tcp_server.o
    0x08003138   0x0000001c   Code   RO         5449    i.delay             stm324x7i_eval_lcd.o
    0x08003154   0x0000001c   Code   RO         5450    i.delay_ms          stm324x7i_eval_lcd.o
    0x08003170   0x0000001e   Code   RO         1329    i.dhcp_arp_reply    dhcp.o
    0x0800318e   0x000000c4   Code   RO         1330    i.dhcp_bind         dhcp.o
    0x08003252   0x00000026   Code   RO         1331    i.dhcp_check        dhcp.o
    0x08003278   0x00000060   Code   RO         1333    i.dhcp_coarse_tmr   dhcp.o
    0x080032d8   0x00000120   Code   RO         1334    i.dhcp_create_msg   dhcp.o
    0x080033f8   0x0000006c   Code   RO         1335    i.dhcp_decline      dhcp.o
    0x08003464   0x00000016   Code   RO         1336    i.dhcp_delete_msg   dhcp.o
    0x0800347a   0x00000002   PAD
    0x0800347c   0x000000bc   Code   RO         1337    i.dhcp_discover     dhcp.o
    0x08003538   0x00000034   Code   RO         1338    i.dhcp_fine_tmr     dhcp.o
    0x0800356c   0x0000005c   Code   RO         1339    i.dhcp_handle_ack   dhcp.o
    0x080035c8   0x00000042   Code   RO         1341    i.dhcp_network_changed  dhcp.o
    0x0800360a   0x00000020   Code   RO         1342    i.dhcp_option       dhcp.o
    0x0800362a   0x00000010   Code   RO         1343    i.dhcp_option_byte  dhcp.o
    0x0800363a   0x00000042   Code   RO         1344    i.dhcp_option_long  dhcp.o
    0x0800367c   0x00000022   Code   RO         1345    i.dhcp_option_short  dhcp.o
    0x0800369e   0x0000002c   Code   RO         1346    i.dhcp_option_trailer  dhcp.o
    0x080036ca   0x00000002   PAD
    0x080036cc   0x00000208   Code   RO         1347    i.dhcp_parse_reply  dhcp.o
    0x080038d4   0x00000084   Code   RO         1348    i.dhcp_rebind       dhcp.o
    0x08003958   0x000000a0   Code   RO         1349    i.dhcp_reboot       dhcp.o
    0x080039f8   0x00000114   Code   RO         1350    i.dhcp_recv         dhcp.o
    0x08003b0c   0x000000a4   Code   RO         1351    i.dhcp_release      dhcp.o
    0x08003bb0   0x00000082   Code   RO         1352    i.dhcp_renew        dhcp.o
    0x08003c32   0x00000002   PAD
    0x08003c34   0x000000e8   Code   RO         1353    i.dhcp_select       dhcp.o
    0x08003d1c   0x00000010   Code   RO         1354    i.dhcp_set_state    dhcp.o
    0x08003d2c   0x000000a4   Code   RO         1356    i.dhcp_start        dhcp.o
    0x08003dd0   0x00000030   Code   RO         1357    i.dhcp_stop         dhcp.o
    0x08003e00   0x00000088   Code   RO         1358    i.dhcp_timeout      dhcp.o
    0x08003e88   0x0000001c   Code   RO         2810    i.dhcp_timer_coarse  timers.o
    0x08003ea4   0x0000001c   Code   RO         2811    i.dhcp_timer_fine   timers.o
    0x08003ec0   0x00000052   Code   RO          976    i.do_bind           api_msg.o
    0x08003f12   0x00000054   Code   RO          977    i.do_close          api_msg.o
    0x08003f66   0x00000002   PAD
    0x08003f68   0x000000f0   Code   RO          978    i.do_close_internal  api_msg.o
    0x08004058   0x00000094   Code   RO          979    i.do_connect        api_msg.o
    0x080040ec   0x00000060   Code   RO          980    i.do_connected      api_msg.o
    0x0800414c   0x00000096   Code   RO          981    i.do_delconn        api_msg.o
    0x080041e2   0x00000002   PAD
    0x080041e4   0x000000b0   Code   RO          984    i.do_listen         api_msg.o
    0x08004294   0x00000020   Code   RO          985    i.do_newconn        api_msg.o
    0x080042b4   0x00000044   Code   RO          986    i.do_recv           api_msg.o
    0x080042f8   0x00000042   Code   RO          988    i.do_write          api_msg.o
    0x0800433a   0x00000104   Code   RO          989    i.do_writemore      api_msg.o
    0x0800443e   0x0000008e   Code   RO          990    i.err_tcp           api_msg.o
    0x080044cc   0x000000d2   Code   RO         2541    i.etharp_arp_input  etharp.o
    0x0800459e   0x00000002   PAD
    0x080045a0   0x00000030   Code   RO         2542    i.etharp_cleanup_netif  etharp.o
    0x080045d0   0x000000f0   Code   RO         2544    i.etharp_find_entry  etharp.o
    0x080046c0   0x0000003c   Code   RO         2545    i.etharp_free_entry  etharp.o
    0x080046fc   0x00000100   Code   RO         2546    i.etharp_output     etharp.o
    0x080047fc   0x00000044   Code   RO         2547    i.etharp_output_to_arp_index  etharp.o
    0x08004840   0x000000f0   Code   RO         2548    i.etharp_query      etharp.o
    0x08004930   0x000000a0   Code   RO         2549    i.etharp_raw        etharp.o
    0x080049d0   0x00000024   Code   RO         2550    i.etharp_request    etharp.o
    0x080049f4   0x00000020   Code   RO         2551    i.etharp_send_ip    etharp.o
    0x08004a14   0x00000048   Code   RO         2552    i.etharp_tmr        etharp.o
    0x08004a5c   0x0000007c   Code   RO         2553    i.etharp_update_arp_entry  etharp.o
    0x08004ad8   0x00000090   Code   RO         2554    i.ethernet_input    etharp.o
    0x08004b68   0x00000038   Code   RO         2635    i.ethernetif_init   ethernetif.o
    0x08004ba0   0x00000034   Code   RO         2636    i.ethernetif_input  ethernetif.o
    0x08004bd4   0x00000024   Code   RO          676    i.fputc             serial_debug.o
    0x08004bf8   0x00000050   Code   RO         6491    i.free              mc_w.l(malloc.o)
    0x08004c48   0x00000004   Code   RO          567    i.fs_close          fs.o
    0x08004c4c   0x0000002c   Code   RO          568    i.fs_free           fs.o
    0x08004c78   0x00000070   Code   RO          569    i.fs_open           fs.o
    0x08004ce8   0x0000013c   Code   RO          742    i.get_signin_data   tcp_server.o
    0x08004e24   0x00000052   Code   RO          743    i.get_statupload_data  tcp_server.o
    0x08004e76   0x00000002   PAD
    0x08004e78   0x00000024   Code   RO          627    i.http_server_netconn_init  httpserver-netconn.o
    0x08004e9c   0x00000080   Code   RO          628    i.http_server_netconn_thread  httpserver-netconn.o
    0x08004f1c   0x00000174   Code   RO          629    i.http_server_serve  httpserver-netconn.o
    0x08005090   0x00000008   Code   RO         2372    i.icmp_dest_unreach  icmp.o
    0x08005098   0x000000fc   Code   RO         2373    i.icmp_input        icmp.o
    0x08005194   0x00000064   Code   RO         2374    i.icmp_send_response  icmp.o
    0x080051f8   0x0000000c   Code   RO         2410    i.inet_chksum       inet_chksum.o
    0x08005204   0x00000048   Code   RO         2411    i.inet_chksum_pbuf  inet_chksum.o
    0x0800524c   0x0000002e   Code   RO         2481    i.ip4_addr_isbroadcast  ip_addr.o
    0x0800527a   0x00000002   PAD
    0x0800527c   0x00000168   Code   RO         2445    i.ip_input          ip.o
    0x080053e4   0x00000034   Code   RO         2446    i.ip_output         ip.o
    0x08005418   0x0000008c   Code   RO         2447    i.ip_output_if      ip.o
    0x080054a4   0x00000040   Code   RO         2448    i.ip_route          ip.o
    0x080054e4   0x000000e0   Code   RO         2637    i.low_level_init    ethernetif.o
    0x080055c4   0x000000b8   Code   RO         2638    i.low_level_input   ethernetif.o
    0x0800567c   0x000000d4   Code   RO         2639    i.low_level_output  ethernetif.o
    0x08005750   0x00000004   Code   RO         2891    i.lwip_htonl        def.o
    0x08005754   0x00000004   Code   RO         2892    i.lwip_htons        def.o
    0x08005758   0x00000022   Code   RO         1512    i.lwip_init         init.o
    0x0800577a   0x00000004   Code   RO         2893    i.lwip_ntohl        def.o
    0x0800577e   0x00000004   Code   RO         2894    i.lwip_ntohs        def.o
    0x08005782   0x00000056   Code   RO         2414    i.lwip_standard_chksum  inet_chksum.o
    0x080057d8   0x00000034   Code   RO          155    i.main              main.o
    0x0800580c   0x0000006c   Code   RO         6492    i.malloc            mc_w.l(malloc.o)
    0x08005878   0x00000044   Code   RO         1550    i.mem_free          mem.o
    0x080058bc   0x0000003c   Code   RO         1551    i.mem_init          mem.o
    0x080058f8   0x000000d0   Code   RO         1552    i.mem_malloc        mem.o
    0x080059c8   0x000000e0   Code   RO         1553    i.mem_trim          mem.o
    0x08005aa8   0x00000018   Code   RO         1594    i.memp_free         memp.o
    0x08005ac0   0x00000058   Code   RO         1595    i.memp_init         memp.o
    0x08005b18   0x00000020   Code   RO         1596    i.memp_malloc       memp.o
    0x08005b38   0x00000026   Code   RO         1147    i.netbuf_data       netbuf.o
    0x08005b5e   0x00000022   Code   RO         1148    i.netbuf_delete     netbuf.o
    0x08005b80   0x0000006a   Code   RO          830    i.netconn_accept    api_lib.o
    0x08005bea   0x00000076   Code   RO          991    i.netconn_alloc     api_msg.o
    0x08005c60   0x00000034   Code   RO          831    i.netconn_bind      api_lib.o
    0x08005c94   0x00000006   Code   RO          832    i.netconn_close     api_lib.o
    0x08005c9a   0x00000002   PAD
    0x08005c9c   0x00000034   Code   RO          833    i.netconn_close_shutdown  api_lib.o
    0x08005cd0   0x00000034   Code   RO          834    i.netconn_connect   api_lib.o
    0x08005d04   0x00000024   Code   RO          835    i.netconn_delete    api_lib.o
    0x08005d28   0x00000090   Code   RO          992    i.netconn_drain     api_msg.o
    0x08005db8   0x0000002e   Code   RO          993    i.netconn_free      api_msg.o
    0x08005de6   0x00000002   PAD
    0x08005de8   0x00000030   Code   RO          838    i.netconn_listen_with_backlog  api_lib.o
    0x08005e18   0x00000060   Code   RO          839    i.netconn_new_with_proto_and_callback  api_lib.o
    0x08005e78   0x0000007e   Code   RO          840    i.netconn_recv      api_lib.o
    0x08005ef6   0x00000002   PAD
    0x08005ef8   0x000000bc   Code   RO          841    i.netconn_recv_data  api_lib.o
    0x08005fb4   0x00000078   Code   RO          847    i.netconn_write_partly  api_lib.o
    0x0800602c   0x0000004c   Code   RO         1638    i.netif_add         netif.o
    0x08006078   0x00000002   Code   RO         1640    i.netif_init        netif.o
    0x0800607a   0x00000020   Code   RO         1642    i.netif_set_addr    netif.o
    0x0800609a   0x00000002   PAD
    0x0800609c   0x0000000c   Code   RO         1643    i.netif_set_default  netif.o
    0x080060a8   0x0000001a   Code   RO         1644    i.netif_set_down    netif.o
    0x080060c2   0x00000008   Code   RO         1645    i.netif_set_gw      netif.o
    0x080060ca   0x00000002   PAD
    0x080060cc   0x00000068   Code   RO         1646    i.netif_set_ipaddr  netif.o
    0x08006134   0x00000008   Code   RO         1647    i.netif_set_link_callback  netif.o
    0x0800613c   0x0000001a   Code   RO         1648    i.netif_set_link_down  netif.o
    0x08006156   0x00000042   Code   RO         1649    i.netif_set_link_up  netif.o
    0x08006198   0x00000008   Code   RO         1650    i.netif_set_netmask  netif.o
    0x080061a0   0x00000020   Code   RO         1651    i.netif_set_up      netif.o
    0x080061c0   0x0000007c   Code   RO          744    i.package_buff      tcp_server.o
    0x0800623c   0x00000114   Code   RO         1734    i.pbuf_alloc        pbuf.o
    0x08006350   0x00000028   Code   RO         1735    i.pbuf_cat          pbuf.o
    0x08006378   0x00000012   Code   RO         1736    i.pbuf_chain        pbuf.o
    0x0800638a   0x00000012   Code   RO         1737    i.pbuf_clen         pbuf.o
    0x0800639c   0x0000009a   Code   RO         1739    i.pbuf_copy         pbuf.o
    0x08006436   0x00000068   Code   RO         1740    i.pbuf_copy_partial  pbuf.o
    0x0800649e   0x00000044   Code   RO         1742    i.pbuf_free         pbuf.o
    0x080064e2   0x00000060   Code   RO         1744    i.pbuf_header       pbuf.o
    0x08006542   0x0000004e   Code   RO         1747    i.pbuf_realloc      pbuf.o
    0x08006590   0x0000000c   Code   RO         1748    i.pbuf_ref          pbuf.o
    0x0800659c   0x00000084   Code   RO          994    i.pcb_new           api_msg.o
    0x08006620   0x00000054   Code   RO         1554    i.plug_holes        mem.o
    0x08006674   0x00000052   Code   RO          995    i.poll_tcp          api_msg.o
    0x080066c6   0x00000002   PAD
    0x080066c8   0x00000034   Code   RO         5802    i.prvAddCurrentTaskToDelayedList  tasks.o
    0x080066fc   0x00000058   Code   RO         5803    i.prvCheckTasksWaitingTermination  tasks.o
    0x08006754   0x00000028   Code   RO         6071    i.prvCopyDataFromQueue  queue.o
    0x0800677c   0x0000005a   Code   RO         6072    i.prvCopyDataToQueue  queue.o
    0x080067d6   0x00000002   PAD
    0x080067d8   0x0000004c   Code   RO         5759    i.prvHeapInit       heap_4.o
    0x08006824   0x00000018   Code   RO         5804    i.prvIdleTask       tasks.o
    0x0800683c   0x0000004c   Code   RO         5760    i.prvInsertBlockIntoFreeList  heap_4.o
    0x08006888   0x00000088   Code   RO         5805    i.prvListTaskWithinSingleList  tasks.o
    0x08006910   0x00000064   Code   RO         6073    i.prvUnlockQueue    queue.o
    0x08006974   0x00000084   Code   RO         5761    i.pvPortMalloc      heap_4.o
    0x080069f8   0x0000001c   Code   RO         5697    i.pxPortInitialiseStack  port.o
    0x08006a14   0x0000000a   Code   RO         1844    i.raw_bind          raw.o
    0x08006a1e   0x0000000a   Code   RO         1845    i.raw_connect       raw.o
    0x08006a28   0x00000074   Code   RO         1846    i.raw_input         raw.o
    0x08006a9c   0x0000002c   Code   RO         1847    i.raw_new           raw.o
    0x08006ac8   0x00000006   Code   RO         1848    i.raw_recv          raw.o
    0x08006ace   0x00000002   PAD
    0x08006ad0   0x0000002c   Code   RO         1849    i.raw_remove        raw.o
    0x08006afc   0x00000078   Code   RO          996    i.recv_raw          api_msg.o
    0x08006b74   0x00000068   Code   RO          997    i.recv_tcp          api_msg.o
    0x08006bdc   0x0000006e   Code   RO          998    i.recv_udp          api_msg.o
    0x08006c4a   0x00000052   Code   RO          999    i.sent_tcp          api_msg.o
    0x08006c9c   0x00000044   Code   RO         1000    i.setup_tcp         api_msg.o
    0x08006ce0   0x00000050   Code   RO         2681    i.sys_arch_mbox_fetch  sys_arch.o
    0x08006d30   0x0000001e   Code   RO         2682    i.sys_arch_mbox_tryfetch  sys_arch.o
    0x08006d4e   0x00000042   Code   RO         2684    i.sys_arch_sem_wait  sys_arch.o
    0x08006d90   0x0000000c   Code   RO         2687    i.sys_init          sys_arch.o
    0x08006d9c   0x00000014   Code   RO         2688    i.sys_mbox_free     sys_arch.o
    0x08006db0   0x0000001c   Code   RO         2689    i.sys_mbox_new      sys_arch.o
    0x08006dcc   0x0000001a   Code   RO         2690    i.sys_mbox_post     sys_arch.o
    0x08006de6   0x00000006   Code   RO         2691    i.sys_mbox_set_invalid  sys_arch.o
    0x08006dec   0x0000001c   Code   RO         2692    i.sys_mbox_trypost  sys_arch.o
    0x08006e08   0x0000000a   Code   RO         2693    i.sys_mbox_valid    sys_arch.o
    0x08006e12   0x00000006   Code   RO         2694    i.sys_sem_free      sys_arch.o
    0x08006e18   0x0000003a   Code   RO         2695    i.sys_sem_new       sys_arch.o
    0x08006e52   0x00000006   Code   RO         2696    i.sys_sem_set_invalid  sys_arch.o
    0x08006e58   0x0000000c   Code   RO         2697    i.sys_sem_signal    sys_arch.o
    0x08006e64   0x0000000a   Code   RO         2698    i.sys_sem_valid     sys_arch.o
    0x08006e6e   0x00000002   PAD
    0x08006e70   0x00000040   Code   RO         2699    i.sys_thread_new    sys_arch.o
    0x08006eb0   0x0000005c   Code   RO         2812    i.sys_timeout       timers.o
    0x08006f0c   0x00000038   Code   RO         2813    i.sys_timeouts_init  timers.o
    0x08006f44   0x00000064   Code   RO         2814    i.sys_timeouts_mbox_fetch  timers.o
    0x08006fa8   0x00000048   Code   RO         2815    i.sys_untimeout     timers.o
    0x08006ff0   0x0000008c   Code   RO         1918    i.tcp_abandon       tcp.o
    0x0800707c   0x00000006   Code   RO         1919    i.tcp_abort         tcp.o
    0x08007082   0x00000004   Code   RO         1920    i.tcp_accept        tcp.o
    0x08007086   0x00000006   Code   RO         1921    i.tcp_accept_null   tcp.o
    0x0800708c   0x000000f8   Code   RO         1922    i.tcp_alloc         tcp.o
    0x08007184   0x00000004   Code   RO         1923    i.tcp_arg           tcp.o
    0x08007188   0x00000080   Code   RO         1924    i.tcp_bind          tcp.o
    0x08007208   0x00000014   Code   RO         1925    i.tcp_close         tcp.o
    0x0800721c   0x00000128   Code   RO         1926    i.tcp_close_shutdown  tcp.o
    0x08007344   0x000000fc   Code   RO         1927    i.tcp_connect       tcp.o
    0x08007440   0x0000009c   Code   RO         2185    i.tcp_create_segment  tcp_out.o
    0x080074dc   0x00000020   Code   RO         1929    i.tcp_eff_send_mss  tcp.o
    0x080074fc   0x000000a8   Code   RO         2186    i.tcp_enqueue_flags  tcp_out.o
    0x080075a4   0x00000006   Code   RO         1930    i.tcp_err           tcp.o
    0x080075aa   0x00000002   PAD
    0x080075ac   0x0000005c   Code   RO         1931    i.tcp_fasttmr       tcp.o
    0x08007608   0x00000002   Code   RO         1932    i.tcp_init          tcp.o
    0x0800760a   0x00000002   PAD
    0x0800760c   0x00000308   Code   RO         2134    i.tcp_input         tcp_in.o
    0x08007914   0x0000003c   Code   RO         2187    i.tcp_keepalive     tcp_out.o
    0x08007950   0x000000e4   Code   RO         2135    i.tcp_listen_input  tcp_in.o
    0x08007a34   0x00000088   Code   RO         1933    i.tcp_listen_with_backlog  tcp.o
    0x08007abc   0x00000006   Code   RO         1934    i.tcp_new           tcp.o
    0x08007ac2   0x00000002   PAD
    0x08007ac4   0x0000005c   Code   RO         1935    i.tcp_new_port      tcp.o
    0x08007b20   0x00000010   Code   RO         1936    i.tcp_next_iss      tcp.o
    0x08007b30   0x00000190   Code   RO         2188    i.tcp_output        tcp_out.o
    0x08007cc0   0x0000006a   Code   RO         2189    i.tcp_output_alloc_header  tcp_out.o
    0x08007d2a   0x00000002   PAD
    0x08007d2c   0x000000b0   Code   RO         2190    i.tcp_output_segment  tcp_out.o
    0x08007ddc   0x00000080   Code   RO         2136    i.tcp_parseopt      tcp_in.o
    0x08007e5c   0x0000004e   Code   RO         2191    i.tcp_pbuf_prealloc  tcp_out.o
    0x08007eaa   0x0000003a   Code   RO         1937    i.tcp_pcb_purge     tcp.o
    0x08007ee4   0x00000058   Code   RO         1938    i.tcp_pcb_remove    tcp.o
    0x08007f3c   0x00000008   Code   RO         1939    i.tcp_poll          tcp.o
    0x08007f44   0x00000344   Code   RO         2137    i.tcp_process       tcp_in.o
    0x08008288   0x00000064   Code   RO         1940    i.tcp_process_refused_data  tcp.o
    0x080082ec   0x00000414   Code   RO         2138    i.tcp_receive       tcp_in.o
    0x08008700   0x00000004   Code   RO         1941    i.tcp_recv          tcp.o
    0x08008704   0x00000024   Code   RO         1942    i.tcp_recv_null     tcp.o
    0x08008728   0x00000038   Code   RO         1943    i.tcp_recved        tcp.o
    0x08008760   0x00000050   Code   RO         2192    i.tcp_rexmit        tcp_out.o
    0x080087b0   0x00000058   Code   RO         2193    i.tcp_rexmit_fast   tcp_out.o
    0x08008808   0x0000002e   Code   RO         2194    i.tcp_rexmit_rto    tcp_out.o
    0x08008836   0x00000076   Code   RO         2195    i.tcp_rst           tcp_out.o
    0x080088ac   0x0000001c   Code   RO         1944    i.tcp_seg_free      tcp.o
    0x080088c8   0x00000012   Code   RO         1945    i.tcp_segs_free     tcp.o
    0x080088da   0x00000048   Code   RO         2196    i.tcp_send_empty_ack  tcp_out.o
    0x08008922   0x00000046   Code   RO         2197    i.tcp_send_fin      tcp_out.o
    0x08008968   0x00000004   Code   RO         1946    i.tcp_sent          tcp.o
    0x0800896c   0x0000004e   Code   RO         1948    i.tcp_shutdown      tcp.o
    0x080089ba   0x00000002   PAD
    0x080089bc   0x00000264   Code   RO         1949    i.tcp_slowtmr       tcp.o
    0x08008c20   0x00000034   Code   RO         2816    i.tcp_timer_needed  timers.o
    0x08008c54   0x0000006c   Code   RO         2139    i.tcp_timewait_input  tcp_in.o
    0x08008cc0   0x00000020   Code   RO         1950    i.tcp_tmr           tcp.o
    0x08008ce0   0x00000034   Code   RO         1951    i.tcp_update_rcv_ann_wnd  tcp.o
    0x08008d14   0x000002f4   Code   RO         2198    i.tcp_write         tcp_out.o
    0x08009008   0x00000092   Code   RO         2199    i.tcp_zero_window_probe  tcp_out.o
    0x0800909a   0x00000002   PAD
    0x0800909c   0x00000024   Code   RO          745    i.tcpclient_init    tcp_server.o
    0x080090c0   0x00000124   Code   RO          746    i.tcpclient_thread  tcp_server.o
    0x080091e4   0x00000040   Code   RO         1229    i.tcpip_apimsg      tcpip.o
    0x08009224   0x0000003c   Code   RO         1233    i.tcpip_init        tcpip.o
    0x08009260   0x0000004c   Code   RO         1234    i.tcpip_input       tcpip.o
    0x080092ac   0x00000038   Code   RO         2817    i.tcpip_tcp_timer   timers.o
    0x080092e4   0x00000080   Code   RO         1235    i.tcpip_thread      tcpip.o
    0x08009364   0x00000098   Code   RO         2277    i.udp_bind          udp.o
    0x080093fc   0x0000004c   Code   RO         2278    i.udp_connect       udp.o
    0x08009448   0x00000002   Code   RO         2280    i.udp_init          udp.o
    0x0800944a   0x00000002   PAD
    0x0800944c   0x0000016c   Code   RO         2281    i.udp_input         udp.o
    0x080095b8   0x0000001a   Code   RO         2282    i.udp_new           udp.o
    0x080095d2   0x00000006   Code   RO         2283    i.udp_recv          udp.o
    0x080095d8   0x0000002c   Code   RO         2284    i.udp_remove        udp.o
    0x08009604   0x000000b6   Code   RO         2287    i.udp_sendto_if     udp.o
    0x080096ba   0x00000026   Code   RO         6035    i.uxListRemove      list.o
    0x080096e0   0x0000001a   Code   RO         6076    i.uxQueueMessagesWaiting  queue.o
    0x080096fa   0x00000016   Code   RO         6036    i.vListInitialise   list.o
    0x08009710   0x00000006   Code   RO         6037    i.vListInitialiseItem  list.o
    0x08009716   0x00000030   Code   RO         6038    i.vListInsert       list.o
    0x08009746   0x0000001c   Code   RO         6039    i.vListInsertEnd    list.o
    0x08009762   0x00000002   PAD
    0x08009764   0x00000014   Code   RO         5699    i.vPortEnterCritical  port.o
    0x08009778   0x00000014   Code   RO         5700    i.vPortExitCritical  port.o
    0x0800978c   0x0000002c   Code   RO         5762    i.vPortFree         heap_4.o
    0x080097b8   0x00000020   Code   RO         5701    i.vPortSetupTimerInterrupt  port.o
    0x080097d8   0x00000010   Code   RO         5702    i.vPortYieldFromISR  port.o
    0x080097e8   0x0000003c   Code   RO         6079    i.vQueueDelete      queue.o
    0x08009824   0x00000034   Code   RO         5809    i.vTaskDelay        tasks.o
    0x08009858   0x00000064   Code   RO         5810    i.vTaskDelete       tasks.o
    0x080098bc   0x000000ac   Code   RO         5812    i.vTaskIncrementTick  tasks.o
    0x08009968   0x00000084   Code   RO         5813    i.vTaskList         tasks.o
    0x080099ec   0x0000000c   Code   RO         5814    i.vTaskMissedYield  tasks.o
    0x080099f8   0x00000030   Code   RO         5815    i.vTaskPlaceOnEventList  tasks.o
    0x08009a28   0x00000048   Code   RO         5816    i.vTaskPriorityDisinherit  tasks.o
    0x08009a70   0x00000064   Code   RO         5817    i.vTaskPriorityInherit  tasks.o
    0x08009ad4   0x0000001c   Code   RO         5820    i.vTaskSetTimeOutState  tasks.o
    0x08009af0   0x0000004c   Code   RO         5821    i.vTaskStartScheduler  tasks.o
    0x08009b3c   0x00000010   Code   RO         5822    i.vTaskSuspendAll   tasks.o
    0x08009b4c   0x00000058   Code   RO         5823    i.vTaskSwitchContext  tasks.o
    0x08009ba4   0x00000030   Code   RO         5703    i.xPortStartScheduler  port.o
    0x08009bd4   0x00000020   Code   RO         5704    i.xPortSysTickHandler  port.o
    0x08009bf4   0x00000046   Code   RO         6083    i.xQueueGenericCreate  queue.o
    0x08009c3a   0x00000128   Code   RO         6084    i.xQueueGenericReceive  queue.o
    0x08009d62   0x00000060   Code   RO         6085    i.xQueueGenericReset  queue.o
    0x08009dc2   0x000000f2   Code   RO         6086    i.xQueueGenericSend  queue.o
    0x08009eb4   0x00000074   Code   RO         6087    i.xQueueGenericSendFromISR  queue.o
    0x08009f28   0x00000058   Code   RO         5824    i.xTaskCheckForTimeOut  tasks.o
    0x08009f80   0x00000184   Code   RO         5825    i.xTaskGenericCreate  tasks.o
    0x0800a104   0x0000000c   Code   RO         5826    i.xTaskGetCurrentTaskHandle  tasks.o
    0x0800a110   0x00000018   Code   RO         5827    i.xTaskGetTickCount  tasks.o
    0x0800a128   0x00000064   Code   RO         5829    i.xTaskRemoveFromEventList  tasks.o
    0x0800a18c   0x000000b4   Code   RO         5830    i.xTaskResumeAll    tasks.o
    0x0800a240   0x00000c57   Data   RO          572    .constdata          fs.o
    0x0800ae97   0x00000aba   Data   RO          573    .constdata          fs.o
    0x0800b951   0x0000665d   Data   RO          574    .constdata          fs.o
    0x08011fae   0x000004db   Data   RO          575    .constdata          fs.o
    0x08012489   0x000026c4   Data   RO          576    .constdata          fs.o
    0x08014b4d   0x00000003   PAD
    0x08014b50   0x00000014   Data   RO          577    .constdata          fs.o
    0x08014b64   0x00000014   Data   RO          578    .constdata          fs.o
    0x08014b78   0x00000014   Data   RO          579    .constdata          fs.o
    0x08014b8c   0x00000014   Data   RO          580    .constdata          fs.o
    0x08014ba0   0x00000014   Data   RO          581    .constdata          fs.o
    0x08014bb4   0x0000063c   Data   RO          630    .constdata          httpserver-netconn.o
    0x080151f0   0x00000030   Data   RO         1598    .constdata          memp.o
    0x08015220   0x00000054   Data   RO         1952    .constdata          tcp.o
    0x08015274   0x00000004   Data   RO         2488    .constdata          ip_addr.o
    0x08015278   0x00000004   Data   RO         2489    .constdata          ip_addr.o
    0x0801527c   0x0000000c   Data   RO         2556    .constdata          etharp.o
    0x08015288   0x00000030   Data   RO         5311    .constdata          stm324x7i_eval.o
    0x080152b8   0x000011d0   Data   RO         5451    .constdata          stm324x7i_eval_lcd.o
    0x08016488   0x00000068   Data   RO         1953    .conststring        tcp.o
    0x080164f0   0x00000020   Data   RO         6567    Region$$Table       anon$$obj.o


    Execution Region RW_IRAM1 (Base: 0x20000000, Size: 0x0000fc08, Max: 0x00020000, ABSOLUTE, COMPRESSED[0x0000026c])

    Base Addr    Size         Type   Attr      Idx    E Section Name        Object

    0x20000000   0x00000014   Data   RW            6    .data               system_stm32f4xx.o
    0x20000014   0x00000001   Data   RW          354    .data               netconf.o
    0x20000015   0x00000003   PAD
    0x20000018   0x00000008   Data   RW          437    .data               stm32f4x7_eth_bsp.o
    0x20000020   0x00000004   Data   RW          631    .data               httpserver-netconn.o
    0x20000024   0x00000200   Data   RW          718    .data               crc_16.o
    0x20000224   0x00000053   Data   RW          748    .data               tcp_server.o
    0x20000277   0x00000001   PAD
    0x20000278   0x0000000c   Data   RW         1239    .data               tcpip.o
    0x20000284   0x00000004   Data   RW         1360    .data               dhcp.o
    0x20000288   0x00000010   Data   RW         1556    .data               mem.o
    0x20000298   0x0000000c   Data   RW         1652    .data               netif.o
    0x200002a4   0x00000004   Data   RW         1852    .data               raw.o
    0x200002a8   0x00000024   Data   RW         1954    .data               tcp.o
    0x200002cc   0x0000001c   Data   RW         2141    .data               tcp_in.o
    0x200002e8   0x00000008   Data   RW         2288    .data               udp.o
    0x200002f0   0x00000014   Data   RW         2449    .data               ip.o
    0x20000304   0x00000001   Data   RW         2557    .data               etharp.o
    0x20000305   0x00000003   PAD
    0x20000308   0x0000000c   Data   RW         2640    .data               ethernetif.o
    0x20000314   0x00000002   Data   RW         2700    .data               sys_arch.o
    0x20000316   0x00000002   PAD
    0x20000318   0x00000008   Data   RW         2818    .data               timers.o
    0x20000320   0x00000010   Data   RW         4063    .data               stm32f4xx_rcc.o
    0x20000330   0x0000000c   Data   RW         4861    .data               stm32f4x7_eth.o
    0x2000033c   0x00000020   Data   RW         5312    .data               stm324x7i_eval.o
    0x2000035c   0x0000001c   Data   RW         5455    .data               stm324x7i_eval_lcd.o
    0x20000378   0x00000004   Data   RW         5705    .data               port.o
    0x2000037c   0x00000010   Data   RW         5766    .data               heap_4.o
    0x2000038c   0x0000003c   Data   RW         5832    .data               tasks.o
    0x200003c8   0x00000004   Data   RW         6541    .data               mc_w.l(stdout.o)
    0x200003cc   0x00000004   Data   RW         6546    .data               mc_w.l(mvars.o)
    0x200003d0   0x00000004   Data   RW         6547    .data               mc_w.l(mvars.o)
    0x200003d4   0x00000200   Zero   RW          156    .bss                main.o
    0x200005d4   0x00000038   Zero   RW          353    .bss                netconf.o
    0x2000060c   0x000000bc   Zero   RW          436    .bss                stm32f4x7_eth_bsp.o
    0x200006c8   0x000000f0   Zero   RW          571    .bss                fs.o
    0x200007b8   0x000003d8   Zero   RW          747    .bss                tcp_server.o
    0x20000b90   0x00000032   Zero   RW         1359    .bss                dhcp.o
    0x20000bc2   0x00001414   Zero   RW         1555    .bss                mem.o
    0x20001fd6   0x00000002   PAD
    0x20001fd8   0x00002af7   Zero   RW         1597    .bss                memp.o
    0x20004acf   0x00000001   PAD
    0x20004ad0   0x00000014   Zero   RW         2140    .bss                tcp_in.o
    0x20004ae4   0x000000c8   Zero   RW         2555    .bss                etharp.o
    0x20004bac   0x00000080   Zero   RW         4856    .bss                stm32f4x7_eth.o
    0x20004c2c   0x00000080   Zero   RW         4857    .bss                stm32f4x7_eth.o
    0x20004cac   0x000017d0   Zero   RW         4858    .bss                stm32f4x7_eth.o
    0x2000647c   0x000017d0   Zero   RW         4859    .bss                stm32f4x7_eth.o
    0x20007c4c   0x0000000c   Zero   RW         4860    .bss                stm32f4x7_eth.o
    0x20007c58   0x00007800   Zero   RW         5765    .bss                heap_4.o
    0x2000f458   0x00000170   Zero   RW         5831    .bss                tasks.o
    0x2000f5c8   0x00000040   Zero   RW         6093    .bss                queue.o
    0x2000f608   0x00000200   Zero   RW          142    HEAP                startup_stm32f427x.o
    0x2000f808   0x00000400   Zero   RW          141    STACK               startup_stm32f427x.o


==============================================================================

Image component sizes


      Code (inc. data)   RO Data    RW Data    ZI Data      Debug   Object Name

       882         38          0          0          0      26794   api_lib.o
      2708         54          0          0          0      19696   api_msg.o
        40          4          0        512          0       1316   crc_16.o
        16          0          0          0          0       3142   def.o
      3346         80          0          4         50      24095   dhcp.o
      1690         72         12          1        200      14768   etharp.o
       756         80          0         12          0       7046   ethernetif.o
       160         14      43377          0        240       5349   fs.o
       328         24          0         16      30720       4583   heap_4.o
       916        470       1596          4          0      12312   httpserver-netconn.o
       360         10          0          0          0       3281   icmp.o
       170          0          0          0          0       3137   inet_chksum.o
        34          0          0          0          0      10797   init.o
       616         22          0         20          0       7829   ip.o
        46          0          8          0          0       7914   ip_addr.o
       142          0          0          0          0       3978   list.o
       532        184          0          0        512      62066   main.o
       644         30          0         16       5140       5761   mem.o
       144         20         48          0      10999       3978   memp.o
       120         18          0          0          0       1947   misc.o
        72          0          0          0          0       2082   netbuf.o
       904        274          0          1         56      11147   netconf.o
       400         20          0         12          0      11455   netif.o
       864          0          0          0          0       9093   pbuf.o
       328         46          0          4          0       7820   port.o
      1136          4          0          0         64      11334   queue.o
       230         22          0          4          0       5319   raw.o
        78          6          0          0          0       1244   serial_debug.o
        36          8        412          0       1536        840   startup_stm32f427x.o
       576         58         48         32          0      10813   stm324x7i_eval.o
      2102         86       4560         28          0      15975   stm324x7i_eval_lcd.o
      1878        168          0         12      12460      19837   stm32f4x7_eth.o
      1294        186          0          8        188       8366   stm32f4x7_eth_bsp.o
       156         14          0          0          0       2736   stm32f4xx_exti.o
       224          4          0          0          0       2317   stm32f4xx_fsmc.o
       166          0          0          0          0       2863   stm32f4xx_gpio.o
       132         10          0          0          0       5079   stm32f4xx_it.o
       284         46          0         16          0       7466   stm32f4xx_rcc.o
        52         12          0          0          0       1474   stm32f4xx_syscfg.o
       226         10          0          0          0       3848   stm32f4xx_usart.o
       462         10          0          2          0      13277   sys_arch.o
       296         40          0         20          0     269213   system_stm32f4xx.o
      1988        202          0         60        368      21733   tasks.o
      2660        102        188         36          0      35799   tcp.o
      3120        120          0         28         20      17363   tcp_in.o
      2520          8          0          0          0      14639   tcp_out.o
      1590         86          0         83        984      20853   tcp_server.o
       328         40          0         12          0       9910   tcpip.o
       512         76          0          8          0       7647   timers.o
       852         28          0          8          0      17241   udp.o

    ----------------------------------------------------------------------
     39178       2806      50284        968      63540     798572   Object Totals
         0          0         32          0          0          0   (incl. Generated)
        62          0          3          9          3          0   (incl. Padding)

    ----------------------------------------------------------------------

      Code (inc. data)   RO Data    RW Data    ZI Data      Debug   Library Member Name

        92          0          0          0          0          0   __dczerorl2.o
         0          0          0          0          0          0   entry.o
         0          0          0          0          0          0   entry10a.o
         0          0          0          0          0          0   entry11a.o
         8          4          0          0          0          0   entry2.o
         4          0          0          0          0          0   entry5.o
         0          0          0          0          0          0   entry7b.o
         0          0          0          0          0          0   entry8b.o
         8          4          0          0          0          0   entry9a.o
        30          0          0          0          0          0   handlers.o
        36          8          0          0          0         68   init.o
        30          0          0          0          0         68   llshl.o
        32          0          0          0          0         68   llushr.o
       188         20          0          0          0        160   malloc.o
        26          0          0          0          0         80   memcmp.o
        36          0          0          0          0         68   memcpya.o
        36          0          0          0          0        108   memseta.o
         0          0          0          8          0          0   mvars.o
      1200         60          0          0          0        504   printf8.o
         0          0          0          4          0          0   stdout.o
        24          0          0          0          0         68   strcat.o
        28          0          0          0          0         76   strcmp.o
        14          0          0          0          0         68   strlen.o
        30          0          0          0          0         80   strncmp.o
        24          0          0          0          0         76   strncpy.o
        98          0          0          0          0         92   uldiv.o

    ----------------------------------------------------------------------
      1946         96          0         12          0       1584   Library Totals
         2          0          0          0          0          0   (incl. Padding)

    ----------------------------------------------------------------------

      Code (inc. data)   RO Data    RW Data    ZI Data      Debug   Library Name

      1944         96          0         12          0       1584   mc_w.l

    ----------------------------------------------------------------------
      1946         96          0         12          0       1584   Library Totals

    ----------------------------------------------------------------------

==============================================================================


      Code (inc. data)   RO Data    RW Data    ZI Data      Debug   

     41124       2902      50284        980      63540     761624   Grand Totals
     41124       2902      50284        620      63540     761624   ELF Image Totals (compressed)
     41124       2902      50284        620          0          0   ROM Totals

==============================================================================

    Total RO  Size (Code + RO Data)                91408 (  89.27kB)
    Total RW  Size (RW Data + ZI Data)             64520 (  63.01kB)
    Total ROM Size (Code + RO Data + RW Data)      92028 (  89.87kB)

==============================================================================

