ARM Linker, 5.03 [Build 76] [MDK-ARM Standard]

==============================================================================

Section Cross References

    system_stm32f4xx.o(i.SystemCoreClockUpdate) refers to system_stm32f4xx.o(.data) for .data
    system_stm32f4xx.o(i.SystemInit) refers to system_stm32f4xx.o(i.SetSysClock) for SetSysClock
    startup_stm32f4xx.o(RESET) refers to startup_stm32f4xx.o(STACK) for __initial_sp
    startup_stm32f4xx.o(RESET) refers to startup_stm32f4xx.o(.text) for Reset_Handler
    startup_stm32f4xx.o(RESET) refers to stm32f4xx_it.o(i.NMI_Handler) for NMI_Handler
    startup_stm32f4xx.o(RESET) refers to stm32f4xx_it.o(i.HardFault_Handler) for HardFault_Handler
    startup_stm32f4xx.o(RESET) refers to stm32f4xx_it.o(i.MemManage_Handler) for MemManage_Handler
    startup_stm32f4xx.o(RESET) refers to stm32f4xx_it.o(i.BusFault_Handler) for BusFault_Handler
    startup_stm32f4xx.o(RESET) refers to stm32f4xx_it.o(i.UsageFault_Handler) for UsageFault_Handler
    startup_stm32f4xx.o(RESET) refers to port.o(.emb_text) for SVC_Handler
    startup_stm32f4xx.o(RESET) refers to stm32f4xx_it.o(i.DebugMon_Handler) for DebugMon_Handler
    startup_stm32f4xx.o(RESET) refers to stm32f4xx_it.o(i.SysTick_Handler) for SysTick_Handler
    startup_stm32f4xx.o(RESET) refers to stm32f4xx_it.o(i.EXTI1_IRQHandler) for EXTI1_IRQHandler
    startup_stm32f4xx.o(RESET) refers to stm32f4xx_it.o(i.TIM2_IRQHandler) for TIM2_IRQHandler
    startup_stm32f4xx.o(RESET) refers to uart3.o(i.USART3_IRQHandler) for USART3_IRQHandler
    startup_stm32f4xx.o(RESET) refers to stm32f4xx_it.o(i.EXTI15_10_IRQHandler) for EXTI15_10_IRQHandler
    startup_stm32f4xx.o(RESET) refers to uart4.o(i.UART4_IRQHandler) for UART4_IRQHandler
    startup_stm32f4xx.o(RESET) refers to uart5.o(i.UART5_IRQHandler) for UART5_IRQHandler
    startup_stm32f4xx.o(RESET) refers to stm32f4xx_it.o(i.ETH_IRQHandler) for ETH_IRQHandler
    startup_stm32f4xx.o(RESET) refers to stm32f4xx_it.o(i.OTG_HS_IRQHandler) for OTG_HS_IRQHandler
    startup_stm32f4xx.o(.text) refers to system_stm32f4xx.o(i.SystemInit) for SystemInit
    startup_stm32f4xx.o(.text) refers to entry.o(.ARM.Collect$$$$00000000) for __main
    main.o(i.KeyScan4) refers to stm324x7i_eval.o(i.JOYState_GPIO_Init) for JOYState_GPIO_Init
    main.o(i.KeyScan4) refers to memcpya.o(.text) for __aeabi_memcpy4
    main.o(i.KeyScan4) refers to stm324x7i_eval.o(i.Read_JOYState) for Read_JOYState
    main.o(i.KeyScan4) refers to queue.o(i.xQueueGenericSend) for xQueueGenericSend
    main.o(i.KeyScan4) refers to print.o(i.print) for print
    main.o(i.KeyScan4) refers to port.o(i.vPortYieldFromISR) for vPortYieldFromISR
    main.o(i.KeyScan4) refers to tasks.o(i.vTaskDelay) for vTaskDelay
    main.o(i.KeyScan4) refers to main.o(.bss) for .bss
    main.o(i.KeyScan4) refers to main.o(.data) for .data
    main.o(i.KeyScan4) refers to wanwuyun_task.o(.data) for pRxSensor_xQueue
    main.o(i.LCD_LED_Init) refers to stm324x7i_eval.o(i.STM_EVAL_LEDInit) for STM_EVAL_LEDInit
    main.o(i.Main_task) refers to serial_debug.o(i.DebugComPort_Init) for DebugComPort_Init
    main.o(i.Main_task) refers to main.o(i.LCD_LED_Init) for LCD_LED_Init
    main.o(i.Main_task) refers to rtc.o(i.AppRTC_Init) for AppRTC_Init
    main.o(i.Main_task) refers to usbmsc_task.o(i.USB_MSC_Init) for USB_MSC_Init
    main.o(i.Main_task) refers to tasks.o(i.vTaskDelete) for vTaskDelete
    main.o(i.ToggleLed4) refers to stm324x7i_eval.o(i.STM_EVAL_LEDToggle) for STM_EVAL_LEDToggle
    main.o(i.ToggleLed4) refers to rtc.o(i.RTC_TimeShow) for RTC_TimeShow
    main.o(i.ToggleLed4) refers to tasks.o(i.vTaskDelay) for vTaskDelay
    main.o(i.ToggleLed4) refers to main.o(.data) for .data
    main.o(i.iap_load_app) refers to stm324x7i_eval.o(i.JOYState_GPIO_Init) for JOYState_GPIO_Init
    main.o(i.iap_load_app) refers to stm324x7i_eval.o(i.Read_JOYState) for Read_JOYState
    main.o(i.iap_load_app) refers to stm324x7i_eval.o(i.STM_EVAL_LEDOn) for STM_EVAL_LEDOn
    main.o(i.iap_load_app) refers to main.o(.data) for .data
    main.o(i.main) refers to main.o(i.iap_load_app) for iap_load_app
    main.o(i.main) refers to misc.o(i.NVIC_PriorityGroupConfig) for NVIC_PriorityGroupConfig
    main.o(i.main) refers to tasks.o(i.xTaskGenericCreate) for xTaskGenericCreate
    main.o(i.main) refers to tasks.o(i.vTaskStartScheduler) for vTaskStartScheduler
    main.o(i.main) refers to main.o(i.Main_task) for Main_task
    netconf.o(i.LwIP_Init) refers to tcpip.o(i.tcpip_init) for tcpip_init
    netconf.o(i.LwIP_Init) refers to netif.o(i.netif_add) for netif_add
    netconf.o(i.LwIP_Init) refers to netif.o(i.netif_set_default) for netif_set_default
    netconf.o(i.LwIP_Init) refers to netif.o(i.netif_set_down) for netif_set_down
    netconf.o(i.LwIP_Init) refers to stm324x7i_eval_lcd.o(i.LCD_SetTextColor) for LCD_SetTextColor
    netconf.o(i.LwIP_Init) refers to stm324x7i_eval_lcd.o(i.LCD_GetFont) for LCD_GetFont
[...]
    LCD_LOG_Init                             0x08001781   Thumb Code    16  lcd_log.o(i.LCD_LOG_Init)
    LCD_LOG_SetFooter                        0x08001791   Thumb Code   100  lcd_log.o(i.LCD_LOG_SetFooter)
    LCD_LOG_SetHeader                        0x080017f5   Thumb Code   136  lcd_log.o(i.LCD_LOG_SetHeader)
    LCD_ReadReg                              0x08001925   Thumb Code    12  stm324x7i_eval_lcd.o(i.LCD_ReadReg)
    LCD_SetBackColor                         0x08001935   Thumb Code    12  stm324x7i_eval_lcd.o(i.LCD_SetBackColor)
    LCD_SetCursor                            0x08001945   Thumb Code    58  stm324x7i_eval_lcd.o(i.LCD_SetCursor)
    LCD_SetFont                              0x08001985   Thumb Code     6  stm324x7i_eval_lcd.o(i.LCD_SetFont)
    LCD_SetTextColor                         0x08001991   Thumb Code    12  stm324x7i_eval_lcd.o(i.LCD_SetTextColor)
    LCD_WriteRAM                             0x080019a1   Thumb Code     6  stm324x7i_eval_lcd.o(i.LCD_WriteRAM)
    LCD_WriteRAM_Prepare                     0x080019ad   Thumb Code    10  stm324x7i_eval_lcd.o(i.LCD_WriteRAM_Prepare)
    LCD_WriteReg                             0x080019b9   Thumb Code    12  stm324x7i_eval_lcd.o(i.LCD_WriteReg)
    Main_task                                0x080019c9   Thumb Code    24  main.o(i.Main_task)
    MemManage_Handler                        0x080019e1   Thumb Code     2  stm32f4xx_it.o(i.MemManage_Handler)
    NMI_Handler                              0x080019e3   Thumb Code     2  stm32f4xx_it.o(i.NMI_Handler)
    NVIC_Init                                0x080019e5   Thumb Code    92  misc.o(i.NVIC_Init)
    NVIC_PriorityGroupConfig                 0x08001a49   Thumb Code    10  misc.o(i.NVIC_PriorityGroupConfig)
    NVIC_SetVectorTable                      0x08001a5d   Thumb Code    12  misc.o(i.NVIC_SetVectorTable)
    OTG_HS_IRQHandler                        0x08001a71   Thumb Code     6  stm32f4xx_it.o(i.OTG_HS_IRQHandler)
    PWR_BackupAccessCmd                      0x08001a7d   Thumb Code     6  stm32f4xx_pwr.o(i.PWR_BackupAccessCmd)
    RCC_AHB1PeriphClockCmd                   0x08001a89   Thumb Code    18  stm32f4xx_rcc.o(i.RCC_AHB1PeriphClockCmd)
    RCC_AHB3PeriphClockCmd                   0x08001aa1   Thumb Code    18  stm32f4xx_rcc.o(i.RCC_AHB3PeriphClockCmd)
    RCC_APB1PeriphClockCmd                   0x08001ab9   Thumb Code    18  stm32f4xx_rcc.o(i.RCC_APB1PeriphClockCmd)
    RCC_APB2PeriphClockCmd                   0x08001ad1   Thumb Code    18  stm32f4xx_rcc.o(i.RCC_APB2PeriphClockCmd)
    RCC_GetClocksFreq                        0x08001ae9   Thumb Code   132  stm32f4xx_rcc.o(i.RCC_GetClocksFreq)
    RCC_GetFlagStatus                        0x08001b79   Thumb Code    46  stm32f4xx_rcc.o(i.RCC_GetFlagStatus)
    RCC_LSEConfig                            0x08001bad   Thumb Code    22  stm32f4xx_rcc.o(i.RCC_LSEConfig)
    RCC_RTCCLKCmd                            0x08001bc9   Thumb Code     6  stm32f4xx_rcc.o(i.RCC_RTCCLKCmd)
    RCC_RTCCLKConfig                         0x08001bd5   Thumb Code    40  stm32f4xx_rcc.o(i.RCC_RTCCLKConfig)
    RTC_ClearFlag                            0x08001c31   Thumb Code    22  stm32f4xx_rtc.o(i.RTC_ClearFlag)
    RTC_Config                               0x08001c4d   Thumb Code    72  rtc.o(i.RTC_Config)
    RTC_DateStructInit                       0x08001c99   Thumb Code    14  stm32f4xx_rtc.o(i.RTC_DateStructInit)
    RTC_EnterInitMode                        0x08001ca9   Thumb Code    56  stm32f4xx_rtc.o(i.RTC_EnterInitMode)
    RTC_ExitInitMode                         0x08001ce5   Thumb Code    12  stm32f4xx_rtc.o(i.RTC_ExitInitMode)
    RTC_GetDate                              0x08001cf5   Thumb Code    66  stm32f4xx_rtc.o(i.RTC_GetDate)
    RTC_GetTime                              0x08001d41   Thumb Code    70  stm32f4xx_rtc.o(i.RTC_GetTime)
    RTC_Init                                 0x08001d91   Thumb Code    74  stm32f4xx_rtc.o(i.RTC_Init)
    RTC_ReadBackupRegister                   0x08001de1   Thumb Code    14  stm32f4xx_rtc.o(i.RTC_ReadBackupRegister)
    RTC_SetDate                              0x08001df5   Thumb Code   146  stm32f4xx_rtc.o(i.RTC_SetDate)
    RTC_SetTime                              0x08001e91   Thumb Code   150  stm32f4xx_rtc.o(i.RTC_SetTime)
    RTC_TimeRegulate                         0x08001f31   Thumb Code   100  rtc.o(i.RTC_TimeRegulate)
    RTC_TimeStampCmd                         0x08001f99   Thumb Code    42  stm32f4xx_rtc.o(i.RTC_TimeStampCmd)
    RTC_WaitForSynchro                       0x08001fc9   Thumb Code    70  stm32f4xx_rtc.o(i.RTC_WaitForSynchro)
    RTC_WriteBackupRegister                  0x08002015   Thumb Code    14  stm32f4xx_rtc.o(i.RTC_WriteBackupRegister)
    Read_JOYState                            0x08002029   Thumb Code    78  stm324x7i_eval.o(i.Read_JOYState)
    SD_DisSelect                             0x0800207d   Thumb Code    28  mmc_sd.o(i.SD_DisSelect)
    SD_GPIO_Configuration                    0x0800209d   Thumb Code   140  sdio.o(i.SD_GPIO_Configuration)
    SD_GetCSD                                0x08002131   Thumb Code    42  mmc_sd.o(i.SD_GetCSD)
    SD_GetResponse                           0x0800215b   Thumb Code    38  mmc_sd.o(i.SD_GetResponse)
    SD_GetSectorCount                        0x08002181   Thumb Code   110  mmc_sd.o(i.SD_GetSectorCount)
    SD_Initialize                            0x080021f1   Thumb Code   358  mmc_sd.o(i.SD_Initialize)
    SD_ReadDisk                              0x08002361   Thumb Code   104  mmc_sd.o(i.SD_ReadDisk)
    SD_RecvData                              0x080023cd   Thumb Code    52  mmc_sd.o(i.SD_RecvData)
    SD_SPI_Init                              0x08002401   Thumb Code    18  mmc_sd.o(i.SD_SPI_Init)
    SD_SPI_ReadWriteByte                     0x08002419   Thumb Code     4  mmc_sd.o(i.SD_SPI_ReadWriteByte)
    SD_Select                                0x0800241d   Thumb Code    26  mmc_sd.o(i.SD_Select)
    SD_SendBlock                             0x0800243d   Thumb Code    78  mmc_sd.o(i.SD_SendBlock)
    SD_SendCmd                               0x0800248b   Thumb Code    96  mmc_sd.o(i.SD_SendCmd)
    SD_WaitReady                             0x080024eb   Thumb Code    30  mmc_sd.o(i.SD_WaitReady)
    SD_WriteDisk                             0x08002509   Thumb Code   124  mmc_sd.o(i.SD_WriteDisk)
    SD_spi_read                              0x08002589   Thumb Code    64  sdio.o(i.SD_spi_read)
    SD_spi_write                             0x080025d1   Thumb Code    64  sdio.o(i.SD_spi_write)
    SPI2_Init                                0x0800261d   Thumb Code   234  spi.o(i.SPI2_Init)
    SPI2_ReadWriteByte                       0x08002715   Thumb Code    60  spi.o(i.SPI2_ReadWriteByte)
    SPI2_SetSpeed                            0x08002755   Thumb Code    32  spi.o(i.SPI2_SetSpeed)
    SPI_Cmd                                  0x08002779   Thumb Code    20  stm32f4xx_spi.o(i.SPI_Cmd)
    SPI_FLASH_Write_Enable                   0x0800278d   Thumb Code    34  flash.o(i.SPI_FLASH_Write_Enable)
    SPI_Flash_Erase_Sector                   0x080027b5   Thumb Code    70  flash.o(i.SPI_Flash_Erase_Sector)
    SPI_Flash_Init                           0x08002801   Thumb Code    22  flash.o(i.SPI_Flash_Init)
    SPI_Flash_Read                           0x0800281d   Thumb Code    86  flash.o(i.SPI_Flash_Read)
    SPI_Flash_ReadID                         0x08002879   Thumb Code    78  flash.o(i.SPI_Flash_ReadID)
    SPI_Flash_ReadSR                         0x080028cd   Thumb Code    42  flash.o(i.SPI_Flash_ReadSR)
    SPI_Flash_Wait_Busy                      0x080028fd   Thumb Code    12  flash.o(i.SPI_Flash_Wait_Busy)
    SPI_Flash_Write                          0x08002909   Thumb Code   150  flash.o(i.SPI_Flash_Write)
    SPI_Flash_Write_NoCheck                  0x080029a5   Thumb Code    62  flash.o(i.SPI_Flash_Write_NoCheck)
    SPI_Flash_Write_Page                     0x080029e5   Thumb Code    92  flash.o(i.SPI_Flash_Write_Page)
    SPI_Init                                 0x08002a45   Thumb Code    56  stm32f4xx_spi.o(i.SPI_Init)
    STM324xG_LCD_Init                        0x08002a7d   Thumb Code  1182  stm324x7i_eval_lcd.o(i.STM324xG_LCD_Init)
    STMFLASH_GetFlashSector                  0x08002f21   Thumb Code   114  intel_flash.o(i.STMFLASH_GetFlashSector)
    STMFLASH_Write                           0x08002fc1   Thumb Code   138  intel_flash.o(i.STMFLASH_Write)
    STM_EVAL_COMInit                         0x08003051   Thumb Code   184  stm324x7i_eval.o(i.STM_EVAL_COMInit)
    STM_EVAL_LEDInit                         0x08003111   Thumb Code    62  stm324x7i_eval.o(i.STM_EVAL_LEDInit)
    STM_EVAL_LEDOn                           0x08003159   Thumb Code    16  stm324x7i_eval.o(i.STM_EVAL_LEDOn)
    STM_EVAL_LEDToggle                       0x08003171   Thumb Code    20  stm324x7i_eval.o(i.STM_EVAL_LEDToggle)
    STM_EVAL_PBGetState                      0x0800318d   Thumb Code    16  stm324x7i_eval.o(i.STM_EVAL_PBGetState)
    STM_EVAL_PBInit                          0x080031a5   Thumb Code   156  stm324x7i_eval.o(i.STM_EVAL_PBInit)
    SYSCFG_EXTILineConfig                    0x08003249   Thumb Code    34  stm32f4xx_syscfg.o(i.SYSCFG_EXTILineConfig)
    SoftReset                                0x080033c5   Thumb Code    30  main.o(i.SoftReset)
    StringToHexGroup                         0x080033ed   Thumb Code   124  bill.o(i.StringToHexGroup)
    SysTick_Handler                          0x08003469   Thumb Code     4  stm32f4xx_it.o(i.SysTick_Handler)
    SystemInit                               0x0800346d   Thumb Code    74  system_stm32f4xx.o(i.SystemInit)
    TIM2_IRQHandler                          0x080034c9   Thumb Code     4  stm32f4xx_it.o(i.TIM2_IRQHandler)
    TIM_ARRPreloadConfig                     0x080034cd   Thumb Code    20  stm32f4xx_tim.o(i.TIM_ARRPreloadConfig)
    TIM_ClearITPendingBit                    0x080034e1   Thumb Code     6  stm32f4xx_tim.o(i.TIM_ClearITPendingBit)
    TIM_Cmd                                  0x080034e7   Thumb Code    20  stm32f4xx_tim.o(i.TIM_Cmd)
    TIM_GetITStatus                          0x080034fb   Thumb Code    24  stm32f4xx_tim.o(i.TIM_GetITStatus)
    TIM_ITConfig                             0x08003513   Thumb Code    16  stm32f4xx_tim.o(i.TIM_ITConfig)
    TIM_TimeBaseInit                         0x08003525   Thumb Code    96  stm32f4xx_tim.o(i.TIM_TimeBaseInit)
    UART4_IRQHandler                         0x080035d5   Thumb Code    82  uart4.o(i.UART4_IRQHandler)
    UART5_IRQHandler                         0x08003635   Thumb Code   192  uart5.o(i.UART5_IRQHandler)
    USART3_IRQHandler                        0x08003701   Thumb Code   206  uart3.o(i.USART3_IRQHandler)
    USART_ClearITPendingBit                  0x080037dd   Thumb Code    12  stm32f4xx_usart.o(i.USART_ClearITPendingBit)
    USART_Cmd                                0x080037e9   Thumb Code    20  stm32f4xx_usart.o(i.USART_Cmd)
    USART_GetITStatus                        0x080037fd   Thumb Code    62  stm32f4xx_usart.o(i.USART_GetITStatus)
    USART_Init                               0x0800383d   Thumb Code   174  stm32f4xx_usart.o(i.USART_Init)
    USART_ReceiveData                        0x080038f5   Thumb Code     8  stm32f4xx_usart.o(i.USART_ReceiveData)
    USBH_Alloc_Channel                       0x080038fd   Thumb Code    52  usbh_hcs.o(i.USBH_Alloc_Channel)
    USBH_BulkReceiveData                     0x08003931   Thumb Code    40  usbh_ioreq.o(i.USBH_BulkReceiveData)
    USBH_BulkSendData                        0x08003959   Thumb Code    44  usbh_ioreq.o(i.USBH_BulkSendData)
    USBH_ClrFeature                          0x08003985   Thumb Code    46  usbh_stdreq.o(i.USBH_ClrFeature)
    USBH_Connected                           0x080039b3   Thumb Code    10  usbh_core.o(i.USBH_Connected)
    USBH_CtlReceiveData                      0x080039bd   Thumb Code    36  usbh_ioreq.o(i.USBH_CtlReceiveData)
    USBH_CtlReq                              0x080039e1   Thumb Code    70  usbh_ioreq.o(i.USBH_CtlReq)
    USBH_CtlSendData                         0x08003a27   Thumb Code    54  usbh_ioreq.o(i.USBH_CtlSendData)
    USBH_CtlSendSetup                        0x08003a5d   Thumb Code    38  usbh_ioreq.o(i.USBH_CtlSendSetup)
    USBH_DeAllocate_AllChannel               0x08003a83   Thumb Code    24  usbh_hcs.o(i.USBH_DeAllocate_AllChannel)
    USBH_DeInit                              0x08003a9b   Thumb Code    52  usbh_core.o(i.USBH_DeInit)
    USBH_Disconnected                        0x08003acf   Thumb Code    10  usbh_core.o(i.USBH_Disconnected)
    USBH_ErrorHandle                         0x08003ad9   Thumb Code    44  usbh_core.o(i.USBH_ErrorHandle)
    USBH_Free_Channel                        0x08003b05   Thumb Code    26  usbh_hcs.o(i.USBH_Free_Channel)
    USBH_GetDescriptor                       0x08003b1f   Thumb Code    48  usbh_stdreq.o(i.USBH_GetDescriptor)
    USBH_GetNextDesc                         0x08003b4f   Thumb Code    14  usbh_stdreq.o(i.USBH_GetNextDesc)
    USBH_Get_CfgDesc                         0x08003b5d   Thumb Code    84  usbh_stdreq.o(i.USBH_Get_CfgDesc)
    USBH_Get_DevDesc                         0x08003bb5   Thumb Code   132  usbh_stdreq.o(i.USBH_Get_DevDesc)
    USBH_Get_StringDesc                      0x08003c39   Thumb Code    72  usbh_stdreq.o(i.USBH_Get_StringDesc)
    USBH_HandleControl                       0x08003c81   Thumb Code   464  usbh_core.o(i.USBH_HandleControl)
    USBH_Init                                0x08003ff1   Thumb Code    62  usbh_core.o(i.USBH_Init)
    USBH_MSC_BOT_Abort                       0x08004031   Thumb Code    48  usbh_msc_bot.o(i.USBH_MSC_BOT_Abort)
    USBH_MSC_DecodeCSW                       0x08004075   Thumb Code    78  usbh_msc_bot.o(i.USBH_MSC_DecodeCSW)
    USBH_MSC_ErrorHandle                     0x080040d1   Thumb Code    42  usbh_msc_core.o(i.USBH_MSC_ErrorHandle)
    USBH_MSC_HandleBOTXfer                   0x08004269   Thumb Code   528  usbh_msc_bot.o(i.USBH_MSC_HandleBOTXfer)
    USBH_MSC_Init                            0x08004485   Thumb Code    40  usbh_msc_bot.o(i.USBH_MSC_Init)
    USBH_MSC_ModeSense6                      0x08004599   Thumb Code   142  usbh_msc_scsi.o(i.USBH_MSC_ModeSense6)
    USBH_MSC_Read10                          0x08004635   Thumb Code   204  usbh_msc_scsi.o(i.USBH_MSC_Read10)
    USBH_MSC_ReadCapacity10                  0x0800470d   Thumb Code   148  usbh_msc_scsi.o(i.USBH_MSC_ReadCapacity10)
    USBH_MSC_RequestSense                    0x080047ad   Thumb Code   146  usbh_msc_scsi.o(i.USBH_MSC_RequestSense)
    USBH_MSC_TestUnitReady                   0x0800484d   Thumb Code   116  usbh_msc_scsi.o(i.USBH_MSC_TestUnitReady)
    USBH_MSC_Write10                         0x080048cd   Thumb Code   148  usbh_msc_scsi.o(i.USBH_MSC_Write10)
    USBH_Modify_Channel                      0x08004969   Thumb Code    50  usbh_hcs.o(i.USBH_Modify_Channel)
    USBH_OTG_ISR_Handler                     0x0800499b   Thumb Code   168  usb_hcd_int.o(i.USBH_OTG_ISR_Handler)
    USBH_Open_Channel                        0x08004a43   Thumb Code    80  usbh_hcs.o(i.USBH_Open_Channel)
    USBH_Process                             0x08004bdb   Thumb Code   388  usbh_core.o(i.USBH_Process)
    USBH_SOF                                 0x08004d5f   Thumb Code     4  usbh_core.o(i.USBH_SOF)
    USBH_SetAddress                          0x08004d63   Thumb Code    24  usbh_stdreq.o(i.USBH_SetAddress)
    USBH_SetCfg                              0x08004d7b   Thumb Code    24  usbh_stdreq.o(i.USBH_SetCfg)
    USBH_USR_Configuration_DescAvailable     0x08004d95   Thumb Code    34  usbh_usr.o(i.USBH_USR_Configuration_DescAvailable)
    USBH_USR_DeInit                          0x08004dc1   Thumb Code     8  usbh_usr.o(i.USBH_USR_DeInit)
    USBH_USR_DeviceAddressAssigned           0x08004dcd   Thumb Code     2  usbh_usr.o(i.USBH_USR_DeviceAddressAssigned)
    USBH_USR_DeviceAttached                  0x08004dd1   Thumb Code    14  usbh_usr.o(i.USBH_USR_DeviceAttached)
    USBH_USR_DeviceDisconnected              0x08004de9   Thumb Code    50  usbh_usr.o(i.USBH_USR_DeviceDisconnected)
    USBH_USR_DeviceNotSupported              0x08004e55   Thumb Code    30  usbh_usr.o(i.USBH_USR_DeviceNotSupported)
    USBH_USR_DeviceSpeedDetected             0x08004e99   Thumb Code    46  usbh_usr.o(i.USBH_USR_DeviceSpeedDetected)
    USBH_USR_Device_DescAvailable            0x08004ed1   Thumb Code    34  usbh_usr.o(i.USBH_USR_Device_DescAvailable)
    USBH_USR_EnumerationDone                 0x08004f19   Thumb Code    50  usbh_usr.o(i.USBH_USR_EnumerationDone)
    USBH_USR_Init                            0x08004fa1   Thumb Code   154  usbh_usr.o(i.USBH_USR_Init)
    USBH_USR_MSC_Application                 0x080050e1   Thumb Code   510  usbh_usr.o(i.USBH_USR_MSC_Application)
    USBH_USR_Manufacturer_String             0x080054d5   Thumb Code    16  usbh_usr.o(i.USBH_USR_Manufacturer_String)
    USBH_USR_OverCurrentDetected             0x080054fd   Thumb Code    30  usbh_usr.o(i.USBH_USR_OverCurrentDetected)
    USBH_USR_Product_String                  0x08005541   Thumb Code    16  usbh_usr.o(i.USBH_USR_Product_String)
    USBH_USR_ResetDevice                     0x08005565   Thumb Code     2  usbh_usr.o(i.USBH_USR_ResetDevice)
    USBH_USR_SerialNum_String                0x08005569   Thumb Code    16  usbh_usr.o(i.USBH_USR_SerialNum_String)
    USBH_USR_UnrecoveredError                0x08005591   Thumb Code    30  usbh_usr.o(i.USBH_USR_UnrecoveredError)
    USBH_USR_UserInput                       0x080055c1   Thumb Code    18  usbh_usr.o(i.USBH_USR_UserInput)
    USB_MSC_Init                             0x080055d5   Thumb Code    30  usbmsc_task.o(i.USB_MSC_Init)
    USB_OTG_BSP_ConfigVBUS                   0x080055fd   Thumb Code     2  usb_bsp.o(i.USB_OTG_BSP_ConfigVBUS)
    USB_OTG_BSP_DriveVBUS                    0x080055ff   Thumb Code     2  usb_bsp.o(i.USB_OTG_BSP_DriveVBUS)
    USB_OTG_BSP_EnableInterrupt              0x08005601   Thumb Code    40  usb_bsp.o(i.USB_OTG_BSP_EnableInterrupt)
    USB_OTG_BSP_Init                         0x08005629   Thumb Code   356  usb_bsp.o(i.USB_OTG_BSP_Init)
    USB_OTG_BSP_TimerIRQ                     0x080057a1   Thumb Code    50  usb_bsp.o(i.USB_OTG_BSP_TimerIRQ)
    USB_OTG_BSP_mDelay                       0x080057d9   Thumb Code     6  usb_bsp.o(i.USB_OTG_BSP_mDelay)
    USB_OTG_BSP_uDelay                       0x080057df   Thumb Code     6  usb_bsp.o(i.USB_OTG_BSP_uDelay)
    USB_OTG_CoreInit                         0x080057e5   Thumb Code   132  usb_core.o(i.USB_OTG_CoreInit)
    USB_OTG_CoreInitHost                     0x08005869   Thumb Code   168  usb_core.o(i.USB_OTG_CoreInitHost)
    USB_OTG_DisableGlobalInt                 0x08005969   Thumb Code    16  usb_core.o(i.USB_OTG_DisableGlobalInt)
    USB_OTG_DriveVbus                        0x08005979   Thumb Code    60  usb_core.o(i.USB_OTG_DriveVbus)
    USB_OTG_EnableGlobalInt                  0x080059b5   Thumb Code    16  usb_core.o(i.USB_OTG_EnableGlobalInt)
    USB_OTG_EnableHostInt                    0x080059c5   Thumb Code    66  usb_core.o(i.USB_OTG_EnableHostInt)
    USB_OTG_FlushRxFifo                      0x08005a0d   Thumb Code    54  usb_core.o(i.USB_OTG_FlushRxFifo)
    USB_OTG_FlushTxFifo                      0x08005a49   Thumb Code    62  usb_core.o(i.USB_OTG_FlushTxFifo)
    USB_OTG_HC_DoPing                        0x08005a8d   Thumb Code    42  usb_core.o(i.USB_OTG_HC_DoPing)
    USB_OTG_HC_Halt                          0x08005ab7   Thumb Code    60  usb_core.o(i.USB_OTG_HC_Halt)
    USB_OTG_HC_Init                          0x08005af3   Thumb Code   236  usb_core.o(i.USB_OTG_HC_Init)
    USB_OTG_HC_StartXfer                     0x08005bdf   Thumb Code   256  usb_core.o(i.USB_OTG_HC_StartXfer)
    USB_OTG_InitFSLSPClkSel                  0x08005cdf   Thumb Code    12  usb_core.o(i.USB_OTG_InitFSLSPClkSel)
    USB_OTG_IsEvenFrame                      0x08005ceb   Thumb Code    12  usb_core.o(i.USB_OTG_IsEvenFrame)
    USB_OTG_IsHostMode                       0x08005cf7   Thumb Code    14  usb_core.o(i.USB_OTG_IsHostMode)
    USB_OTG_ReadCoreItr                      0x08005d05   Thumb Code    10  usb_core.o(i.USB_OTG_ReadCoreItr)
    USB_OTG_ReadHPRT0                        0x08005d0f   Thumb Code    12  usb_core.o(i.USB_OTG_ReadHPRT0)
    USB_OTG_ReadHostAllChannels_intr         0x08005d1b   Thumb Code     6  usb_core.o(i.USB_OTG_ReadHostAllChannels_intr)
    USB_OTG_ReadPacket                       0x08005d21   Thumb Code    32  usb_core.o(i.USB_OTG_ReadPacket)
    USB_OTG_ResetPort                        0x08005d41   Thumb Code    42  usb_core.o(i.USB_OTG_ResetPort)
    USB_OTG_SelectCore                       0x08005d6d   Thumb Code   192  usb_core.o(i.USB_OTG_SelectCore)
    USB_OTG_SetCurrentMode                   0x08005e31   Thumb Code    42  usb_core.o(i.USB_OTG_SetCurrentMode)
    USB_OTG_WritePacket                      0x08006c2d   Thumb Code    40  usb_core.o(i.USB_OTG_WritePacket)
    UsageFault_Handler                       0x08006c55   Thumb Code     2  stm32f4xx_it.o(i.UsageFault_Handler)
    __0printf                                0x08006c59   Thumb Code    22  printfa.o(i.__0printf)
    __1printf                                0x08006c59   Thumb Code     0  printfa.o(i.__0printf)
    __2printf                                0x08006c59   Thumb Code     0  printfa.o(i.__0printf)
    __c89printf                              0x08006c59   Thumb Code     0  printfa.o(i.__0printf)
    printf                                   0x08006c59   Thumb Code     0  printfa.o(i.__0printf)
    __scatterload_copy                       0x08006c79   Thumb Code    14  handlers.o(i.__scatterload_copy)
    __scatterload_null                       0x08006c87   Thumb Code     2  handlers.o(i.__scatterload_null)
    __scatterload_zeroinit                   0x08006c89   Thumb Code    14  handlers.o(i.__scatterload_zeroinit)
    clust2sect                               0x080077d5   Thumb Code    24  ff.o(i.clust2sect)
    disk_initialize                          0x0800803d   Thumb Code    80  diskio.o(i.disk_initialize)
    disk_ioctl                               0x08008099   Thumb Code   116  diskio.o(i.disk_ioctl)
    disk_read                                0x08008115   Thumb Code   152  diskio.o(i.disk_read)
    disk_status                              0x080081b9   Thumb Code     6  diskio.o(i.disk_status)
    disk_write                               0x080081c5   Thumb Code   156  diskio.o(i.disk_write)
    f_chdrive                                0x0800826d   Thumb Code    16  ff.o(i.f_chdrive)
    f_close                                  0x08008281   Thumb Code    18  ff.o(i.f_close)
    f_lseek                                  0x08008293   Thumb Code   332  ff.o(i.f_lseek)
    f_mount                                  0x080083e1   Thumb Code    68  ff.o(i.f_mount)
    f_open                                   0x08008429   Thumb Code   354  ff.o(i.f_open)
    f_opendir                                0x0800858b   Thumb Code   128  ff.o(i.f_opendir)
    f_read                                   0x0800860b   Thumb Code   374  ff.o(i.f_read)
    f_readdir                                0x08008781   Thumb Code   134  ff.o(i.f_readdir)
    f_sync                                   0x08008807   Thumb Code   182  ff.o(i.f_sync)
    f_write                                  0x080088bd   Thumb Code   430  ff.o(i.f_write)
    ff_convert                               0x08008a6d   Thumb Code    68  cc936.o(i.ff_convert)
    ff_cre_syncobj                           0x08008ab9   Thumb Code    20  syscall.o(i.ff_cre_syncobj)
    ff_del_syncobj                           0x08008acd   Thumb Code     4  syscall.o(i.ff_del_syncobj)
    ff_memalloc                              0x08008ad1   Thumb Code     4  syscall.o(i.ff_memalloc)
    ff_memfree                               0x08008ad5   Thumb Code     4  syscall.o(i.ff_memfree)
    ff_rel_grant                             0x08008ad9   Thumb Code    10  syscall.o(i.ff_rel_grant)
    ff_req_grant                             0x08008ae3   Thumb Code    22  syscall.o(i.ff_req_grant)
    ff_wtoupper                              0x08008af9   Thumb Code    28  cc936.o(i.ff_wtoupper)
    fputc                                    0x08008b9d   Thumb Code   222  lcd_log.o(i.fputc)
    gen_numname                              0x08008c85   Thumb Code   118  ff.o(i.gen_numname)
    get_fat                                  0x08008cfb   Thumb Code   184  ff.o(i.get_fat)
    get_fattime                              0x08008db3   Thumb Code    72  diskio.o(i.get_fattime)
    iap_load_app                             0x08008ecd   Thumb Code    56  main.o(i.iap_load_app)
    main                                     0x08008f19   Thumb Code    44  main.o(i.main)
    put_fat                                  0x080091fd   Thumb Code   248  ff.o(i.put_fat)
    pvPortMalloc                             0x080092f5   Thumb Code   126  heap_4.o(i.pvPortMalloc)
    pxPortInitialiseStack                    0x08009379   Thumb Code    34  port.o(i.pxPortInitialiseStack)
    usbmsc_task                              0x080094e9   Thumb Code    76  usbmsc_task.o(i.usbmsc_task)
    uxListRemove                             0x08009541   Thumb Code    38  list.o(i.uxListRemove)
    vListInitialise                          0x08009567   Thumb Code    22  list.o(i.vListInitialise)
    vListInitialiseItem                      0x0800957d   Thumb Code     6  list.o(i.vListInitialiseItem)
    vListInsert                              0x08009583   Thumb Code    48  list.o(i.vListInsert)
    vListInsertEnd                           0x080095b3   Thumb Code    28  list.o(i.vListInsertEnd)
    vPortEnterCritical                       0x080095d1   Thumb Code    16  port.o(i.vPortEnterCritical)
    vPortExitCritical                        0x080095e5   Thumb Code    16  port.o(i.vPortExitCritical)
    vPortFree                                0x080095f9   Thumb Code    40  heap_4.o(i.vPortFree)
    vPortSetupTimerInterrupt                 0x08009625   Thumb Code    26  port.o(i.vPortSetupTimerInterrupt)
    vPortYieldFromISR                        0x08009645   Thumb Code    10  port.o(i.vPortYieldFromISR)
    vTaskDelete                              0x08009655   Thumb Code    90  tasks.o(i.vTaskDelete)
    vTaskIncrementTick                       0x080096b9   Thumb Code   162  tasks.o(i.vTaskIncrementTick)
    vTaskMissedYield                         0x08009765   Thumb Code     8  tasks.o(i.vTaskMissedYield)
    vTaskPlaceOnEventList                    0x08009771   Thumb Code    60  tasks.o(i.vTaskPlaceOnEventList)
    vTaskPriorityDisinherit                  0x080097b5   Thumb Code    64  tasks.o(i.vTaskPriorityDisinherit)
    vTaskPriorityInherit                     0x080097fd   Thumb Code    92  tasks.o(i.vTaskPriorityInherit)
    vTaskSetTimeOutState                     0x08009861   Thumb Code    22  tasks.o(i.vTaskSetTimeOutState)
    vTaskStartScheduler                      0x0800987d   Thumb Code    60  tasks.o(i.vTaskStartScheduler)
    vTaskSuspendAll                          0x080098c9   Thumb Code    10  tasks.o(i.vTaskSuspendAll)
    vTaskSwitchContext                       0x080098d9   Thumb Code    78  tasks.o(i.vTaskSwitchContext)
    xPortStartScheduler                      0x08009961   Thumb Code    52  port.o(i.xPortStartScheduler)
    xPortSysTickHandler                      0x080099a1   Thumb Code    28  port.o(i.xPortSysTickHandler)
    xQueueCreateMutex                        0x080099c1   Thumb Code    80  queue.o(i.xQueueCreateMutex)
    xQueueGenericReceive                     0x08009a11   Thumb Code   296  queue.o(i.xQueueGenericReceive)
    xQueueGenericSend                        0x08009b39   Thumb Code   242  queue.o(i.xQueueGenericSend)
    xQueueGenericSendFromISR                 0x08009c2b   Thumb Code   116  queue.o(i.xQueueGenericSendFromISR)
    xTaskCheckForTimeOut                     0x08009ca1   Thumb Code    88  tasks.o(i.xTaskCheckForTimeOut)
    xTaskGenericCreate                       0x08009cfd   Thumb Code   374  tasks.o(i.xTaskGenericCreate)
    xTaskGetCurrentTaskHandle                0x08009e81   Thumb Code     6  tasks.o(i.xTaskGetCurrentTaskHandle)
    xTaskRemoveFromEventList                 0x08009e8d   Thumb Code    86  tasks.o(i.xTaskRemoveFromEventList)
    xTaskResumeAll                           0x08009ef1   Thumb Code   170  tasks.o(i.xTaskResumeAll)
    MSG_DEV_ATTACHED                         0x08009fa4   Data          20  usbh_usr.o(.constdata)
    MSG_DEV_DISCONNECTED                     0x08009fb8   Data          23  usbh_usr.o(.constdata)
    MSG_DEV_ENUMERATED                       0x08009fcf   Data          26  usbh_usr.o(.constdata)
    MSG_DEV_HIGHSPEED                        0x08009fe9   Data          30  usbh_usr.o(.constdata)
    MSG_DEV_FULLSPEED                        0x0800a007   Data          30  usbh_usr.o(.constdata)
    MSG_DEV_LOWSPEED                         0x0800a025   Data          29  usbh_usr.o(.constdata)
    MSG_DEV_ERROR                            0x0800a042   Data          17  usbh_usr.o(.constdata)
    MSG_MSC_CLASS                            0x0800a053   Data          33  usbh_usr.o(.constdata)
    MSG_HID_CLASS                            0x0800a074   Data          24  usbh_usr.o(.constdata)
    MSG_ROOT_CONT                            0x0800a08c   Data          28  usbh_usr.o(.constdata)
    MSG_WR_PROTECT                           0x0800a0a8   Data          31  usbh_usr.o(.constdata)
    MSG_UNREC_ERROR                          0x0800a0c7   Data          27  usbh_usr.o(.constdata)
    COM_TX_PIN                               0x0800a0e4   Data           2  stm324x7i_eval.o(.constdata)
    COM_RX_PIN                               0x0800a0e6   Data           2  stm324x7i_eval.o(.constdata)
    COM_TX_PIN_SOURCE                        0x0800a0e8   Data           2  stm324x7i_eval.o(.constdata)
    COM_RX_PIN_SOURCE                        0x0800a0ea   Data           2  stm324x7i_eval.o(.constdata)
    COM_TX_AF                                0x0800a0ec   Data           2  stm324x7i_eval.o(.constdata)
    COM_RX_AF                                0x0800a0ee   Data           2  stm324x7i_eval.o(.constdata)
    COM_USART_CLK                            0x0800a0f0   Data           4  stm324x7i_eval.o(.constdata)
    COM_TX_PORT_CLK                          0x0800a0f4   Data           4  stm324x7i_eval.o(.constdata)
    COM_RX_PORT_CLK                          0x0800a0f8   Data           4  stm324x7i_eval.o(.constdata)
    BUTTON_PIN                               0x0800a0fc   Data           6  stm324x7i_eval.o(.constdata)
    BUTTON_EXTI_LINE                         0x0800a102   Data           6  stm324x7i_eval.o(.constdata)
    BUTTON_PORT_SOURCE                       0x0800a108   Data           6  stm324x7i_eval.o(.constdata)
    BUTTON_PIN_SOURCE                        0x0800a10e   Data           6  stm324x7i_eval.o(.constdata)
    BUTTON_IRQn                              0x0800a114   Data           6  stm324x7i_eval.o(.constdata)
    GPIO_PIN                                 0x0800a11a   Data           8  stm324x7i_eval.o(.constdata)
    GPIO_CLK                                 0x0800a124   Data          16  stm324x7i_eval.o(.constdata)
    BUTTON_CLK                               0x0800a134   Data          12  stm324x7i_eval.o(.constdata)
    ASCII16x24_Table                         0x0800a140   Data        4560  stm324x7i_eval_lcd.o(.constdata)
    ASCII12x12_Table                         0x0800b310   Data        2304  stm324x7i_eval_lcd.o(.constdata)
    ASCII8x12_Table                          0x0800bc10   Data        2304  stm324x7i_eval_lcd.o(.constdata)
    Region$$Table$$Base                      0x08037214   Number         0  anon$$obj.o(Region$$Table)
    Region$$Table$$Limit                     0x08037234   Number         0  anon$$obj.o(Region$$Table)
    SystemCoreClock                          0x20000000   Data           4  system_stm32f4xx.o(.data)
    AHBPrescTable                            0x20000004   Data          16  system_stm32f4xx.o(.data)
    pSensor                                  0x20000014   Data           4  main.o(.data)
    JumpAddress                              0x20000018   Data           4  main.o(.data)
    EthStatus                                0x20000024   Data           4  stm32f4x7_eth_bsp.o(.data)
    ETH_link_xSemaphore                      0x20000028   Data           4  stm32f4x7_eth_bsp.o(.data)
    CoinsCount                               0x2000002c   Data           4  stm32f4xx_it.o(.data)
    CoinsTotoalMessageWriteToFlash           0x20000030   Data           2  user_record.o(.data)
    BSP_delay                                0x20000034   Data           4  usb_bsp.o(.data)
    USBH_USR_ApplicationState                0x20000038   Data           1  usbh_usr.o(.data)
    line_idx                                 0x20000039   Data           1  usbh_usr.o(.data)
    USR_cb                                   0x20000044   Data          72  usbh_usr.o(.data)
    s_xSemaphore                             0x20000090   Data           4  ethernetif.o(.data)
    USBH_HCD_INT_cb                          0x200000ac   Data          12  usbh_core.o(.data)
    USBH_HCD_INT_fops                        0x200000b8   Data           4  usbh_core.o(.data)
    MSCErrorCount                            0x200000d4   Data           1  usbh_msc_core.o(.data)
    USBH_MSC_cb                              0x200000d8   Data          16  usbh_msc_core.o(.data)
    COM_USART                                0x200000e8   Data           4  stm324x7i_eval.o(.data)
    COM_TX_PORT                              0x200000ec   Data           4  stm324x7i_eval.o(.data)
    COM_RX_PORT                              0x200000f0   Data           4  stm324x7i_eval.o(.data)
    NVIC_InitStructure                       0x200000f4   Data           4  stm324x7i_eval.o(.data)
    GPIO_PORT                                0x200000f8   Data          16  stm324x7i_eval.o(.data)
    BUTTON_PORT                              0x20000108   Data          12  stm324x7i_eval.o(.data)
    lcdid                                    0x20000120   Data           4  stm324x7i_eval_lcd.o(.data)
    Font16x24                                0x20000128   Data           8  stm324x7i_eval_lcd.o(.data)
    Font12x12                                0x20000130   Data           8  stm324x7i_eval_lcd.o(.data)
    Font8x12                                 0x20000138   Data           8  stm324x7i_eval_lcd.o(.data)
    LCD_CacheBuffer_yptr_invert              0x20000140   Data           1  lcd_log.o(.data)
    LCD_ScrollActive                         0x20000141   Data           1  lcd_log.o(.data)
    LCD_Lock                                 0x20000142   Data           1  lcd_log.o(.data)
    LCD_Scrolled                             0x20000143   Data           1  lcd_log.o(.data)
    LCD_LineColor                            0x20000144   Data           2  lcd_log.o(.data)
    LCD_CacheBuffer_xptr                     0x20000146   Data           2  lcd_log.o(.data)
    LCD_CacheBuffer_yptr_top                 0x20000148   Data           2  lcd_log.o(.data)
    LCD_CacheBuffer_yptr_bottom              0x2000014a   Data           2  lcd_log.o(.data)
    LCD_CacheBuffer_yptr_top_bak             0x2000014c   Data           2  lcd_log.o(.data)
    LCD_CacheBuffer_yptr_bottom_bak          0x2000014e   Data           2  lcd_log.o(.data)
    LCD_ScrollBackStep                       0x20000150   Data           2  lcd_log.o(.data)
    SPI_FLASH_TYPE                           0x20000152   Data           2  flash.o(.data)
    is_init                                  0x20000154   Data           1  sdio.o(.data)
    SD_Type                                  0x20000155   Data           1  mmc_sd.o(.data)
    UART_InpLen                              0x20000158   Data           1  uart3.o(.data)
    RX_IndexR                                0x2000015c   Data           4  uart3.o(.data)
    RX_IndexW                                0x20000160   Data           4  uart3.o(.data)
    pScreenFrame                             0x20000168   Data           4  uart3.o(.data)
    pUart3_xQueue                            0x2000016c   Data           4  uart3.o(.data)
    rx4DataLen                               0x20000170   Data           1  uart4.o(.data)
    rx4Check                                 0x20000171   Data           1  uart4.o(.data)
    Coins_cnt                                0x20000174   Data           4  mini_hopper.o(.data)
    RX5_RCV                                  0x20000178   Data           1  uart5.o(.data)
    tmp_hour                                 0x2000018c   Data           1  rtc.o(.data)
    tmp_minute                               0x2000018d   Data           1  rtc.o(.data)
    tmp_second                               0x2000018e   Data           1  rtc.o(.data)
    tmp_data                                 0x2000018f   Data           1  rtc.o(.data)
    tmp_week                                 0x20000190   Data           1  rtc.o(.data)
    tmp_month                                0x20000191   Data           1  rtc.o(.data)
    tmp_year                                 0x20000192   Data           1  rtc.o(.data)
    AsynchPrediv                             0x20000194   Data           4  rtc.o(.data)
    SynchPrediv                              0x20000198   Data           4  rtc.o(.data)
    FLASH_SECTOR_COUNT                       0x2000019e   Data           2  diskio.o(.data)
    pxCurrentTCB                             0x200001a4   Data           4  tasks.o(.data)
    xTickCount                               0x200001b0   Data           4  tasks.o(.data)
    __stdout                                 0x200001f4   Data           4  stdout.o(.data)
    mealname_1st                             0x200001f8   Data          20  user_record.o(.bss)
    mealname_2nd                             0x2000020c   Data          20  user_record.o(.bss)
    mealname_3rd                             0x20000220   Data          20  user_record.o(.bss)
    mealname_4th                             0x20000234   Data          20  user_record.o(.bss)
    DefineMeal                               0x20000248   Data         188  user_record.o(.bss)
    UserActMessageWriteToFlash               0x20000304   Data         184  user_record.o(.bss)
    FloorMealMessageWriteToFlash             0x200003bc   Data          90  user_record.o(.bss)
    Meal_Union                               0x20000416   Data         188  user_record.o(.bss)
    fatfs                                    0x20000654   Data         568  usbh_usr.o(.bss)
    file                                     0x2000088c   Data         548  usbh_usr.o(.bss)
    Image_Buf                                0x20000ab0   Data         720  usbh_usr.o(.bss)
    USB_OTG_Core                             0x20000d80   Data        1452  usbmsc_task.o(.bss)
    USB_Host                                 0x2000132c   Data         132  usbmsc_task.o(.bss)
    USBH_CfgDesc                             0x200013b0   Data         512  usbh_stdreq.o(.bss)
    USBH_MSC_Param                           0x200015b0   Data          16  usbh_msc_scsi.o(.bss)
    USBH_DataInBuffer                        0x200015c0   Data         512  usbh_msc_scsi.o(.bss)
    USBH_MSC_CBWData                         0x200017c0   Data          32  usbh_msc_bot.o(.bss)
    USBH_MSC_CSWData                         0x200017e0   Data          16  usbh_msc_bot.o(.bss)
    USBH_MSC_BOTXferParam                    0x200017f0   Data          16  usbh_msc_bot.o(.bss)
    MSC_Machine                              0x20001800   Data         522  usbh_msc_core.o(.bss)
    LCD_CacheBuffer                          0x20001a0a   Data         624  lcd_log.o(.bss)
    SPI_FLASH_BUFFER                         0x20001c7a   Data        4096  flash.o(.bss)
    RX3_BUFF                                 0x20002c7a   Data         100  uart3.o(.bss)
    ScreenFrame                              0x20002cde   Data          11  uart3.o(.bss)
    RX4Buffer                                0x20002ce9   Data          40  uart4.o(.bss)
    BillDataBuffer                           0x20002d11   Data          20  uart4.o(.bss)
    RX5_BUF                                  0x20002d25   Data         336  uart5.o(.bss)
    RTC_InitStructure                        0x20002e78   Data          12  rtc.o(.bss)
    __initial_sp                             0x20012818   Data           0  startup_stm32f4xx.o(STACK)



==============================================================================

Memory Map of the image

  Image Entry point : 0x08000189

  Load Region LR_IROM1 (Base: 0x08000000, Size: 0x0003742c, Max: 0x00040000, ABSOLUTE, COMPRESSED[0x000372f4])

    Execution Region ER_IROM1 (Base: 0x08000000, Size: 0x00037234, Max: 0x00040000, ABSOLUTE)

    Base Addr    Size         Type   Attr      Idx    E Section Name        Object

    0x08000000   0x00000188   Data   RO          146    RESET               startup_stm32f4xx.o
    0x08000188   0x00000000   Code   RO        11480  * .ARM.Collect$$$$00000000  mc_w.l(entry.o)
    0x08000188   0x00000004   Code   RO        11835    .ARM.Collect$$$$00000001  mc_w.l(entry2.o)
    0x0800018c   0x00000004   Code   RO        11838    .ARM.Collect$$$$00000004  mc_w.l(entry5.o)
    0x08000190   0x00000000   Code   RO        11840    .ARM.Collect$$$$00000008  mc_w.l(entry7b.o)
    0x08000190   0x00000000   Code   RO        11842    .ARM.Collect$$$$0000000A  mc_w.l(entry8b.o)
    0x08000190   0x00000008   Code   RO        11843    .ARM.Collect$$$$0000000B  mc_w.l(entry9a.o)
    0x08000198   0x00000000   Code   RO        11845    .ARM.Collect$$$$0000000D  mc_w.l(entry10a.o)
    0x08000198   0x00000000   Code   RO        11847    .ARM.Collect$$$$0000000F  mc_w.l(entry11a.o)
    0x08000198   0x00000004   Code   RO        11836    .ARM.Collect$$$$00002712  mc_w.l(entry2.o)
    0x0800019c   0x000000a8   Code   RO        11351    .emb_text           port.o
    0x08000244   0x00000024   Code   RO          147    .text               startup_stm32f4xx.o
    0x08000268   0x00000024   Code   RO        11485    .text               mc_w.l(memcpya.o)
    0x0800028c   0x00000024   Code   RO        11487    .text               mc_w.l(memseta.o)
    0x080002b0   0x00000018   Code   RO        11489    .text               mc_w.l(strcat.o)
    0x080002c8   0x00000024   Code   RO        11491    .text               mc_w.l(strstr.o)
    0x080002ec   0x00000018   Code   RO        11493    .text               mc_w.l(strncpy.o)
    0x08000304   0x00000012   Code   RO        11503    .text               mc_w.l(strcpy.o)
    0x08000316   0x0000014e   Code   RO        11800    .text               mf_w.l(dadd.o)
    0x08000464   0x000000e4   Code   RO        11802    .text               mf_w.l(dmul.o)
    0x08000548   0x00000028   Code   RO        11814    .text               mf_w.l(cdrcmple.o)
    0x08000570   0x0000002c   Code   RO        11850    .text               mc_w.l(uidiv.o)
    0x0800059c   0x00000062   Code   RO        11852    .text               mc_w.l(uldiv.o)
    0x080005fe   0x0000001e   Code   RO        11854    .text               mc_w.l(llshl.o)
    0x0800061c   0x00000020   Code   RO        11856    .text               mc_w.l(llushr.o)
    0x0800063c   0x00000024   Code   RO        11858    .text               mc_w.l(llsshr.o)
    0x08000660   0x00000000   Code   RO        11869    .text               mc_w.l(iusefp.o)
    0x08000660   0x000000be   Code   RO        11870    .text               mf_w.l(depilogue.o)
    0x0800071e   0x000000de   Code   RO        11872    .text               mf_w.l(ddiv.o)
    0x080007fc   0x00000030   Code   RO        11878    .text               mf_w.l(dfixul.o)
    0x0800082c   0x00000024   Code   RO        11880    .text               mc_w.l(init.o)
    0x08000850   0x0000005c   Code   RO        11892    .text               mc_w.l(__dczerorl2.o)
    0x080008ac   0x00000068   Code   RO        10333    i.AppRTC_Init       rtc.o
    0x08000914   0x00000024   Code   RO         1642    i.BSP_Delay         usb_bsp.o
    0x08000938   0x0000006a   Code   RO         1643    i.BSP_SetTime       usb_bsp.o
    0x080009a2   0x00000002   PAD
    0x080009a4   0x00000124   Code   RO         1712    i.Bin_Browser       usbh_usr.o
    0x08000ac8   0x00000002   Code   RO          638    i.BusFault_Handler  stm32f4xx_it.o
    0x08000aca   0x0000002a   Code   RO          843    i.DebugComPort_Init  serial_debug.o
    0x08000af4   0x00000002   Code   RO          639    i.DebugMon_Handler  stm32f4xx_it.o
    0x08000af6   0x00000002   PAD
    0x08000af8   0x0000000c   Code   RO         8334    i.ETH_DMAClearITPendingBit  stm32f4x7_eth.o
    0x08000b04   0x00000014   Code   RO         8356    i.ETH_GetDMAFlagStatus  stm32f4x7_eth.o
    0x08000b18   0x0000003c   Code   RO          640    i.ETH_IRQHandler    stm32f4xx_it.o
    0x08000b54   0x000000ac   Code   RO          641    i.EXTI15_10_IRQHandler  stm32f4xx_it.o
    0x08000c00   0x00000028   Code   RO          642    i.EXTI1_IRQHandler  stm32f4xx_it.o
    0x08000c28   0x0000000c   Code   RO         5082    i.EXTI_ClearITPendingBit  stm32f4xx_exti.o
    0x08000c34   0x00000020   Code   RO         5086    i.EXTI_GetITStatus  stm32f4xx_exti.o
    0x08000c54   0x00000070   Code   RO         5087    i.EXTI_Init         stm32f4xx_exti.o
    0x08000cc4   0x00000194   Code   RO         1713    i.Explore_Disk      usbh_usr.o
    0x08000e58   0x0000001c   Code   RO         5144    i.FLASH_DataCacheCmd  stm32f4xx_flash.o
    0x08000e74   0x0000006c   Code   RO         5147    i.FLASH_EraseSector  stm32f4xx_flash.o
    0x08000ee0   0x00000034   Code   RO         5149    i.FLASH_GetStatus   stm32f4xx_flash.o
    0x08000f14   0x00000010   Code   RO         5153    i.FLASH_Lock        stm32f4xx_flash.o
    0x08000f24   0x0000003c   Code   RO         5171    i.FLASH_ProgramWord  stm32f4xx_flash.o
    0x08000f60   0x00000024   Code   RO         5173    i.FLASH_Unlock      stm32f4xx_flash.o
    0x08000f84   0x0000001e   Code   RO         5174    i.FLASH_WaitForLastOperation  stm32f4xx_flash.o
    0x08000fa2   0x00000002   PAD
    0x08000fa4   0x00000020   Code   RO         5360    i.FSMC_NORSRAMCmd   stm32f4xx_fsmc.o
    0x08000fc4   0x000000c0   Code   RO         5362    i.FSMC_NORSRAMInit  stm32f4xx_fsmc.o
    0x08001084   0x000000dc   Code   RO         1714    i.Flash_Upload      usbh_usr.o
    0x08001160   0x00000078   Code   RO         5478    i.GPIO_Init         stm32f4xx_gpio.o
    0x080011d8   0x00000020   Code   RO         5479    i.GPIO_PinAFConfig  stm32f4xx_gpio.o
    0x080011f8   0x0000000e   Code   RO         5482    i.GPIO_ReadInputDataBit  stm32f4xx_gpio.o
    0x08001206   0x00000004   Code   RO         5485    i.GPIO_ResetBits    stm32f4xx_gpio.o
    0x0800120a   0x00000004   Code   RO         5486    i.GPIO_SetBits      stm32f4xx_gpio.o
    0x0800120e   0x00000008   Code   RO         8105    i.HCD_GetCurrentFrame  usb_hcd.o
    0x08001216   0x0000000c   Code   RO         8106    i.HCD_GetCurrentSpeed  usb_hcd.o
    0x08001222   0x00000008   Code   RO         8108    i.HCD_GetURB_State  usb_hcd.o
    0x0800122a   0x0000000a   Code   RO         8109    i.HCD_GetXferCnt    usb_hcd.o
    0x08001234   0x00000056   Code   RO         8111    i.HCD_Init          usb_hcd.o
    0x0800128a   0x00000006   Code   RO         8112    i.HCD_IsDeviceConnected  usb_hcd.o
    0x08001290   0x0000000a   Code   RO         8113    i.HCD_ResetPort     usb_hcd.o
    0x0800129a   0x00000014   Code   RO         8114    i.HCD_SubmitRequest  usb_hcd.o
    0x080012ae   0x00000002   Code   RO          643    i.HardFault_Handler  stm32f4xx_it.o
    0x080012b0   0x00000124   Code   RO         1715    i.Image_Browser     usbh_usr.o
    0x080013d4   0x00000064   Code   RO         8855    i.JOYState_GPIO_Init  stm324x7i_eval.o
    0x08001438   0x0000002c   Code   RO         8973    i.LCD_Clear         stm324x7i_eval_lcd.o
    0x08001464   0x00000030   Code   RO         8974    i.LCD_ClearLine     stm324x7i_eval_lcd.o
    0x08001494   0x0000014c   Code   RO         8977    i.LCD_CtrlLinesConfig  stm324x7i_eval_lcd.o
    0x080015e0   0x00000020   Code   RO         8979    i.LCD_DisplayChar   stm324x7i_eval_lcd.o
    0x08001600   0x00000038   Code   RO         8982    i.LCD_DisplayStringLine  stm324x7i_eval_lcd.o
    0x08001638   0x00000080   Code   RO         8983    i.LCD_DrawChar      stm324x7i_eval_lcd.o
    0x080016b8   0x0000004e   Code   RO         8991    i.LCD_FSMCConfig    stm324x7i_eval_lcd.o
    0x08001706   0x00000002   PAD
    0x08001708   0x0000000c   Code   RO         8994    i.LCD_GetFont       stm324x7i_eval_lcd.o
    0x08001714   0x0000001e   Code   RO          154    i.LCD_LED_Init      main.o
    0x08001732   0x00000026   Code   RO         9300    i.LCD_LOG_ClearTextZone  lcd_log.o
    0x08001758   0x00000028   Code   RO         9301    i.LCD_LOG_DeInit    lcd_log.o
    0x08001780   0x00000010   Code   RO         9302    i.LCD_LOG_Init      lcd_log.o
    0x08001790   0x00000064   Code   RO         9303    i.LCD_LOG_SetFooter  lcd_log.o
    0x080017f4   0x00000090   Code   RO         9304    i.LCD_LOG_SetHeader  lcd_log.o
    0x08001884   0x000000a0   Code   RO         9305    i.LCD_LOG_UpdateDisplay  lcd_log.o
    0x08001924   0x00000010   Code   RO         9000    i.LCD_ReadReg       stm324x7i_eval_lcd.o
    0x08001934   0x00000010   Code   RO         9001    i.LCD_SetBackColor  stm324x7i_eval_lcd.o
    0x08001944   0x00000040   Code   RO         9003    i.LCD_SetCursor     stm324x7i_eval_lcd.o
    0x08001984   0x0000000c   Code   RO         9005    i.LCD_SetFont       stm324x7i_eval_lcd.o
    0x08001990   0x00000010   Code   RO         9006    i.LCD_SetTextColor  stm324x7i_eval_lcd.o
    0x080019a0   0x0000000c   Code   RO         9009    i.LCD_WriteRAM      stm324x7i_eval_lcd.o
    0x080019ac   0x0000000a   Code   RO         9010    i.LCD_WriteRAM_Prepare  stm324x7i_eval_lcd.o
    0x080019b6   0x00000002   PAD
    0x080019b8   0x00000010   Code   RO         9011    i.LCD_WriteReg      stm324x7i_eval_lcd.o
    0x080019c8   0x00000018   Code   RO          155    i.Main_task         main.o
    0x080019e0   0x00000002   Code   RO          644    i.MemManage_Handler  stm32f4xx_it.o
    0x080019e2   0x00000002   Code   RO          645    i.NMI_Handler       stm32f4xx_it.o
    0x080019e4   0x00000064   Code   RO         4479    i.NVIC_Init         misc.o
    0x08001a48   0x00000014   Code   RO         4480    i.NVIC_PriorityGroupConfig  misc.o
    0x08001a5c   0x00000014   Code   RO         4481    i.NVIC_SetVectorTable  misc.o
    0x08001a70   0x0000000c   Code   RO          646    i.OTG_HS_IRQHandler  stm32f4xx_it.o
    0x08001a7c   0x0000000c   Code   RO         6897    i.PWR_BackupAccessCmd  stm32f4xx_pwr.o
    0x08001a88   0x00000018   Code   RO         5575    i.RCC_AHB1PeriphClockCmd  stm32f4xx_rcc.o
    0x08001aa0   0x00000018   Code   RO         5581    i.RCC_AHB3PeriphClockCmd  stm32f4xx_rcc.o
    0x08001ab8   0x00000018   Code   RO         5584    i.RCC_APB1PeriphClockCmd  stm32f4xx_rcc.o
    0x08001ad0   0x00000018   Code   RO         5587    i.RCC_APB2PeriphClockCmd  stm32f4xx_rcc.o
    0x08001ae8   0x00000090   Code   RO         5596    i.RCC_GetClocksFreq  stm32f4xx_rcc.o
    0x08001b78   0x00000034   Code   RO         5597    i.RCC_GetFlagStatus  stm32f4xx_rcc.o
    0x08001bac   0x0000001c   Code   RO         5605    i.RCC_LSEConfig     stm32f4xx_rcc.o
    0x08001bc8   0x0000000c   Code   RO         5615    i.RCC_RTCCLKCmd     stm32f4xx_rcc.o
    0x08001bd4   0x00000030   Code   RO         5616    i.RCC_RTCCLKConfig  stm32f4xx_rcc.o
    0x08001c04   0x00000012   Code   RO         6496    i.RTC_Bcd2ToByte    stm32f4xx_rtc.o
    0x08001c16   0x00000018   Code   RO         6498    i.RTC_ByteToBcd2    stm32f4xx_rtc.o
    0x08001c2e   0x00000002   PAD
    0x08001c30   0x0000001c   Code   RO         6501    i.RTC_ClearFlag     stm32f4xx_rtc.o
    0x08001c4c   0x0000004c   Code   RO        10334    i.RTC_Config        rtc.o
    0x08001c98   0x0000000e   Code   RO         6505    i.RTC_DateStructInit  stm32f4xx_rtc.o
    0x08001ca6   0x00000002   PAD
    0x08001ca8   0x0000003c   Code   RO         6508    i.RTC_EnterInitMode  stm32f4xx_rtc.o
    0x08001ce4   0x00000010   Code   RO         6509    i.RTC_ExitInitMode  stm32f4xx_rtc.o
    0x08001cf4   0x0000004c   Code   RO         6512    i.RTC_GetDate       stm32f4xx_rtc.o
    0x08001d40   0x00000050   Code   RO         6517    i.RTC_GetTime       stm32f4xx_rtc.o
    0x08001d90   0x00000050   Code   RO         6522    i.RTC_Init          stm32f4xx_rtc.o
    0x08001de0   0x00000014   Code   RO         6525    i.RTC_ReadBackupRegister  stm32f4xx_rtc.o
    0x08001df4   0x0000009c   Code   RO         6528    i.RTC_SetDate       stm32f4xx_rtc.o
    0x08001e90   0x000000a0   Code   RO         6529    i.RTC_SetTime       stm32f4xx_rtc.o
    0x08001f30   0x00000068   Code   RO        10335    i.RTC_TimeRegulate  rtc.o
    0x08001f98   0x00000030   Code   RO         6541    i.RTC_TimeStampCmd  stm32f4xx_rtc.o
    0x08001fc8   0x0000004c   Code   RO         6545    i.RTC_WaitForSynchro  stm32f4xx_rtc.o
    0x08002014   0x00000014   Code   RO         6548    i.RTC_WriteBackupRegister  stm32f4xx_rtc.o
    0x08002028   0x00000054   Code   RO         8856    i.Read_JOYState     stm324x7i_eval.o
    0x0800207c   0x00000020   Code   RO         9552    i.SD_DisSelect      mmc_sd.o
    0x0800209c   0x00000094   Code   RO         9508    i.SD_GPIO_Configuration  sdio.o
    0x08002130   0x0000002a   Code   RO         9554    i.SD_GetCSD         mmc_sd.o
    0x0800215a   0x00000026   Code   RO         9555    i.SD_GetResponse    mmc_sd.o
    0x08002180   0x0000006e   Code   RO         9556    i.SD_GetSectorCount  mmc_sd.o
    0x080021ee   0x00000002   PAD
    0x080021f0   0x00000170   Code   RO         9557    i.SD_Initialize     mmc_sd.o
    0x08002360   0x0000006c   Code   RO         9558    i.SD_ReadDisk       mmc_sd.o
    0x080023cc   0x00000034   Code   RO         9559    i.SD_RecvData       mmc_sd.o
    0x08002400   0x00000018   Code   RO         9560    i.SD_SPI_Init       mmc_sd.o
    0x08002418   0x00000004   Code   RO         9561    i.SD_SPI_ReadWriteByte  mmc_sd.o
    0x0800241c   0x00000020   Code   RO         9562    i.SD_Select         mmc_sd.o
    0x0800243c   0x0000004e   Code   RO         9563    i.SD_SendBlock      mmc_sd.o
    0x0800248a   0x00000060   Code   RO         9564    i.SD_SendCmd        mmc_sd.o
    0x080024ea   0x0000001e   Code   RO         9565    i.SD_WaitReady      mmc_sd.o
    0x08002508   0x00000080   Code   RO         9566    i.SD_WriteDisk      mmc_sd.o
    0x08002588   0x00000048   Code   RO         9509    i.SD_spi_read       sdio.o
    0x080025d0   0x0000004c   Code   RO         9510    i.SD_spi_write      sdio.o
    0x0800261c   0x000000f8   Code   RO         9476    i.SPI2_Init         spi.o
    0x08002714   0x00000040   Code   RO         9477    i.SPI2_ReadWriteByte  spi.o
    0x08002754   0x00000024   Code   RO         9478    i.SPI2_SetSpeed     spi.o
    0x08002778   0x00000014   Code   RO         6335    i.SPI_Cmd           stm32f4xx_spi.o
    0x0800278c   0x00000028   Code   RO         9363    i.SPI_FLASH_Write_Enable  flash.o
    0x080027b4   0x0000004c   Code   RO         9366    i.SPI_Flash_Erase_Sector  flash.o
    0x08002800   0x0000001c   Code   RO         9367    i.SPI_Flash_Init    flash.o
    0x0800281c   0x0000005c   Code   RO         9369    i.SPI_Flash_Read    flash.o
    0x08002878   0x00000054   Code   RO         9370    i.SPI_Flash_ReadID  flash.o
    0x080028cc   0x00000030   Code   RO         9371    i.SPI_Flash_ReadSR  flash.o
    0x080028fc   0x0000000c   Code   RO         9373    i.SPI_Flash_Wait_Busy  flash.o
    0x08002908   0x0000009c   Code   RO         9374    i.SPI_Flash_Write   flash.o
    0x080029a4   0x0000003e   Code   RO         9375    i.SPI_Flash_Write_NoCheck  flash.o
    0x080029e2   0x00000002   PAD
    0x080029e4   0x00000060   Code   RO         9376    i.SPI_Flash_Write_Page  flash.o
    0x08002a44   0x00000038   Code   RO         6348    i.SPI_Init          stm32f4xx_spi.o
    0x08002a7c   0x000004a4   Code   RO         9015    i.STM324xG_LCD_Init  stm324x7i_eval_lcd.o
    0x08002f20   0x000000a0   Code   RO        10467    i.STMFLASH_GetFlashSector  intel_flash.o
    0x08002fc0   0x00000090   Code   RO        10470    i.STMFLASH_Write    intel_flash.o
    0x08003050   0x000000c0   Code   RO         8861    i.STM_EVAL_COMInit  stm324x7i_eval.o
    0x08003110   0x00000048   Code   RO         8862    i.STM_EVAL_LEDInit  stm324x7i_eval.o
    0x08003158   0x00000018   Code   RO         8864    i.STM_EVAL_LEDOn    stm324x7i_eval.o
    0x08003170   0x0000001c   Code   RO         8865    i.STM_EVAL_LEDToggle  stm324x7i_eval.o
    0x0800318c   0x00000018   Code   RO         8866    i.STM_EVAL_PBGetState  stm324x7i_eval.o
    0x080031a4   0x000000a4   Code   RO         8867    i.STM_EVAL_PBInit   stm324x7i_eval.o
    0x08003248   0x00000028   Code   RO         6058    i.SYSCFG_EXTILineConfig  stm32f4xx_syscfg.o
    0x08003270   0x000000cc   Code   RO            3    i.SetSysClock       system_stm32f4xx.o
    0x0800333c   0x00000088   Code   RO         1716    i.Show_Image        usbh_usr.o
    0x080033c4   0x00000028   Code   RO          156    i.SoftReset         main.o
    0x080033ec   0x0000007c   Code   RO        10026    i.StringToHexGroup  bill.o
    0x08003468   0x00000004   Code   RO          647    i.SysTick_Handler   stm32f4xx_it.o
    0x0800346c   0x0000005c   Code   RO            5    i.SystemInit        system_stm32f4xx.o
    0x080034c8   0x00000004   Code   RO          648    i.TIM2_IRQHandler   stm32f4xx_it.o
    0x080034cc   0x00000014   Code   RO         6985    i.TIM_ARRPreloadConfig  stm32f4xx_tim.o
    0x080034e0   0x00000006   Code   RO         6992    i.TIM_ClearITPendingBit  stm32f4xx_tim.o
    0x080034e6   0x00000014   Code   RO         6997    i.TIM_Cmd           stm32f4xx_tim.o
    0x080034fa   0x00000018   Code   RO         7018    i.TIM_GetITStatus   stm32f4xx_tim.o
    0x08003512   0x00000010   Code   RO         7022    i.TIM_ITConfig      stm32f4xx_tim.o
    0x08003522   0x00000002   PAD
    0x08003524   0x0000007c   Code   RO         7069    i.TIM_TimeBaseInit  stm32f4xx_tim.o
    0x080035a0   0x00000034   Code   RO         1717    i.Toggle_Leds       usbh_usr.o
    0x080035d4   0x00000060   Code   RO        10111    i.UART4_IRQHandler  uart4.o
    0x08003634   0x000000cc   Code   RO        10294    i.UART5_IRQHandler  uart5.o
    0x08003700   0x000000dc   Code   RO         9664    i.USART3_IRQHandler  uart3.o
    0x080037dc   0x0000000c   Code   RO         4524    i.USART_ClearITPendingBit  stm32f4xx_usart.o
    0x080037e8   0x00000014   Code   RO         4527    i.USART_Cmd         stm32f4xx_usart.o
    0x080037fc   0x0000003e   Code   RO         4531    i.USART_GetITStatus  stm32f4xx_usart.o
    0x0800383a   0x00000002   PAD
    0x0800383c   0x000000b8   Code   RO         4534    i.USART_Init        stm32f4xx_usart.o
    0x080038f4   0x00000008   Code   RO         4541    i.USART_ReceiveData  stm32f4xx_usart.o
    0x080038fc   0x00000034   Code   RO         7740    i.USBH_Alloc_Channel  usbh_hcs.o
    0x08003930   0x00000028   Code   RO         7784    i.USBH_BulkReceiveData  usbh_ioreq.o
    0x08003958   0x0000002c   Code   RO         7785    i.USBH_BulkSendData  usbh_ioreq.o
    0x08003984   0x0000002e   Code   RO         7580    i.USBH_ClrFeature   usbh_stdreq.o
    0x080039b2   0x0000000a   Code   RO         7665    i.USBH_Connected    usbh_core.o
    0x080039bc   0x00000024   Code   RO         7786    i.USBH_CtlReceiveData  usbh_ioreq.o
    0x080039e0   0x00000046   Code   RO         7787    i.USBH_CtlReq       usbh_ioreq.o
    0x08003a26   0x00000036   Code   RO         7788    i.USBH_CtlSendData  usbh_ioreq.o
    0x08003a5c   0x00000026   Code   RO         7789    i.USBH_CtlSendSetup  usbh_ioreq.o
    0x08003a82   0x00000018   Code   RO         7741    i.USBH_DeAllocate_AllChannel  usbh_hcs.o
    0x08003a9a   0x00000034   Code   RO         7666    i.USBH_DeInit       usbh_core.o
    0x08003ace   0x0000000a   Code   RO         7667    i.USBH_Disconnected  usbh_core.o
    0x08003ad8   0x0000002c   Code   RO         7668    i.USBH_ErrorHandle  usbh_core.o
    0x08003b04   0x0000001a   Code   RO         7742    i.USBH_Free_Channel  usbh_hcs.o
    0x08003b1e   0x00000030   Code   RO         7581    i.USBH_GetDescriptor  usbh_stdreq.o
    0x08003b4e   0x0000000e   Code   RO         7582    i.USBH_GetNextDesc  usbh_stdreq.o
    0x08003b5c   0x00000058   Code   RO         7583    i.USBH_Get_CfgDesc  usbh_stdreq.o
    0x08003bb4   0x00000084   Code   RO         7584    i.USBH_Get_DevDesc  usbh_stdreq.o
    0x08003c38   0x00000048   Code   RO         7585    i.USBH_Get_StringDesc  usbh_stdreq.o
    0x08003c80   0x000001d4   Code   RO         7669    i.USBH_HandleControl  usbh_core.o
    0x08003e54   0x0000019c   Code   RO         7670    i.USBH_HandleEnum   usbh_core.o
    0x08003ff0   0x0000003e   Code   RO         7671    i.USBH_Init         usbh_core.o
    0x0800402e   0x00000002   PAD
    0x08004030   0x00000038   Code   RO         8237    i.USBH_MSC_BOT_Abort  usbh_msc_bot.o
    0x08004068   0x0000000c   Code   RO         8282    i.USBH_MSC_ClassRequest  usbh_msc_core.o
    0x08004074   0x0000005c   Code   RO         8238    i.USBH_MSC_DecodeCSW  usbh_msc_bot.o
    0x080040d0   0x00000034   Code   RO         8283    i.USBH_MSC_ErrorHandle  usbh_msc_core.o
    0x08004104   0x00000164   Code   RO         8284    i.USBH_MSC_Handle   usbh_msc_core.o
    0x08004268   0x0000021c   Code   RO         8239    i.USBH_MSC_HandleBOTXfer  usbh_msc_bot.o
    0x08004484   0x0000003c   Code   RO         8240    i.USBH_MSC_Init     usbh_msc_bot.o
    0x080044c0   0x00000038   Code   RO         8285    i.USBH_MSC_InterfaceDeInit  usbh_msc_core.o
    0x080044f8   0x000000a0   Code   RO         8286    i.USBH_MSC_InterfaceInit  usbh_msc_core.o
    0x08004598   0x0000009c   Code   RO         8179    i.USBH_MSC_ModeSense6  usbh_msc_scsi.o
    0x08004634   0x000000d8   Code   RO         8180    i.USBH_MSC_Read10   usbh_msc_scsi.o
    0x0800470c   0x000000a0   Code   RO         8181    i.USBH_MSC_ReadCapacity10  usbh_msc_scsi.o
    0x080047ac   0x000000a0   Code   RO         8182    i.USBH_MSC_RequestSense  usbh_msc_scsi.o
    0x0800484c   0x00000080   Code   RO         8183    i.USBH_MSC_TestUnitReady  usbh_msc_scsi.o
    0x080048cc   0x0000009c   Code   RO         8184    i.USBH_MSC_Write10  usbh_msc_scsi.o
    0x08004968   0x00000032   Code   RO         7743    i.USBH_Modify_Channel  usbh_hcs.o
    0x0800499a   0x000000a8   Code   RO         7858    i.USBH_OTG_ISR_Handler  usb_hcd_int.o
    0x08004a42   0x00000050   Code   RO         7744    i.USBH_Open_Channel  usbh_hcs.o
    0x08004a92   0x00000002   PAD
    0x08004a94   0x00000120   Code   RO         7586    i.USBH_ParseCfgDesc  usbh_stdreq.o
    0x08004bb4   0x00000026   Code   RO         7587    i.USBH_ParseInterfaceDesc  usbh_stdreq.o
    0x08004bda   0x00000184   Code   RO         7672    i.USBH_Process      usbh_core.o
    0x08004d5e   0x00000004   Code   RO         7673    i.USBH_SOF          usbh_core.o
    0x08004d62   0x00000018   Code   RO         7588    i.USBH_SetAddress   usbh_stdreq.o
    0x08004d7a   0x00000018   Code   RO         7589    i.USBH_SetCfg       usbh_stdreq.o
    0x08004d92   0x00000002   PAD
    0x08004d94   0x0000002c   Code   RO         1718    i.USBH_USR_Configuration_DescAvailable  usbh_usr.o
    0x08004dc0   0x0000000c   Code   RO         1719    i.USBH_USR_DeInit   usbh_usr.o
    0x08004dcc   0x00000002   Code   RO         1720    i.USBH_USR_DeviceAddressAssigned  usbh_usr.o
    0x08004dce   0x00000002   PAD
    0x08004dd0   0x00000018   Code   RO         1721    i.USBH_USR_DeviceAttached  usbh_usr.o
    0x08004de8   0x0000006c   Code   RO         1722    i.USBH_USR_DeviceDisconnected  usbh_usr.o
    0x08004e54   0x00000044   Code   RO         1723    i.USBH_USR_DeviceNotSupported  usbh_usr.o
    0x08004e98   0x00000038   Code   RO         1724    i.USBH_USR_DeviceSpeedDetected  usbh_usr.o
    0x08004ed0   0x00000048   Code   RO         1725    i.USBH_USR_Device_DescAvailable  usbh_usr.o
    0x08004f18   0x00000088   Code   RO         1726    i.USBH_USR_EnumerationDone  usbh_usr.o
    0x08004fa0   0x00000140   Code   RO         1727    i.USBH_USR_Init     usbh_usr.o
    0x080050e0   0x000003f4   Code   RO         1728    i.USBH_USR_MSC_Application  usbh_usr.o
    0x080054d4   0x00000028   Code   RO         1729    i.USBH_USR_Manufacturer_String  usbh_usr.o
    0x080054fc   0x00000044   Code   RO         1730    i.USBH_USR_OverCurrentDetected  usbh_usr.o
    0x08005540   0x00000024   Code   RO         1731    i.USBH_USR_Product_String  usbh_usr.o
    0x08005564   0x00000002   Code   RO         1732    i.USBH_USR_ResetDevice  usbh_usr.o
    0x08005566   0x00000002   PAD
    0x08005568   0x00000028   Code   RO         1733    i.USBH_USR_SerialNum_String  usbh_usr.o
    0x08005590   0x00000030   Code   RO         1734    i.USBH_USR_UnrecoveredError  usbh_usr.o
    0x080055c0   0x00000012   Code   RO         1735    i.USBH_USR_UserInput  usbh_usr.o
    0x080055d2   0x00000002   PAD
    0x080055d4   0x00000028   Code   RO         2241    i.USB_MSC_Init      usbmsc_task.o
    0x080055fc   0x00000002   Code   RO         1644    i.USB_OTG_BSP_ConfigVBUS  usb_bsp.o
    0x080055fe   0x00000002   Code   RO         1645    i.USB_OTG_BSP_DriveVBUS  usb_bsp.o
    0x08005600   0x00000028   Code   RO         1646    i.USB_OTG_BSP_EnableInterrupt  usb_bsp.o
    0x08005628   0x00000178   Code   RO         1647    i.USB_OTG_BSP_Init  usb_bsp.o
    0x080057a0   0x00000038   Code   RO         1648    i.USB_OTG_BSP_TimerIRQ  usb_bsp.o
    0x080057d8   0x00000006   Code   RO         1649    i.USB_OTG_BSP_mDelay  usb_bsp.o
    0x080057de   0x00000006   Code   RO         1650    i.USB_OTG_BSP_uDelay  usb_bsp.o
    0x080057e4   0x00000084   Code   RO         7928    i.USB_OTG_CoreInit  usb_core.o
    0x08005868   0x000000a8   Code   RO         7929    i.USB_OTG_CoreInitHost  usb_core.o
    0x08005910   0x00000058   Code   RO         7930    i.USB_OTG_CoreReset  usb_core.o
    0x08005968   0x00000010   Code   RO         7931    i.USB_OTG_DisableGlobalInt  usb_core.o
    0x08005978   0x0000003c   Code   RO         7932    i.USB_OTG_DriveVbus  usb_core.o
    0x080059b4   0x00000010   Code   RO         7933    i.USB_OTG_EnableGlobalInt  usb_core.o
    0x080059c4   0x00000048   Code   RO         7934    i.USB_OTG_EnableHostInt  usb_core.o
    0x08005a0c   0x0000003c   Code   RO         7935    i.USB_OTG_FlushRxFifo  usb_core.o
    0x08005a48   0x00000044   Code   RO         7936    i.USB_OTG_FlushTxFifo  usb_core.o
    0x08005a8c   0x0000002a   Code   RO         7938    i.USB_OTG_HC_DoPing  usb_core.o
    0x08005ab6   0x0000003c   Code   RO         7939    i.USB_OTG_HC_Halt   usb_core.o
    0x08005af2   0x000000ec   Code   RO         7940    i.USB_OTG_HC_Init   usb_core.o
    0x08005bde   0x00000100   Code   RO         7941    i.USB_OTG_HC_StartXfer  usb_core.o
    0x08005cde   0x0000000c   Code   RO         7942    i.USB_OTG_InitFSLSPClkSel  usb_core.o
    0x08005cea   0x0000000c   Code   RO         7944    i.USB_OTG_IsEvenFrame  usb_core.o
    0x08005cf6   0x0000000e   Code   RO         7945    i.USB_OTG_IsHostMode  usb_core.o
    0x08005d04   0x0000000a   Code   RO         7946    i.USB_OTG_ReadCoreItr  usb_core.o
    0x08005d0e   0x0000000c   Code   RO         7947    i.USB_OTG_ReadHPRT0  usb_core.o
    0x08005d1a   0x00000006   Code   RO         7948    i.USB_OTG_ReadHostAllChannels_intr  usb_core.o
    0x08005d20   0x00000020   Code   RO         7950    i.USB_OTG_ReadPacket  usb_core.o
    0x08005d40   0x0000002a   Code   RO         7951    i.USB_OTG_ResetPort  usb_core.o
    0x08005d6a   0x00000002   PAD
    0x08005d6c   0x000000c4   Code   RO         7952    i.USB_OTG_SelectCore  usb_core.o
    0x08005e30   0x0000002a   Code   RO         7953    i.USB_OTG_SetCurrentMode  usb_core.o
    0x08005e5a   0x00000002   PAD
    0x08005e5c   0x0000002c   Code   RO         7859    i.USB_OTG_USBH_handle_Disconnect_ISR  usb_hcd_int.o
    0x08005e88   0x00000046   Code   RO         7860    i.USB_OTG_USBH_handle_IncompletePeriodicXfer_ISR  usb_hcd_int.o
    0x08005ece   0x00000056   Code   RO         7861    i.USB_OTG_USBH_handle_hc_ISR  usb_hcd_int.o
    0x08005f24   0x00000428   Code   RO         7862    i.USB_OTG_USBH_handle_hc_n_In_ISR  usb_hcd_int.o
    0x0800634c   0x000003d0   Code   RO         7863    i.USB_OTG_USBH_handle_hc_n_Out_ISR  usb_hcd_int.o
    0x0800671c   0x0000012e   Code   RO         7864    i.USB_OTG_USBH_handle_nptxfempty_ISR  usb_hcd_int.o
    0x0800684a   0x00000002   PAD
    0x0800684c   0x00000120   Code   RO         7865    i.USB_OTG_USBH_handle_port_ISR  usb_hcd_int.o
    0x0800696c   0x0000012e   Code   RO         7866    i.USB_OTG_USBH_handle_ptxfempty_ISR  usb_hcd_int.o
    0x08006a9a   0x00000164   Code   RO         7867    i.USB_OTG_USBH_handle_rx_qlvl_ISR  usb_hcd_int.o
    0x08006bfe   0x00000002   PAD
    0x08006c00   0x0000002c   Code   RO         7868    i.USB_OTG_USBH_handle_sof_ISR  usb_hcd_int.o
    0x08006c2c   0x00000028   Code   RO         7955    i.USB_OTG_WritePacket  usb_core.o
    0x08006c54   0x00000002   Code   RO          649    i.UsageFault_Handler  stm32f4xx_it.o
    0x08006c56   0x00000002   PAD
    0x08006c58   0x00000020   Code   RO        11744    i.__0printf         mc_w.l(printfa.o)
    0x08006c78   0x0000000e   Code   RO        11886    i.__scatterload_copy  mc_w.l(handlers.o)
    0x08006c86   0x00000002   Code   RO        11887    i.__scatterload_null  mc_w.l(handlers.o)
    0x08006c88   0x0000000e   Code   RO        11888    i.__scatterload_zeroinit  mc_w.l(handlers.o)
    0x08006c96   0x00000002   PAD
    0x08006c98   0x0000015c   Code   RO        11751    i._fp_digits        mc_w.l(printfa.o)
    0x08006df4   0x000006f0   Code   RO        11752    i._printf_core      mc_w.l(printfa.o)
    0x080074e4   0x00000026   Code   RO        11753    i._printf_post_padding  mc_w.l(printfa.o)
    0x0800750a   0x00000030   Code   RO        11754    i._printf_pre_padding  mc_w.l(printfa.o)
    0x0800753a   0x00000002   PAD
    0x0800753c   0x0000005c   Code   RO        10561    i.check_fs          ff.o
    0x08007598   0x00000010   Code   RO        10562    i.chk_chr           ff.o
    0x080075a8   0x0000022c   Code   RO        10563    i.chk_mounted       ff.o
    0x080077d4   0x00000018   Code   RO        10564    i.clust2sect        ff.o
    0x080077ec   0x00000096   Code   RO        10565    i.create_chain      ff.o
    0x08007882   0x00000002   PAD
    0x08007884   0x0000024c   Code   RO        10566    i.create_name       ff.o
    0x08007ad0   0x0000001c   Code   RO         9016    i.delay             stm324x7i_eval_lcd.o
    0x08007aec   0x0000001c   Code   RO         9017    i.delay_ms          stm324x7i_eval_lcd.o
    0x08007b08   0x00000128   Code   RO        10567    i.dir_find          ff.o
    0x08007c30   0x000000ec   Code   RO        10568    i.dir_next          ff.o
    0x08007d1c   0x000000f0   Code   RO        10569    i.dir_read          ff.o
    0x08007e0c   0x000001b0   Code   RO        10570    i.dir_register      ff.o
    0x08007fbc   0x0000007e   Code   RO        10572    i.dir_sdi           ff.o
    0x0800803a   0x00000002   PAD
    0x0800803c   0x0000005c   Code   RO        10505    i.disk_initialize   diskio.o
    0x08008098   0x0000007c   Code   RO        10506    i.disk_ioctl        diskio.o
    0x08008114   0x000000a4   Code   RO        10507    i.disk_read         diskio.o
    0x080081b8   0x0000000c   Code   RO        10508    i.disk_status       diskio.o
    0x080081c4   0x000000a8   Code   RO        10509    i.disk_write        diskio.o
    0x0800826c   0x00000014   Code   RO        10574    i.f_chdrive         ff.o
    0x08008280   0x00000012   Code   RO        10576    i.f_close           ff.o
    0x08008292   0x0000014c   Code   RO        10579    i.f_lseek           ff.o
    0x080083de   0x00000002   PAD
    0x080083e0   0x00000048   Code   RO        10582    i.f_mount           ff.o
    0x08008428   0x00000162   Code   RO        10583    i.f_open            ff.o
    0x0800858a   0x00000080   Code   RO        10584    i.f_opendir         ff.o
    0x0800860a   0x00000176   Code   RO        10588    i.f_read            ff.o
    0x08008780   0x00000086   Code   RO        10589    i.f_readdir         ff.o
    0x08008806   0x000000b6   Code   RO        10592    i.f_sync            ff.o
    0x080088bc   0x000001ae   Code   RO        10596    i.f_write           ff.o
    0x08008a6a   0x00000002   PAD
    0x08008a6c   0x0000004c   Code   RO        10901    i.ff_convert        cc936.o
    0x08008ab8   0x00000014   Code   RO        10850    i.ff_cre_syncobj    syscall.o
    0x08008acc   0x00000004   Code   RO        10851    i.ff_del_syncobj    syscall.o
    0x08008ad0   0x00000004   Code   RO        10852    i.ff_memalloc       syscall.o
    0x08008ad4   0x00000004   Code   RO        10853    i.ff_memfree        syscall.o
    0x08008ad8   0x0000000a   Code   RO        10854    i.ff_rel_grant      syscall.o
    0x08008ae2   0x00000016   Code   RO        10855    i.ff_req_grant      syscall.o
    0x08008af8   0x00000024   Code   RO        10902    i.ff_wtoupper       cc936.o
    0x08008b1c   0x00000080   Code   RO        10597    i.follow_path       ff.o
    0x08008b9c   0x000000e8   Code   RO         9306    i.fputc             lcd_log.o
    0x08008c84   0x00000076   Code   RO        10598    i.gen_numname       ff.o
    0x08008cfa   0x000000b8   Code   RO        10599    i.get_fat           ff.o
    0x08008db2   0x00000048   Code   RO        10510    i.get_fattime       diskio.o
    0x08008dfa   0x000000d0   Code   RO        10600    i.get_fileinfo      ff.o
    0x08008eca   0x00000002   PAD
    0x08008ecc   0x00000044   Code   RO          158    i.iap_load_app      main.o
    0x08008f10   0x00000006   Code   RO        10601    i.lock_fs           ff.o
    0x08008f16   0x00000002   PAD
    0x08008f18   0x00000038   Code   RO          159    i.main              main.o
    0x08008f50   0x00000010   Code   RO        10602    i.mem_cpy           ff.o
    0x08008f60   0x0000000e   Code   RO        10603    i.mem_set           ff.o
    0x08008f6e   0x0000006a   Code   RO        10604    i.move_window       ff.o
    0x08008fd8   0x00000034   Code   RO        10921    i.prvAddCurrentTaskToDelayedList  tasks.o
    0x0800900c   0x00000058   Code   RO        10922    i.prvCheckTasksWaitingTermination  tasks.o
    0x08009064   0x00000028   Code   RO        11213    i.prvCopyDataFromQueue  queue.o
    0x0800908c   0x0000005a   Code   RO        11214    i.prvCopyDataToQueue  queue.o
    0x080090e6   0x00000002   PAD
    0x080090e8   0x0000004c   Code   RO        11411    i.prvHeapInit       heap_4.o
    0x08009134   0x00000018   Code   RO        10923    i.prvIdleTask       tasks.o
    0x0800914c   0x0000004c   Code   RO        11412    i.prvInsertBlockIntoFreeList  heap_4.o
    0x08009198   0x00000064   Code   RO        11215    i.prvUnlockQueue    queue.o
    0x080091fc   0x000000f8   Code   RO        10605    i.put_fat           ff.o
    0x080092f4   0x00000084   Code   RO        11413    i.pvPortMalloc      heap_4.o
    0x08009378   0x00000022   Code   RO        11352    i.pxPortInitialiseStack  port.o
    0x0800939a   0x00000062   Code   RO        10606    i.remove_chain      ff.o
    0x080093fc   0x0000001a   Code   RO        10607    i.sum_sfn           ff.o
    0x08009416   0x000000b8   Code   RO        10608    i.sync              ff.o
    0x080094ce   0x00000018   Code   RO        10609    i.unlock_fs         ff.o
    0x080094e6   0x00000002   PAD
    0x080094e8   0x00000058   Code   RO         2242    i.usbmsc_task       usbmsc_task.o
    0x08009540   0x00000026   Code   RO        11177    i.uxListRemove      list.o
    0x08009566   0x00000016   Code   RO        11178    i.vListInitialise   list.o
    0x0800957c   0x00000006   Code   RO        11179    i.vListInitialiseItem  list.o
    0x08009582   0x00000030   Code   RO        11180    i.vListInsert       list.o
    0x080095b2   0x0000001c   Code   RO        11181    i.vListInsertEnd    list.o
    0x080095ce   0x00000002   PAD
    0x080095d0   0x00000014   Code   RO        11354    i.vPortEnterCritical  port.o
    0x080095e4   0x00000014   Code   RO        11355    i.vPortExitCritical  port.o
    0x080095f8   0x0000002c   Code   RO        11414    i.vPortFree         heap_4.o
    0x08009624   0x00000020   Code   RO        11356    i.vPortSetupTimerInterrupt  port.o
    0x08009644   0x00000010   Code   RO        11357    i.vPortYieldFromISR  port.o
    0x08009654   0x00000064   Code   RO        10930    i.vTaskDelete       tasks.o
    0x080096b8   0x000000ac   Code   RO        10932    i.vTaskIncrementTick  tasks.o
    0x08009764   0x0000000c   Code   RO        10934    i.vTaskMissedYield  tasks.o
    0x08009770   0x00000044   Code   RO        10935    i.vTaskPlaceOnEventList  tasks.o
    0x080097b4   0x00000048   Code   RO        10936    i.vTaskPriorityDisinherit  tasks.o
    0x080097fc   0x00000064   Code   RO        10937    i.vTaskPriorityInherit  tasks.o
    0x08009860   0x0000001c   Code   RO        10941    i.vTaskSetTimeOutState  tasks.o
    0x0800987c   0x0000004c   Code   RO        10942    i.vTaskStartScheduler  tasks.o
    0x080098c8   0x00000010   Code   RO        10944    i.vTaskSuspendAll   tasks.o
    0x080098d8   0x00000058   Code   RO        10945    i.vTaskSwitchContext  tasks.o
    0x08009930   0x0000002e   Code   RO        10610    i.validate          ff.o
    0x0800995e   0x00000002   PAD
    0x08009960   0x00000040   Code   RO        11358    i.xPortStartScheduler  port.o
    0x080099a0   0x00000020   Code   RO        11359    i.xPortSysTickHandler  port.o
    0x080099c0   0x00000050   Code   RO        11224    i.xQueueCreateMutex  queue.o
    0x08009a10   0x00000128   Code   RO        11226    i.xQueueGenericReceive  queue.o
    0x08009b38   0x000000f2   Code   RO        11228    i.xQueueGenericSend  queue.o
    0x08009c2a   0x00000074   Code   RO        11229    i.xQueueGenericSendFromISR  queue.o
    0x08009c9e   0x00000002   PAD
    0x08009ca0   0x0000005c   Code   RO        10946    i.xTaskCheckForTimeOut  tasks.o
    0x08009cfc   0x00000184   Code   RO        10947    i.xTaskGenericCreate  tasks.o
    0x08009e80   0x0000000c   Code   RO        10948    i.xTaskGetCurrentTaskHandle  tasks.o
    0x08009e8c   0x00000064   Code   RO        10952    i.xTaskRemoveFromEventList  tasks.o
    0x08009ef0   0x000000b4   Code   RO        10953    i.xTaskResumeAll    tasks.o
    0x08009fa4   0x0000013e   Data   RO         1740    .constdata          usbh_usr.o
    0x0800a0e2   0x00000002   PAD
    0x0800a0e4   0x0000005c   Data   RO         8872    .constdata          stm324x7i_eval.o
    0x0800a140   0x000011d0   Data   RO         9018    .constdata          stm324x7i_eval_lcd.o
    0x0800b310   0x00000900   Data   RO         9019    .constdata          stm324x7i_eval_lcd.o
    0x0800bc10   0x00000900   Data   RO         9020    .constdata          stm324x7i_eval_lcd.o
    0x0800c510   0x0000003a   Data   RO        10612    .constdata          ff.o
    0x0800c54a   0x0002acc8   Data   RO        10903    .constdata          cc936.o
    0x08037212   0x00000002   PAD
    0x08037214   0x00000020   Data   RO        11884    Region$$Table       anon$$obj.o


    Execution Region RW_IRAM1 (Base: 0x20000000, Size: 0x00012818, Max: 0x00060000, ABSOLUTE, COMPRESSED[0x000000c0])

    Base Addr    Size         Type   Attr      Idx    E Section Name        Object

    0x20000000   0x00000014   Data   RW            6    .data               system_stm32f4xx.o
    0x20000014   0x0000000f   Data   RW          161    .data               main.o
    0x20000023   0x00000001   PAD
    0x20000024   0x00000008   Data   RW          579    .data               stm32f4x7_eth_bsp.o
    0x2000002c   0x00000004   Data   RW          650    .data               stm32f4xx_it.o
    0x20000030   0x00000002   Data   RW         1048    .data               user_record.o
    0x20000032   0x00000002   PAD
    0x20000034   0x00000004   Data   RW         1651    .data               usb_bsp.o
    0x20000038   0x0000000c   Data   RW         1743    .data               usbh_usr.o
    0x20000044   0x00000048   Data   RW         1744    .data               usbh_usr.o
    0x2000008c   0x0000000c   Data   RW         4183    .data               ethernetif.o
    0x20000098   0x00000010   Data   RW         5620    .data               stm32f4xx_rcc.o
    0x200000a8   0x00000004   Data   RW         7592    .data               usbh_stdreq.o
    0x200000ac   0x0000000c   Data   RW         7674    .data               usbh_core.o
    0x200000b8   0x00000004   Data   RW         7675    .data               usbh_core.o
    0x200000bc   0x00000002   Data   RW         7676    .data               usbh_core.o
    0x200000be   0x00000001   Data   RW         8187    .data               usbh_msc_scsi.o
    0x200000bf   0x00000001   PAD
    0x200000c0   0x00000014   Data   RW         8242    .data               usbh_msc_bot.o
    0x200000d4   0x00000002   Data   RW         8288    .data               usbh_msc_core.o
    0x200000d6   0x00000002   PAD
    0x200000d8   0x00000010   Data   RW         8289    .data               usbh_msc_core.o
    0x200000e8   0x0000002c   Data   RW         8873    .data               stm324x7i_eval.o
    0x20000114   0x0000001c   Data   RW         9022    .data               stm324x7i_eval_lcd.o
    0x20000130   0x00000008   Data   RW         9023    .data               stm324x7i_eval_lcd.o
    0x20000138   0x00000008   Data   RW         9024    .data               stm324x7i_eval_lcd.o
    0x20000140   0x00000012   Data   RW         9308    .data               lcd_log.o
    0x20000152   0x00000002   Data   RW         9378    .data               flash.o
    0x20000154   0x00000001   Data   RW         9512    .data               sdio.o
    0x20000155   0x00000001   Data   RW         9567    .data               mmc_sd.o
    0x20000156   0x00000002   PAD
    0x20000158   0x00000018   Data   RW         9671    .data               uart3.o
    0x20000170   0x00000002   Data   RW        10114    .data               uart4.o
    0x20000172   0x00000002   PAD
    0x20000174   0x00000004   Data   RW        10184    .data               mini_hopper.o
    0x20000178   0x00000014   Data   RW        10298    .data               uart5.o
    0x2000018c   0x00000010   Data   RW        10338    .data               rtc.o
    0x2000019c   0x00000004   Data   RW        10511    .data               diskio.o
    0x200001a0   0x00000004   Data   RW        10613    .data               ff.o
    0x200001a4   0x0000003c   Data   RW        10956    .data               tasks.o
    0x200001e0   0x00000004   Data   RW        11360    .data               port.o
    0x200001e4   0x00000010   Data   RW        11418    .data               heap_4.o
    0x200001f4   0x00000004   Data   RW        11849    .data               mc_w.l(stdout.o)
    0x200001f8   0x000002da   Zero   RW         1034    .bss                user_record.o
    0x200004d2   0x00000002   PAD
    0x200004d4   0x000008ac   Zero   RW         1737    .bss                usbh_usr.o
    0x20000d80   0x00000630   Zero   RW         2243    .bss                usbmsc_task.o
    0x200013b0   0x00000200   Zero   RW         7591    .bss                usbh_stdreq.o
    0x200015b0   0x00000210   Zero   RW         8185    .bss                usbh_msc_scsi.o
    0x200017c0   0x00000040   Zero   RW         8241    .bss                usbh_msc_bot.o
    0x20001800   0x0000020a   Zero   RW         8287    .bss                usbh_msc_core.o
    0x20001a0a   0x00000270   Zero   RW         9307    .bss                lcd_log.o
    0x20001c7a   0x00001000   Zero   RW         9377    .bss                flash.o
    0x20002c7a   0x0000006f   Zero   RW         9670    .bss                uart3.o
    0x20002ce9   0x0000003c   Zero   RW        10113    .bss                uart4.o
    0x20002d25   0x00000150   Zero   RW        10297    .bss                uart5.o
    0x20002e75   0x00000003   PAD
    0x20002e78   0x0000000c   Zero   RW        10337    .bss                rtc.o
    0x20002e84   0x0000000c   Zero   RW        10611    .bss                ff.o
    0x20002e90   0x00000184   Zero   RW        10955    .bss                tasks.o
    0x20003014   0x00000004   PAD
    0x20003018   0x0000f000   Zero   RW        11417    .bss                heap_4.o
    0x20012018   0x00000800   Zero   RW          144    STACK               startup_stm32f4xx.o


==============================================================================

Image component sizes


      Code (inc. data)   RO Data    RW Data    ZI Data      Debug   Object Name

         0          0          0          0          0       1855   api_lib.o
       124          0          0          0          0       1659   bill.o
       112         16     175304          0          0       2351   cc936.o
       632         50          0          4          0       6145   diskio.o
         0          0          0         12          0       2960   ethernetif.o
      6206         68         58          4         12      35922   ff.o
       694         46          0          2       4096       8371   flash.o
       328         24          0         16      61440       4483   heap_4.o
       304         52          0          0          0       2551   intel_flash.o
       730         34          0         18        624       7501   lcd_log.o
       142          0          0          0          0       3874   list.o
       218         34          0         15          0     116619   main.o
         0          0          0          4          0        411   mini_hopper.o
       140         26          0          0          0       2545   misc.o
      1142         34          0          1          0      11475   mmc_sd.o
         0          0          0          0          0       5707   netconf.o
       386         52          0          4          0       7908   port.o
       964          0          0          0          0       8442   queue.o
       284         16          0         16         12       4161   rtc.o
       296         28          0          1          0       3239   sdio.o
        42          0          0          0          0        612   serial_debug.o
       348         22          0          0          0       2273   spi.o
        36          8        392          0       2048        864   startup_stm32f4xx.o
       688         60         92         44          0      13153   stm324x7i_eval.o
      2136         98       9168         44          0      17302   stm324x7i_eval_lcd.o
        32         10          0          0          0       1350   stm32f4x7_eth.o
         0          0          0          8          0       3310   stm32f4x7_eth_bsp.o
       156         14          0          0          0       2668   stm32f4xx_exti.o
       330         38          0          0          0       5604   stm32f4xx_flash.o
       224          4          0          0          0       2265   stm32f4xx_fsmc.o
       174          0          0          0          0       4091   stm32f4xx_gpio.o
       304         42          0          4          0       7010   stm32f4xx_it.o
        12          6          0          0          0        646   stm32f4xx_pwr.o
       380         62          0         16          0       8711   stm32f4xx_rcc.o
       876         84          0          0          0      12166   stm32f4xx_rtc.o
        76          0          0          0          0       2113   stm32f4xx_spi.o
        40          6          0          0          0        744   stm32f4xx_syscfg.o
       210         28          0          0          0       5956   stm32f4xx_tim.o
       286         10          0          0          0       4643   stm32f4xx_usart.o
        64          0          0          0          0       4595   syscall.o
       296         40          0         20          0     319117   system_stm32f4xx.o
      1668        152          0         60        388      19188   tasks.o
         0          0          0          0          0       1328   tcp_server.o
       220         22          0         24        111       3040   uart3.o
        96         14          0          2         60       1749   uart4.o
       204         18          0         20        336       1861   uart5.o
       630         30          0          4          0       6592   usb_bsp.o
      1692         26          0          0          0      19223   usb_core.o
       160          0          0          0          0       5799   usb_hcd.o
      3700         16          0          0          0      11743   usb_hcd_int.o
      1450         44          0         18          0      10213   usbh_core.o
       232          0          0          0          0       4344   usbh_hcs.o
       282          0          0          0          0       5290   usbh_ioreq.o
       748         64          0         20         64       7341   usbh_msc_bot.o
       636         52          0         18        522       6361   usbh_msc_core.o
       976         72          0          1        528       7896   usbh_msc_scsi.o
       774         10          0          4        512       9201   usbh_stdreq.o
      3502       1488        318         84       2220      21575   usbh_usr.o
       128         22          0          0       1584       2245   usbmsc_task.o
         0          0          0          2        730       6406   user_record.o

    ----------------------------------------------------------------------
     36576       3042     185368        500      75296     808767   Object Totals
         0          0         32          0          0          0   (incl. Generated)
        66          0          4         10          9          0   (incl. Padding)

    ----------------------------------------------------------------------

      Code (inc. data)   RO Data    RW Data    ZI Data      Debug   Library Member Name

        92          0          0          0          0          0   __dczerorl2.o
         0          0          0          0          0          0   entry.o
         0          0          0          0          0          0   entry10a.o
         0          0          0          0          0          0   entry11a.o
         8          4          0          0          0          0   entry2.o
         4          0          0          0          0          0   entry5.o
         0          0          0          0          0          0   entry7b.o
         0          0          0          0          0          0   entry8b.o
         8          4          0          0          0          0   entry9a.o
        30          0          0          0          0          0   handlers.o
        36          8          0          0          0         68   init.o
         0          0          0          0          0          0   iusefp.o
        30          0          0          0          0         68   llshl.o
        36          0          0          0          0         68   llsshr.o
        32          0          0          0          0         68   llushr.o
        36          0          0          0          0         68   memcpya.o
        36          0          0          0          0        108   memseta.o
      2242         90          0          0          0        444   printfa.o
         0          0          0          4          0          0   stdout.o
        24          0          0          0          0         68   strcat.o
        18          0          0          0          0         68   strcpy.o
        24          0          0          0          0         76   strncpy.o
        36          0          0          0          0         80   strstr.o
        44          0          0          0          0         80   uidiv.o
        98          0          0          0          0         92   uldiv.o
        40          2          0          0          0         68   cdrcmple.o
       334          0          0          0          0        148   dadd.o
       222          0          0          0          0        100   ddiv.o
       190          0          0          0          0        176   depilogue.o
        48          0          0          0          0         68   dfixul.o
       228          0          0          0          0         96   dmul.o

    ----------------------------------------------------------------------
      3900        108          0          4          0       2012   Library Totals
         4          0          0          0          0          0   (incl. Padding)

    ----------------------------------------------------------------------

      Code (inc. data)   RO Data    RW Data    ZI Data      Debug   Library Name

      2834        106          0          4          0       1356   mc_w.l
      1062          2          0          0          0        656   mf_w.l

    ----------------------------------------------------------------------
      3900        108          0          4          0       2012   Library Totals

    ----------------------------------------------------------------------

==============================================================================


      Code (inc. data)   RO Data    RW Data    ZI Data      Debug   

     40476       3150     185368        504      75296     773687   Grand Totals
     40476       3150     185368        192      75296     773687   ELF Image Totals (compressed)
     40476       3150     185368        192          0          0   ROM Totals

==============================================================================

    Total RO  Size (Code + RO Data)               225844 ( 220.55kB)
    Total RW  Size (RW Data + ZI Data)             75800 (  74.02kB)
    Total ROM Size (Code + RO Data + RW Data)     226036 ( 220.74kB)

==============================================================================

