<html>
<body>
<pre>
<h1>礦ision Build Log</h1>
<h2>Project:</h2>
C:\Users\chong\Desktop\STM32F4Discovery\stsw-stm32070\STM32F4x7_ETH_LwIP_V1.1.1_测试通过\STM32F4x7_ETH_LwIP_V1.1.0\Project\FreeRTOS\httpserver_netconn\MDK-ARM\Project.uvproj
Project File Date:  04/12/2015

<h2>Output:</h2>
Build target 'STM324x7I_EVAL'
compiling main.c...
linking...
Program Size: Code=41124 RO-data=50284 RW-data=980 ZI-data=63540  
".\STM324xG_EVAL\STM324xG_EVAL.axf" - 0 Error(s), 0 Warning(s).
Load "C:\\Users\\chong\\Desktop\\STM32F4Discovery\\stsw-stm32070\\STM32F4x7_ETH_LwIP_V1.1.1_测试通过\\STM32F4x7_ETH_LwIP_V1.1.0\\Project\\FreeRTOS\\httpserver_netconn\\MDK-ARM\\STM324xG_EVAL\\STM324xG_EVAL.axf" 
Set JLink Project File to "C:\Users\chong\Desktop\STM32F4Discovery\stsw-stm32070\STM32F4x7_ETH_LwIP_V1.1.1_测试通过\STM32F4x7_ETH_LwIP_V1.1.0\Project\FreeRTOS\httpserver_netconn\MDK-ARM\JLinkSettings.ini"
* JLink Info: Device "STM32F407IG" selected (1024 KB flash, 128 KB RAM).
 
JLink info:
------------
DLL: V4.90 , compiled Jul 28 2014 10:35:20
Firmware: J-Link ARM V8 compiled Nov 28 2014 13:44:46
Hardware: V8.00
S/N : 58009527 
Feature(s) : RDI,FlashDL,FlashBP,JFlash,GDBFULL 
 
* JLink Info: TotalIRLen = 9, IRPrint = 0x0011
* JLink Info: TotalIRLen = 9, IRPrint = 0x0011
* JLink Info: Found Cortex-M4 r0p1, Little endian.
* JLink Info: FPUnit: 6 code (BP) slots and 2 literal slots
* JLink Info: TPIU fitted.
* JLink Info: ETM fitted.
ROMTableAddr = 0xE00FF003
 
Target info:
------------
Device: STM32F407IG
VTarget = 3.280V
State of Pins: 
TCK: 1, TDI: 0, TDO: 0, TMS: 0, TRES: 1, TRST: 1
Hardware-Breakpoints: 6
Software-Breakpoints: 8192
Watchpoints:          4
JTAG speed: 2000 kHz
 
Erase Done.
Programming Done.
Verify OK.
</pre>
</body>
</html>

Feature(s) : RDI,FlashDL,FlashBP,JFlash,GDBFULL 
 
* JLink Info: TotalIRLen = 9, IRPrint = 0x0011
* JLink Info: TotalIRLen = 9, IRPrint = 0x0011
* JLink Info: Found Cortex-M4 r0p1, Little endian.
* JLink Info: FPUnit: 6 code (BP) slots and 2 literal slots
* JLink Info: TPIU fitted.
* JLink Info: ETM fitted.
ROMTableAddr = 0xE00FF003
 
Target info:
------------
Device: STM32F407IG
VTarget = 3.280V
State of Pins: 
TCK: 1, TDI: 0, TDO: 0, TMS: 0, TRES: 1, TRST: 1
Hardware-Breakpoints: 6
Software-Breakpoints: 8192
Watchpoints:          4
JTAG speed: 2000 kHz
 
Erase Done.
Programming Done.
Verify OK.
fier "LED3_Port" is undefined
    GPIO_Init(LED3_Port, &GPIO_InitStructure);
..\..\..\..\Utilities\STM32_EVAL\STM324x7I_EVAL\stm324x7i_eval.c(268): error:  #20: identifier "LED4_Pin" is undefined
    GPIO_InitStructure.GPIO_Pin = LED4_Pin;
..\..\..\..\Utilities\STM32_EVAL\STM324x7I_EVAL\stm324x7i_eval.c(269): error:  #20: identifier "LED4_Port" is undefined
    GPIO_Init(LED4_Port, &GPIO_InitStructure);
..\..\..\..\Utilities\STM32_EVAL\STM324x7I_EVAL\stm324x7i_eval.c: 0 warnings, 12 errors
".\STM324xG_EVAL\STM324xG_EVAL.axf" - 13 Error(s), 0 Warning(s).
Target not created
HBPeriph | WAKEUP_KEY_RCC_AHBPeriph | JOY_A_KEY_RCC_AHBPeriph |
..\..\..\..\Utilities\STM32_EVAL\STM324x7I_EVAL\stm324x7i_eval.c(272): error:  #20: identifier "WAKEUP_KEY_RCC_AHBPeriph" is undefined
    RCC_AHB1PeriphClockCmd(USER_KEY_RCC_AHBPeriph | WAKEUP_KEY_RCC_AHBPeriph | JOY_A_KEY_RCC_AHBPeriph |
..\..\..\..\Utilities\STM32_EVAL\STM324x7I_EVAL\stm324x7i_eval.c(272): error:  #20: identifier "JOY_A_KEY_RCC_AHBPeriph" is undefined
    RCC_AHB1PeriphClockCmd(USER_KEY_RCC_AHBPeriph | WAKEUP_KEY_RCC_AHBPeriph | JOY_A_KEY_RCC_AHBPeriph |
..\..\..\..\Utilities\STM32_EVAL\STM324x7I_EVAL\stm324x7i_eval.c(273): error:  #20: identifier "JOY_B_KEY_RCC_AHBPeriph" is undefined
                 JOY_B_KEY_RCC_AHBPeriph |  JOY_C_KEY_RCC_AHBPeriph |  JOY_D_KEY_RCC_AHBPeriph |
..\..\..\..\Utilities\STM32_EVAL\STM324x7I_EVAL\stm324x7i_eval.c(273): error:  #20: identifier "JOY_C_KEY_RCC_AHBPeriph" is undefined
                 JOY_B_KEY_RCC_AHBPeriph |  JOY_C_KEY_RCC_AHBPeriph |  JOY_D_KEY_RCC_AHBPeriph |
..\..\..\..\Utilities\STM32_EVAL\STM324x7I_EVAL\stm324x7i_eval.c(273): error:  #20: identifier "JOY_D_KEY_RCC_AHBPeriph" is undefined
                 JOY_B_KEY_RCC_AHBPeriph |  JOY_C_KEY_RCC_AHBPeriph |  JOY_D_KEY_RCC_AHBPeriph |
..\..\..\..\Utilities\STM32_EVAL\STM324x7I_EVAL\stm324x7i_eval.c(274): error:  #20: identifier "JOY_CTR_KEY_RCC_AHBPeriph" is undefined
                  JOY_CTR_KEY_RCC_AHBPeriph, ENABLE);
..\..\..\..\Utilities\STM32_EVAL\STM324x7I_EVAL\stm324x7i_eval.c(277): error:  #20: identifier "USER_KEY_Pin" is undefined
    GPIO_InitStructure.GPIO_Pin = USER_KEY_Pin;
..\..\..\..\Utilities\STM32_EVAL\STM324x7I_EVAL\stm324x7i_eval.c(282): error:  #20: identifier "USER_KEY_Port" is undefined
    GPIO_Init(USER_KEY_Port, &GPIO_InitStructure);
..\..\..\..\Utilities\STM32_EVAL\STM324x7I_EVAL\stm324x7i_eval.c(285): error:  #20: identifier "WAKEUP_KEY_Pin" is undefined
    GPIO_InitStructure.GPIO_Pin = WAKEUP_KEY_Pin;
..\..\..\..\Utilities\STM32_EVAL\STM324x7I_EVAL\stm324x7i_eval.c(286): error:  #20: identifier "WAKEUP_KEY_Port" is undefined
    GPIO_Init(WAKEUP_KEY_Port, &GPIO_InitStructure);
..\..\..\..\Utilities\STM32_EVAL\STM324x7I_EVAL\stm324x7i_eval.c(288): error:  #20: identifier "JOY_A_KEY_Pin" is undefined
    GPIO_InitStructure.GPIO_Pin = JOY_A_KEY_Pin;
..\..\..\..\Utilities\STM32_EVAL\STM324x7I_EVAL\stm324x7i_eval.c(289): error:  #20: identifier "JOY_A_KEY_Port" is undefined
    GPIO_Init(JOY_A_KEY_Port, &GPIO_InitStructure);
..\..\..\..\Utilities\STM32_EVAL\STM324x7I_EVAL\stm324x7i_eval.c(290): error:  #20: identifier "JOY_B_KEY_Pin" is undefined
    GPIO_InitStructure.GPIO_Pin = JOY_B_KEY_Pin;
..\..\..\..\Utilities\STM32_EVAL\STM324x7I_EVAL\stm324x7i_eval.c(291): error:  #20: identifier "JOY_B_KEY_Port" is undefined
    GPIO_Init(JOY_B_KEY_Port, &GPIO_InitStructure);
..\..\..\..\Utilities\STM32_EVAL\STM324x7I_EVAL\stm324x7i_eval.c(292): error:  #20: identifier "JOY_C_KEY_Pin" is undefined
    GPIO_InitStructure.GPIO_Pin = JOY_C_KEY_Pin;
..\..\..\..\Utilities\STM32_EVAL\STM324x7I_EVAL\stm324x7i_eval.c(293): error:  #20: identifier "JOY_C_KEY_Port" is undefined
    GPIO_Init(JOY_C_KEY_Port, &GPIO_InitStructure);
..\..\..\..\Utilities\STM32_EVAL\STM324x7I_EVAL\stm324x7i_eval.c(294): error:  #20: identifier "JOY_D_KEY_Pin" is undefined
    GPIO_InitStructure.GPIO_Pin = JOY_D_KEY_Pin;
..\..\..\..\Utilities\STM32_EVAL\STM324x7I_EVAL\stm324x7i_eval.c: 0 warnings, 30 errors
".\STM324xG_EVAL\STM324xG_EVAL.axf" - 31 Error(s), 0 Warning(s).
Target not created
"C:\Program Files\Sublime Text 2\sublime_text.exe" "C:\Users\chong\Desktop\STM32F4Discovery\stsw-stm32070\STM32F4x7_ETH_LwIP_V1.1.1_测试通过\STM32F4x7_ETH_LwIP_V1.1.0\Utilities\STM32_EVAL\STM324x7I_EVAL\stm324x7i_eval.c"
