<html>
<body>
<pre>
<h1>µVision Build Log</h1>
<h2>Project:</h2>
C:\Users\chong\Documents\GitHub\STM32F4x7_ETH_LwIP_V1.1.0\Project\FreeRTOS\httpserver_netconn\MDK-ARM\Project.uvproj
Project File Date:  06/16/2015

<h2>Output:</h2>
Build target 'STM324x7I_EVAL'
linking...
Program Size: Code=40476 RO-data=185368 RW-data=504 ZI-data=75296  
FromELF: creating hex file...
".\STM324xG_EVAL\STM324xG_EVAL.axf" - 0 Error(s), 0 Warning(s).
Load "C:\\Users\\chong\\Documents\\GitHub\\STM32F4x7_ETH_LwIP_V1.1.0\\Project\\FreeRTOS\\httpserver_netconn\\MDK-ARM\\STM324xG_EVAL\\STM324xG_EVAL.axf" 
Set JLink Project File to "C:\Users\chong\Documents\GitHub\STM32F4x7_ETH_LwIP_V1.1.0\Project\FreeRTOS\httpserver_netconn\MDK-ARM\JLinkSettings.ini"
* JLink Info: Device "STM32F407IG" selected (1024 KB flash, 128 KB RAM).
 
JLink info:
------------
DLL: V4.90 , compiled Jul 28 2014 10:35:20
Firmware: J-Link ARM V8 compiled Nov 28 2014 13:44:46
Hardware: V8.00
S/N : 58009527 
Feature(s) : RDI,FlashDL,FlashBP,JFlash,GDBFULL 
 
* JLink Info: Found SWD-DP with ID 0x2BA01477
* JLink Info: Found SWD-DP with ID 0x2BA01477
* JLink Info: Found Cortex-M4 r0p1, Little endian.
* JLink Info: FPUnit: 6 code (BP) slots and 2 literal slots
* JLink Info: TPIU fitted.
* JLink Info: ETM fitted.
ROMTableAddr = 0xE00FF003
 
Target info:
------------
Device: STM32F407IG
VTarget = 3.274V
State of Pins: 
TCK: 0, TDI: 1, TDO: 0, TMS: 1, TRES: 1, TRST: 1
Hardware-Breakpoints: 6
Software-Breakpoints: 8192
Watchpoints:          4
JTAG speed: 2000 kHz
 
Erase Done.
Programming Done.
Verify OK.
Application running ...
</pre>
</body>
</html>
