ARM Linker, 5.03 [Build 76] [MDK-ARM Standard]

==============================================================================

Section Cross References

    system_stm32f4xx.o(i.SystemCoreClockUpdate) refers to system_stm32f4xx.o(.data) for .data
    system_stm32f4xx.o(i.SystemInit) refers to system_stm32f4xx.o(i.SetSysClock) for SetSysClock
    startup_stm32f427x.o(RESET) refers to startup_stm32f427x.o(STACK) for __initial_sp
    startup_stm32f427x.o(RESET) refers to startup_stm32f427x.o(.text) for Reset_Handler
    startup_stm32f427x.o(RESET) refers to stm32f4xx_it.o(i.NMI_Handler) for NMI_Handler
    startup_stm32f427x.o(RESET) refers to stm32f4xx_it.o(i.HardFault_Handler) for HardFault_Handler
    startup_stm32f427x.o(RESET) refers to stm32f4xx_it.o(i.MemManage_Handler) for MemManage_Handler
    startup_stm32f427x.o(RESET) refers to stm32f4xx_it.o(i.BusFault_Handler) for BusFault_Handler
    startup_stm32f427x.o(RESET) refers to stm32f4xx_it.o(i.UsageFault_Handler) for UsageFault_Handler
    startup_stm32f427x.o(RESET) refers to stm32f4xx_it.o(i.DebugMon_Handler) for DebugMon_Handler
    startup_stm32f427x.o(RESET) refers to stm32f4xx_it.o(i.SysTick_Handler) for SysTick_Handler
    startup_stm32f427x.o(RESET) refers to stm32f4xx_it.o(i.EXTI15_10_IRQHandler) for EXTI15_10_IRQHandler
    startup_stm32f427x.o(RESET) refers to stm32f4xx_it.o(i.SDIO_IRQHandler) for SDIO_IRQHandler
    startup_stm32f427x.o(RESET) refers to stm32f4xx_it.o(i.DMA2_Stream3_IRQHandler) for DMA2_Stream3_IRQHandler
    startup_stm32f427x.o(.text) refers to system_stm32f4xx.o(i.SystemInit) for SystemInit
    startup_stm32f427x.o(.text) refers to entry.o(.ARM.Collect$$$$00000000) for __main
    main.o(i.Delay) refers to main.o(.data) for .data
    main.o(i.LCD_LED_Init) refers to misc.o(i.NVIC_PriorityGroupConfig) for NVIC_PriorityGroupConfig
    main.o(i.LCD_LED_Init) refers to stm324x7i_eval_lcd.o(i.LCD_Init) for LCD_Init
    main.o(i.LCD_LED_Init) refers to stm324x7i_eval.o(i.STM_EVAL_LEDInit) for STM_EVAL_LEDInit
    main.o(i.LCD_LED_Init) refers to stm324x7i_eval.o(i.STM_EVAL_LEDOn) for STM_EVAL_LEDOn
    main.o(i.LCD_LED_Init) refers to stm324x7i_eval_lcd.o(i.LCD_Clear) for LCD_Clear
    main.o(i.LCD_LED_Init) refers to stm324x7i_eval_lcd.o(i.LCD_SetBackColor) for LCD_SetBackColor
    main.o(i.LCD_LED_Init) refers to stm324x7i_eval_lcd.o(i.LCD_SetTextColor) for LCD_SetTextColor
    main.o(i.LCD_LED_Init) refers to stm324x7i_eval_lcd.o(i.LCD_GetFont) for LCD_GetFont
    main.o(i.LCD_LED_Init) refers to stm324x7i_eval_lcd.o(i.LCD_DisplayStringLine) for LCD_DisplayStringLine
    main.o(i.Time_Update) refers to main.o(.data) for .data
    main.o(i.main) refers to main.o(i.LCD_LED_Init) for LCD_LED_Init
    main.o(i.main) refers to stm32f4x7_eth_bsp.o(i.ETH_BSP_Config) for ETH_BSP_Config
    main.o(i.main) refers to netconf.o(i.LwIP_Init) for LwIP_Init
    main.o(i.main) refers to tftpserver.o(i.tftpd_init) for tftpd_init
    main.o(i.main) refers to stm32f4x7_eth.o(i.ETH_CheckFrameReceived) for ETH_CheckFrameReceived
    main.o(i.main) refers to netconf.o(i.LwIP_Pkt_Handle) for LwIP_Pkt_Handle
    main.o(i.main) refers to netconf.o(i.LwIP_Periodic_Handle) for LwIP_Periodic_Handle
    main.o(i.main) refers to main.o(.data) for .data
    netconf.o(i.LwIP_Init) refers to mem.o(i.mem_init) for mem_init
    netconf.o(i.LwIP_Init) refers to memp.o(i.memp_init) for memp_init
    netconf.o(i.LwIP_Init) refers to netif.o(i.netif_add) for netif_add
    netconf.o(i.LwIP_Init) refers to netif.o(i.netif_set_default) for netif_set_default
    netconf.o(i.LwIP_Init) refers to netif.o(i.netif_set_down) for netif_set_down
    netconf.o(i.LwIP_Init) refers to stm324x7i_eval_lcd.o(i.LCD_SetTextColor) for LCD_SetTextColor
    netconf.o(i.LwIP_Init) refers to stm324x7i_eval_lcd.o(i.LCD_GetFont) for LCD_GetFont
    netconf.o(i.LwIP_Init) refers to stm324x7i_eval_lcd.o(i.LCD_DisplayStringLine) for LCD_DisplayStringLine
    netconf.o(i.LwIP_Init) refers to netif.o(i.netif_set_link_callback) for netif_set_link_callback
    netconf.o(i.LwIP_Init) refers to netif.o(i.netif_set_up) for netif_set_up
    netconf.o(i.LwIP_Init) refers to printf1.o(i.__0sprintf$1) for __2sprintf
    netconf.o(i.LwIP_Init) refers to etharp.o(i.ethernet_input) for ethernet_input
    netconf.o(i.LwIP_Init) refers to ethernetif.o(i.ethernetif_init) for ethernetif_init
    netconf.o(i.LwIP_Init) refers to netconf.o(.bss) for .bss
    netconf.o(i.LwIP_Init) refers to stm32f4x7_eth_bsp.o(.data) for EthStatus
    netconf.o(i.LwIP_Init) refers to stm32f4x7_eth_bsp.o(i.ETH_link_callback) for ETH_link_callback
    netconf.o(i.LwIP_Periodic_Handle) refers to tcp.o(i.tcp_tmr) for tcp_tmr
    netconf.o(i.LwIP_Periodic_Handle) refers to etharp.o(i.etharp_tmr) for etharp_tmr
    netconf.o(i.LwIP_Periodic_Handle) refers to netconf.o(.data) for .data
    netconf.o(i.LwIP_Pkt_Handle) refers to ethernetif.o(i.ethernetif_input) for ethernetif_input
[...]
    _printf_wctomb                           0x00000000   Number         0  stubs.o ABSOLUTE
    _printf_widthprec                        0x00000000   Number         0  stubs.o ABSOLUTE
    _printf_x                                0x00000000   Number         0  stubs.o ABSOLUTE
    __cpp_initialize__aeabi_                  - Undefined Weak Reference
    __cxa_finalize                            - Undefined Weak Reference
    _clock_init                               - Undefined Weak Reference
    _microlib_exit                            - Undefined Weak Reference
    __Vectors_Size                           0x0000019c   Number         0  startup_stm32f427x.o ABSOLUTE
    __Vectors                                0x08000000   Data           4  startup_stm32f427x.o(RESET)
    __Vectors_End                            0x0800019c   Data           0  startup_stm32f427x.o(RESET)
    __main                                   0x0800019d   Thumb Code     0  entry.o(.ARM.Collect$$$$00000000)
    _main_stk                                0x0800019d   Thumb Code     0  entry2.o(.ARM.Collect$$$$00000001)
    _main_scatterload                        0x080001a1   Thumb Code     0  entry5.o(.ARM.Collect$$$$00000004)
    __main_after_scatterload                 0x080001a5   Thumb Code     0  entry5.o(.ARM.Collect$$$$00000004)
    _main_clock                              0x080001a5   Thumb Code     0  entry7b.o(.ARM.Collect$$$$00000008)
    _main_cpp_init                           0x080001a5   Thumb Code     0  entry8b.o(.ARM.Collect$$$$0000000A)
    _main_init                               0x080001a5   Thumb Code     0  entry9a.o(.ARM.Collect$$$$0000000B)
    __rt_final_cpp                           0x080001ad   Thumb Code     0  entry10a.o(.ARM.Collect$$$$0000000D)
    __rt_final_exit                          0x080001ad   Thumb Code     0  entry11a.o(.ARM.Collect$$$$0000000F)
    Reset_Handler                            0x080001b1   Thumb Code     8  startup_stm32f427x.o(.text)
    SVC_Handler                              0x080001c3   Thumb Code     2  startup_stm32f427x.o(.text)
    PendSV_Handler                           0x080001c7   Thumb Code     2  startup_stm32f427x.o(.text)
    ADC_IRQHandler                           0x080001cb   Thumb Code     0  startup_stm32f427x.o(.text)
    CAN1_RX0_IRQHandler                      0x080001cb   Thumb Code     0  startup_stm32f427x.o(.text)
    CAN1_RX1_IRQHandler                      0x080001cb   Thumb Code     0  startup_stm32f427x.o(.text)
    CAN1_SCE_IRQHandler                      0x080001cb   Thumb Code     0  startup_stm32f427x.o(.text)
    CAN1_TX_IRQHandler                       0x080001cb   Thumb Code     0  startup_stm32f427x.o(.text)
    CAN2_RX0_IRQHandler                      0x080001cb   Thumb Code     0  startup_stm32f427x.o(.text)
    CAN2_RX1_IRQHandler                      0x080001cb   Thumb Code     0  startup_stm32f427x.o(.text)
    CAN2_SCE_IRQHandler                      0x080001cb   Thumb Code     0  startup_stm32f427x.o(.text)
    CAN2_TX_IRQHandler                       0x080001cb   Thumb Code     0  startup_stm32f427x.o(.text)
    CRYP_IRQHandler                          0x080001cb   Thumb Code     0  startup_stm32f427x.o(.text)
    DCMI_IRQHandler                          0x080001cb   Thumb Code     0  startup_stm32f427x.o(.text)
    DMA1_Stream0_IRQHandler                  0x080001cb   Thumb Code     0  startup_stm32f427x.o(.text)
    DMA1_Stream1_IRQHandler                  0x080001cb   Thumb Code     0  startup_stm32f427x.o(.text)
    DMA1_Stream2_IRQHandler                  0x080001cb   Thumb Code     0  startup_stm32f427x.o(.text)
    DMA1_Stream3_IRQHandler                  0x080001cb   Thumb Code     0  startup_stm32f427x.o(.text)
    DMA1_Stream4_IRQHandler                  0x080001cb   Thumb Code     0  startup_stm32f427x.o(.text)
    DMA1_Stream5_IRQHandler                  0x080001cb   Thumb Code     0  startup_stm32f427x.o(.text)
    DMA1_Stream6_IRQHandler                  0x080001cb   Thumb Code     0  startup_stm32f427x.o(.text)
    DMA1_Stream7_IRQHandler                  0x080001cb   Thumb Code     0  startup_stm32f427x.o(.text)
    DMA2_Stream0_IRQHandler                  0x080001cb   Thumb Code     0  startup_stm32f427x.o(.text)
    DMA2_Stream1_IRQHandler                  0x080001cb   Thumb Code     0  startup_stm32f427x.o(.text)
    DMA2_Stream2_IRQHandler                  0x080001cb   Thumb Code     0  startup_stm32f427x.o(.text)
    DMA2_Stream4_IRQHandler                  0x080001cb   Thumb Code     0  startup_stm32f427x.o(.text)
    DMA2_Stream5_IRQHandler                  0x080001cb   Thumb Code     0  startup_stm32f427x.o(.text)
    DMA2_Stream6_IRQHandler                  0x080001cb   Thumb Code     0  startup_stm32f427x.o(.text)
    DMA2_Stream7_IRQHandler                  0x080001cb   Thumb Code     0  startup_stm32f427x.o(.text)
    ETH_IRQHandler                           0x080001cb   Thumb Code     0  startup_stm32f427x.o(.text)
    ETH_WKUP_IRQHandler                      0x080001cb   Thumb Code     0  startup_stm32f427x.o(.text)
    EXTI0_IRQHandler                         0x080001cb   Thumb Code     0  startup_stm32f427x.o(.text)
    EXTI1_IRQHandler                         0x080001cb   Thumb Code     0  startup_stm32f427x.o(.text)
    EXTI2_IRQHandler                         0x080001cb   Thumb Code     0  startup_stm32f427x.o(.text)
    EXTI3_IRQHandler                         0x080001cb   Thumb Code     0  startup_stm32f427x.o(.text)
    EXTI4_IRQHandler                         0x080001cb   Thumb Code     0  startup_stm32f427x.o(.text)
    EXTI9_5_IRQHandler                       0x080001cb   Thumb Code     0  startup_stm32f427x.o(.text)
    FLASH_IRQHandler                         0x080001cb   Thumb Code     0  startup_stm32f427x.o(.text)
    FPU_IRQHandler                           0x080001cb   Thumb Code     0  startup_stm32f427x.o(.text)
    FSMC_IRQHandler                          0x080001cb   Thumb Code     0  startup_stm32f427x.o(.text)
    HASH_RNG_IRQHandler                      0x080001cb   Thumb Code     0  startup_stm32f427x.o(.text)
    I2C1_ER_IRQHandler                       0x080001cb   Thumb Code     0  startup_stm32f427x.o(.text)
    I2C1_EV_IRQHandler                       0x080001cb   Thumb Code     0  startup_stm32f427x.o(.text)
    I2C2_ER_IRQHandler                       0x080001cb   Thumb Code     0  startup_stm32f427x.o(.text)
    I2C2_EV_IRQHandler                       0x080001cb   Thumb Code     0  startup_stm32f427x.o(.text)
    I2C3_ER_IRQHandler                       0x080001cb   Thumb Code     0  startup_stm32f427x.o(.text)
    I2C3_EV_IRQHandler                       0x080001cb   Thumb Code     0  startup_stm32f427x.o(.text)
    OTG_FS_IRQHandler                        0x080001cb   Thumb Code     0  startup_stm32f427x.o(.text)
    OTG_FS_WKUP_IRQHandler                   0x080001cb   Thumb Code     0  startup_stm32f427x.o(.text)
    OTG_HS_EP1_IN_IRQHandler                 0x080001cb   Thumb Code     0  startup_stm32f427x.o(.text)
    OTG_HS_EP1_OUT_IRQHandler                0x080001cb   Thumb Code     0  startup_stm32f427x.o(.text)
    OTG_HS_IRQHandler                        0x080001cb   Thumb Code     0  startup_stm32f427x.o(.text)
    OTG_HS_WKUP_IRQHandler                   0x080001cb   Thumb Code     0  startup_stm32f427x.o(.text)
    PVD_IRQHandler                           0x080001cb   Thumb Code     0  startup_stm32f427x.o(.text)
    RCC_IRQHandler                           0x080001cb   Thumb Code     0  startup_stm32f427x.o(.text)
    RTC_Alarm_IRQHandler                     0x080001cb   Thumb Code     0  startup_stm32f427x.o(.text)
    RTC_WKUP_IRQHandler                      0x080001cb   Thumb Code     0  startup_stm32f427x.o(.text)
    SPI1_IRQHandler                          0x080001cb   Thumb Code     0  startup_stm32f427x.o(.text)
    SPI2_IRQHandler                          0x080001cb   Thumb Code     0  startup_stm32f427x.o(.text)
    SPI3_IRQHandler                          0x080001cb   Thumb Code     0  startup_stm32f427x.o(.text)
    SPI4_IRQHandler                          0x080001cb   Thumb Code     0  startup_stm32f427x.o(.text)
    SPI5_IRQHandler                          0x080001cb   Thumb Code     0  startup_stm32f427x.o(.text)
    SPI6_IRQHandler                          0x080001cb   Thumb Code     0  startup_stm32f427x.o(.text)
    TAMP_STAMP_IRQHandler                    0x080001cb   Thumb Code     0  startup_stm32f427x.o(.text)
    TIM1_BRK_TIM9_IRQHandler                 0x080001cb   Thumb Code     0  startup_stm32f427x.o(.text)
    TIM1_CC_IRQHandler                       0x080001cb   Thumb Code     0  startup_stm32f427x.o(.text)
    TIM1_TRG_COM_TIM11_IRQHandler            0x080001cb   Thumb Code     0  startup_stm32f427x.o(.text)
    TIM1_UP_TIM10_IRQHandler                 0x080001cb   Thumb Code     0  startup_stm32f427x.o(.text)
    TIM2_IRQHandler                          0x080001cb   Thumb Code     0  startup_stm32f427x.o(.text)
    TIM3_IRQHandler                          0x080001cb   Thumb Code     0  startup_stm32f427x.o(.text)
    TIM4_IRQHandler                          0x080001cb   Thumb Code     0  startup_stm32f427x.o(.text)
    TIM5_IRQHandler                          0x080001cb   Thumb Code     0  startup_stm32f427x.o(.text)
    TIM6_DAC_IRQHandler                      0x080001cb   Thumb Code     0  startup_stm32f427x.o(.text)
    TIM7_IRQHandler                          0x080001cb   Thumb Code     0  startup_stm32f427x.o(.text)
    TIM8_BRK_TIM12_IRQHandler                0x080001cb   Thumb Code     0  startup_stm32f427x.o(.text)
    TIM8_CC_IRQHandler                       0x080001cb   Thumb Code     0  startup_stm32f427x.o(.text)
    TIM8_TRG_COM_TIM14_IRQHandler            0x080001cb   Thumb Code     0  startup_stm32f427x.o(.text)
    TIM8_UP_TIM13_IRQHandler                 0x080001cb   Thumb Code     0  startup_stm32f427x.o(.text)
    UART4_IRQHandler                         0x080001cb   Thumb Code     0  startup_stm32f427x.o(.text)
    UART5_IRQHandler                         0x080001cb   Thumb Code     0  startup_stm32f427x.o(.text)
    UART7_IRQHandler                         0x080001cb   Thumb Code     0  startup_stm32f427x.o(.text)
    UART8_IRQHandler                         0x080001cb   Thumb Code     0  startup_stm32f427x.o(.text)
    USART1_IRQHandler                        0x080001cb   Thumb Code     0  startup_stm32f427x.o(.text)
    USART2_IRQHandler                        0x080001cb   Thumb Code     0  startup_stm32f427x.o(.text)
    USART3_IRQHandler                        0x080001cb   Thumb Code     0  startup_stm32f427x.o(.text)
    USART6_IRQHandler                        0x080001cb   Thumb Code     0  startup_stm32f427x.o(.text)
    WWDG_IRQHandler                          0x080001cb   Thumb Code     0  startup_stm32f427x.o(.text)
    __aeabi_memcpy                           0x080001d5   Thumb Code    36  memcpya.o(.text)
    __aeabi_memcpy4                          0x080001d5   Thumb Code     0  memcpya.o(.text)
    __aeabi_memcpy8                          0x080001d5   Thumb Code     0  memcpya.o(.text)
    __aeabi_memset                           0x080001f9   Thumb Code    14  memseta.o(.text)
    __aeabi_memset4                          0x080001f9   Thumb Code     0  memseta.o(.text)
    __aeabi_memset8                          0x080001f9   Thumb Code     0  memseta.o(.text)
    __aeabi_memclr                           0x08000207   Thumb Code     4  memseta.o(.text)
    __aeabi_memclr4                          0x08000207   Thumb Code     0  memseta.o(.text)
    __aeabi_memclr8                          0x08000207   Thumb Code     0  memseta.o(.text)
    _memset$wrapper                          0x0800020b   Thumb Code    18  memseta.o(.text)
    strlen                                   0x0800021d   Thumb Code    14  strlen.o(.text)
    memcmp                                   0x0800022b   Thumb Code    26  memcmp.o(.text)
    strcpy                                   0x08000245   Thumb Code    18  strcpy.o(.text)
    __aeabi_uidiv                            0x08000257   Thumb Code     0  uidiv.o(.text)
    __aeabi_uidivmod                         0x08000257   Thumb Code    44  uidiv.o(.text)
    __scatterload                            0x08000285   Thumb Code    28  init.o(.text)
    __scatterload_rt2                        0x08000285   Thumb Code     0  init.o(.text)
    __I$use$semihosting$fputc                0x080002a9   Thumb Code     0  iusesemip.o(.text)
    __decompress                             0x080002a9   Thumb Code     0  __dczerorl2.o(.text)
    __decompress1                            0x080002a9   Thumb Code    92  __dczerorl2.o(.text)
    __semihosting_library_function           0x080002a9   Thumb Code     0  semi.o(.text)
    BusFault_Handler                         0x08000305   Thumb Code     2  stm32f4xx_it.o(i.BusFault_Handler)
    DMA2_Stream3_IRQHandler                  0x08000495   Thumb Code     4  stm32f4xx_it.o(i.DMA2_Stream3_IRQHandler)
    DMA_ClearFlag                            0x08000499   Thumb Code    32  stm32f4xx_dma.o(i.DMA_ClearFlag)
    DMA_Cmd                                  0x080004c5   Thumb Code    20  stm32f4xx_dma.o(i.DMA_Cmd)
    DMA_DeInit                               0x080004d9   Thumb Code   272  stm32f4xx_dma.o(i.DMA_DeInit)
    DMA_FlowControllerConfig                 0x080005fd   Thumb Code    20  stm32f4xx_dma.o(i.DMA_FlowControllerConfig)
    DMA_ITConfig                             0x08000611   Thumb Code    52  stm32f4xx_dma.o(i.DMA_ITConfig)
    DMA_Init                                 0x08000645   Thumb Code    80  stm32f4xx_dma.o(i.DMA_Init)
    DebugMon_Handler                         0x08000699   Thumb Code     2  stm32f4xx_it.o(i.DebugMon_Handler)
    Delay                                    0x0800069d   Thumb Code    16  main.o(i.Delay)
    ETH_BSP_Config                           0x080006b1   Thumb Code   110  stm32f4x7_eth_bsp.o(i.ETH_BSP_Config)
    ETH_CheckFrameReceived                   0x08000725   Thumb Code   108  stm32f4x7_eth.o(i.ETH_CheckFrameReceived)
    ETH_DMAReceptionCmd                      0x08000795   Thumb Code    22  stm32f4x7_eth.o(i.ETH_DMAReceptionCmd)
    ETH_DMARxDescChainInit                   0x080007b1   Thumb Code    74  stm32f4x7_eth.o(i.ETH_DMARxDescChainInit)
    ETH_DMATransmissionCmd                   0x08000809   Thumb Code    22  stm32f4x7_eth.o(i.ETH_DMATransmissionCmd)
    ETH_DMATxDescChainInit                   0x08000825   Thumb Code    62  stm32f4x7_eth.o(i.ETH_DMATxDescChainInit)
    ETH_DMATxDescChecksumInsertionConfig     0x0800086d   Thumb Code     8  stm32f4x7_eth.o(i.ETH_DMATxDescChecksumInsertionConfig)
    ETH_DeInit                               0x08000875   Thumb Code    24  stm32f4x7_eth.o(i.ETH_DeInit)
    ETH_FlushTransmitFIFO                    0x0800088d   Thumb Code    28  stm32f4x7_eth.o(i.ETH_FlushTransmitFIFO)
    ETH_GetSoftwareResetStatus               0x08000a19   Thumb Code    14  stm32f4x7_eth.o(i.ETH_GetSoftwareResetStatus)
    ETH_Get_Received_Frame                   0x08000a2d   Thumb Code    30  stm32f4x7_eth.o(i.ETH_Get_Received_Frame)
    ETH_Init                                 0x08000a51   Thumb Code   618  stm32f4x7_eth.o(i.ETH_Init)
    ETH_MACAddressConfig                     0x08000cf1   Thumb Code    22  stm32f4x7_eth.o(i.ETH_MACAddressConfig)
    ETH_MACReceptionCmd                      0x08000d91   Thumb Code    42  stm32f4x7_eth.o(i.ETH_MACReceptionCmd)
    ETH_MACTransmissionCmd                   0x08000dc1   Thumb Code    42  stm32f4x7_eth.o(i.ETH_MACTransmissionCmd)
    ETH_Prepare_Transmit_Descriptors         0x08000df1   Thumb Code   164  stm32f4x7_eth.o(i.ETH_Prepare_Transmit_Descriptors)
    ETH_ReadPHYRegister                      0x08000e9d   Thumb Code    80  stm32f4x7_eth.o(i.ETH_ReadPHYRegister)
    ETH_SoftwareReset                        0x08000ef5   Thumb Code    12  stm32f4x7_eth.o(i.ETH_SoftwareReset)
    ETH_Start                                0x08000f05   Thumb Code    34  stm32f4x7_eth.o(i.ETH_Start)
    ETH_Stop                                 0x08000f27   Thumb Code    34  stm32f4x7_eth.o(i.ETH_Stop)
    ETH_StructInit                           0x08000f49   Thumb Code   136  stm32f4x7_eth.o(i.ETH_StructInit)
    ETH_WritePHYRegister                     0x08000fd1   Thumb Code    76  stm32f4x7_eth.o(i.ETH_WritePHYRegister)
    ETH_link_callback                        0x08001025   Thumb Code   470  stm32f4x7_eth_bsp.o(i.ETH_link_callback)
    EXTI15_10_IRQHandler                     0x08001281   Thumb Code    34  stm32f4xx_it.o(i.EXTI15_10_IRQHandler)
    EXTI_ClearITPendingBit                   0x080012a5   Thumb Code     6  stm32f4xx_exti.o(i.EXTI_ClearITPendingBit)
    EXTI_GetITStatus                         0x080012b1   Thumb Code    28  stm32f4xx_exti.o(i.EXTI_GetITStatus)
    EXTI_Init                                0x080012d1   Thumb Code   108  stm32f4xx_exti.o(i.EXTI_Init)
    Eth_Link_EXTIConfig                      0x08001341   Thumb Code    98  stm32f4x7_eth_bsp.o(i.Eth_Link_EXTIConfig)
    Eth_Link_ITHandler                       0x080013a9   Thumb Code    46  stm32f4x7_eth_bsp.o(i.Eth_Link_ITHandler)
    Eth_Link_PHYITConfig                     0x080013dd   Thumb Code    54  stm32f4x7_eth_bsp.o(i.Eth_Link_PHYITConfig)
    FSMC_NORSRAMCmd                          0x08001415   Thumb Code    28  stm32f4xx_fsmc.o(i.FSMC_NORSRAMCmd)
    FSMC_NORSRAMInit                         0x08001435   Thumb Code   192  stm32f4xx_fsmc.o(i.FSMC_NORSRAMInit)
    GPIO_Init                                0x08001629   Thumb Code   162  stm32f4xx_gpio.o(i.GPIO_Init)
    GPIO_PinAFConfig                         0x080016cb   Thumb Code    32  stm32f4xx_gpio.o(i.GPIO_PinAFConfig)
    GPIO_ReadInputDataBit                    0x080016eb   Thumb Code    14  stm32f4xx_gpio.o(i.GPIO_ReadInputDataBit)
    HardFault_Handler                        0x080016f9   Thumb Code     2  stm32f4xx_it.o(i.HardFault_Handler)
    LCD_Clear                                0x080016fb   Thumb Code    38  stm324x7i_eval_lcd.o(i.LCD_Clear)
    LCD_ClearLine                            0x08001721   Thumb Code    44  stm324x7i_eval_lcd.o(i.LCD_ClearLine)
    LCD_CtrlLinesConfig                      0x08001751   Thumb Code   292  stm324x7i_eval_lcd.o(i.LCD_CtrlLinesConfig)
    LCD_DisplayChar                          0x08001885   Thumb Code    26  stm324x7i_eval_lcd.o(i.LCD_DisplayChar)
    LCD_DisplayStringLine                    0x080018a5   Thumb Code    52  stm324x7i_eval_lcd.o(i.LCD_DisplayStringLine)
    LCD_DrawChar                             0x080018dd   Thumb Code   120  stm324x7i_eval_lcd.o(i.LCD_DrawChar)
    LCD_FSMCConfig                           0x08001959   Thumb Code    88  stm324x7i_eval_lcd.o(i.LCD_FSMCConfig)
    LCD_GetFont                              0x080019b1   Thumb Code     6  stm324x7i_eval_lcd.o(i.LCD_GetFont)
    LCD_Init                                 0x080019bd   Thumb Code  1034  stm324x7i_eval_lcd.o(i.LCD_Init)
    LCD_LED_Init                             0x08001dcd   Thumb Code   146  main.o(i.LCD_LED_Init)
    LCD_ReadReg                              0x08001ec1   Thumb Code    10  stm324x7i_eval_lcd.o(i.LCD_ReadReg)
    LCD_SetBackColor                         0x08001ecd   Thumb Code    12  stm324x7i_eval_lcd.o(i.LCD_SetBackColor)
    LCD_SetCursor                            0x08001edd   Thumb Code    24  stm324x7i_eval_lcd.o(i.LCD_SetCursor)
    LCD_SetTextColor                         0x08001ef5   Thumb Code    12  stm324x7i_eval_lcd.o(i.LCD_SetTextColor)
    LCD_WriteReg                             0x08001f05   Thumb Code    10  stm324x7i_eval_lcd.o(i.LCD_WriteReg)
    LwIP_Init                                0x08001f11   Thumb Code   210  netconf.o(i.LwIP_Init)
    LwIP_Periodic_Handle                     0x08002059   Thumb Code    50  netconf.o(i.LwIP_Periodic_Handle)
    LwIP_Pkt_Handle                          0x08002091   Thumb Code     6  netconf.o(i.LwIP_Pkt_Handle)
    MemManage_Handler                        0x0800209d   Thumb Code     2  stm32f4xx_it.o(i.MemManage_Handler)
    NMI_Handler                              0x0800209f   Thumb Code     2  stm32f4xx_it.o(i.NMI_Handler)
    NVIC_Init                                0x080020a1   Thumb Code    92  misc.o(i.NVIC_Init)
    NVIC_PriorityGroupConfig                 0x08002105   Thumb Code    10  misc.o(i.NVIC_PriorityGroupConfig)
    RCC_AHB1PeriphClockCmd                   0x08002139   Thumb Code    18  stm32f4xx_rcc.o(i.RCC_AHB1PeriphClockCmd)
    RCC_AHB1PeriphResetCmd                   0x08002151   Thumb Code    18  stm32f4xx_rcc.o(i.RCC_AHB1PeriphResetCmd)
    RCC_AHB3PeriphClockCmd                   0x08002169   Thumb Code    18  stm32f4xx_rcc.o(i.RCC_AHB3PeriphClockCmd)
    RCC_APB2PeriphClockCmd                   0x08002181   Thumb Code    18  stm32f4xx_rcc.o(i.RCC_APB2PeriphClockCmd)
    RCC_APB2PeriphResetCmd                   0x08002199   Thumb Code    18  stm32f4xx_rcc.o(i.RCC_APB2PeriphResetCmd)
    RCC_GetClocksFreq                        0x080021b1   Thumb Code   132  stm32f4xx_rcc.o(i.RCC_GetClocksFreq)
    RCC_MCO1Config                           0x08002245   Thumb Code    16  stm32f4xx_rcc.o(i.RCC_MCO1Config)
    SDIO_ClearFlag                           0x08002319   Thumb Code     6  stm32f4xx_sdio.o(i.SDIO_ClearFlag)
    SDIO_ClearITPendingBit                   0x08002325   Thumb Code     6  stm32f4xx_sdio.o(i.SDIO_ClearITPendingBit)
    SDIO_ClockCmd                            0x08002331   Thumb Code     6  stm32f4xx_sdio.o(i.SDIO_ClockCmd)
    SDIO_DMACmd                              0x0800233d   Thumb Code     6  stm32f4xx_sdio.o(i.SDIO_DMACmd)
    SDIO_DataConfig                          0x08002349   Thumb Code    42  stm32f4xx_sdio.o(i.SDIO_DataConfig)
    SDIO_DeInit                              0x08002379   Thumb Code    24  stm32f4xx_sdio.o(i.SDIO_DeInit)
    SDIO_GetCommandResponse                  0x08002391   Thumb Code     8  stm32f4xx_sdio.o(i.SDIO_GetCommandResponse)
    SDIO_GetFlagStatus                       0x0800239d   Thumb Code    16  stm32f4xx_sdio.o(i.SDIO_GetFlagStatus)
    SDIO_GetITStatus                         0x080023b1   Thumb Code    16  stm32f4xx_sdio.o(i.SDIO_GetITStatus)
    SDIO_GetPowerState                       0x080023c5   Thumb Code    10  stm32f4xx_sdio.o(i.SDIO_GetPowerState)
    SDIO_GetResponse                         0x080023d5   Thumb Code    12  stm32f4xx_sdio.o(i.SDIO_GetResponse)
    SDIO_IRQHandler                          0x080023e5   Thumb Code     4  stm32f4xx_it.o(i.SDIO_IRQHandler)
    SDIO_ITConfig                            0x080023e9   Thumb Code    18  stm32f4xx_sdio.o(i.SDIO_ITConfig)
    SDIO_Init                                0x08002401   Thumb Code    40  stm32f4xx_sdio.o(i.SDIO_Init)
    SDIO_ReadData                            0x0800242d   Thumb Code     6  stm32f4xx_sdio.o(i.SDIO_ReadData)
    SDIO_SendCommand                         0x08002439   Thumb Code    36  stm32f4xx_sdio.o(i.SDIO_SendCommand)
    SDIO_SetPowerState                       0x08002461   Thumb Code     6  stm32f4xx_sdio.o(i.SDIO_SetPowerState)
    SD_Detect                                0x0800246d   Thumb Code    30  stm324x7i_eval_sdio_sd.o(i.SD_Detect)
    SD_EnableWideBusOperation                0x08002491   Thumb Code   106  stm324x7i_eval_sdio_sd.o(i.SD_EnableWideBusOperation)
    SD_GetCardInfo                           0x08002505   Thumb Code   606  stm324x7i_eval_sdio_sd.o(i.SD_GetCardInfo)
    SD_GetState                              0x0800276d   Thumb Code    34  stm324x7i_eval_sdio_sd.o(i.SD_GetState)
    SD_GetStatus                             0x0800278f   Thumb Code    26  stm324x7i_eval_sdio_sd.o(i.SD_GetStatus)
    SD_Init                                  0x080027a9   Thumb Code   124  stm324x7i_eval_sdio_sd.o(i.SD_Init)
    SD_InitializeCards                       0x08002829   Thumb Code   246  stm324x7i_eval_sdio_sd.o(i.SD_InitializeCards)
    SD_LowLevel_DMA_RxConfig                 0x08002929   Thumb Code   128  stm324x7i_eval.o(i.SD_LowLevel_DMA_RxConfig)
    SD_LowLevel_DMA_TxConfig                 0x080029b1   Thumb Code   130  stm324x7i_eval.o(i.SD_LowLevel_DMA_TxConfig)
    SD_LowLevel_Init                         0x08002a3d   Thumb Code   180  stm324x7i_eval.o(i.SD_LowLevel_Init)
    SD_PowerON                               0x08002afd   Thumb Code   470  stm324x7i_eval_sdio_sd.o(i.SD_PowerON)
    SD_ProcessDMAIRQ                         0x08002ce5   Thumb Code    30  stm324x7i_eval_sdio_sd.o(i.SD_ProcessDMAIRQ)
    SD_ProcessIRQSrc                         0x08002d0d   Thumb Code   140  stm324x7i_eval_sdio_sd.o(i.SD_ProcessIRQSrc)
    SD_ReadBlock                             0x08002d9d   Thumb Code   166  stm324x7i_eval_sdio_sd.o(i.SD_ReadBlock)
    SD_ReadMultiBlocks                       0x08002e51   Thumb Code   190  stm324x7i_eval_sdio_sd.o(i.SD_ReadMultiBlocks)
    SD_SelectDeselect                        0x08002f1d   Thumb Code    40  stm324x7i_eval_sdio_sd.o(i.SD_SelectDeselect)
    SD_SendStatus                            0x08002f49   Thumb Code    64  stm324x7i_eval_sdio_sd.o(i.SD_SendStatus)
    SD_StopTransfer                          0x08002f91   Thumb Code    36  stm324x7i_eval_sdio_sd.o(i.SD_StopTransfer)
    SD_WaitReadOperation                     0x08002fb9   Thumb Code   100  stm324x7i_eval_sdio_sd.o(i.SD_WaitReadOperation)
    SD_WaitWriteOperation                    0x08003025   Thumb Code   100  stm324x7i_eval_sdio_sd.o(i.SD_WaitWriteOperation)
    SD_WriteBlock                            0x08003091   Thumb Code   168  stm324x7i_eval_sdio_sd.o(i.SD_WriteBlock)
    SD_WriteMultiBlocks                      0x08003145   Thumb Code   258  stm324x7i_eval_sdio_sd.o(i.SD_WriteMultiBlocks)
    STM_EVAL_LEDInit                         0x08003255   Thumb Code    62  stm324x7i_eval.o(i.STM_EVAL_LEDInit)
    STM_EVAL_LEDOn                           0x0800329d   Thumb Code    16  stm324x7i_eval.o(i.STM_EVAL_LEDOn)
    SYSCFG_ETH_MediaInterfaceConfig          0x080032b5   Thumb Code     6  stm32f4xx_syscfg.o(i.SYSCFG_ETH_MediaInterfaceConfig)
    SYSCFG_EXTILineConfig                    0x080032c1   Thumb Code    34  stm32f4xx_syscfg.o(i.SYSCFG_EXTILineConfig)
    SysTick_CLKSourceConfig                  0x080033b5   Thumb Code    24  misc.o(i.SysTick_CLKSourceConfig)
    SysTick_Handler                          0x080033cd   Thumb Code     4  stm32f4xx_it.o(i.SysTick_Handler)
    SystemInit                               0x080033d1   Thumb Code    74  system_stm32f4xx.o(i.SystemInit)
    Time_Update                              0x0800342d   Thumb Code    10  main.o(i.Time_Update)
    UsageFault_Handler                       0x0800343d   Thumb Code     2  stm32f4xx_it.o(i.UsageFault_Handler)
    __0printf$1                              0x08003441   Thumb Code    22  printf1.o(i.__0printf$1)
    __1printf$1                              0x08003441   Thumb Code     0  printf1.o(i.__0printf$1)
    __2printf                                0x08003441   Thumb Code     0  printf1.o(i.__0printf$1)
    __0sprintf$1                             0x08003461   Thumb Code    34  printf1.o(i.__0sprintf$1)
    __1sprintf$1                             0x08003461   Thumb Code     0  printf1.o(i.__0sprintf$1)
    __2sprintf                               0x08003461   Thumb Code     0  printf1.o(i.__0sprintf$1)
    __scatterload_copy                       0x08003489   Thumb Code    14  handlers.o(i.__scatterload_copy)
    __scatterload_null                       0x08003497   Thumb Code     2  handlers.o(i.__scatterload_null)
    __scatterload_zeroinit                   0x08003499   Thumb Code    14  handlers.o(i.__scatterload_zeroinit)
    clust2sect                               0x08003871   Thumb Code    24  ff.o(i.clust2sect)
    dhcp_arp_reply                           0x08003a35   Thumb Code    30  dhcp.o(i.dhcp_arp_reply)
    dhcp_network_changed                     0x08003cb9   Thumb Code    70  dhcp.o(i.dhcp_network_changed)
    disk_initialize                          0x08004039   Thumb Code    70  fatfs_drv.o(i.disk_initialize)
    disk_ioctl                               0x08004085   Thumb Code    78  fatfs_drv.o(i.disk_ioctl)
    disk_read                                0x080040d9   Thumb Code   156  fatfs_drv.o(i.disk_read)
    disk_status                              0x08004179   Thumb Code    44  fatfs_drv.o(i.disk_status)
    disk_write                               0x080041a9   Thumb Code   158  fatfs_drv.o(i.disk_write)
    etharp_cleanup_netif                     0x0800431d   Thumb Code    42  etharp.o(i.etharp_cleanup_netif)
    etharp_output                            0x0800444d   Thumb Code   246  etharp.o(i.etharp_output)
    etharp_query                             0x08004595   Thumb Code   228  etharp.o(i.etharp_query)
    etharp_request                           0x08004721   Thumb Code    32  etharp.o(i.etharp_request)
    etharp_tmr                               0x08004765   Thumb Code    68  etharp.o(i.etharp_tmr)
    ethernet_input                           0x08004829   Thumb Code   138  etharp.o(i.ethernet_input)
    ethernetif_init                          0x080048b9   Thumb Code    30  ethernetif.o(i.ethernetif_init)
    ethernetif_input                         0x080048e1   Thumb Code    38  ethernetif.o(i.ethernetif_input)
    f_close                                  0x08004907   Thumb Code    18  ff.o(i.f_close)
    f_mount                                  0x08004919   Thumb Code    26  ff.o(i.f_mount)
    f_open                                   0x08004939   Thumb Code   308  ff.o(i.f_open)
    f_opendir                                0x08004a6d   Thumb Code    78  ff.o(i.f_opendir)
    f_read                                   0x08004abb   Thumb Code   336  ff.o(i.f_read)
    f_sync                                   0x08004c0b   Thumb Code   164  ff.o(i.f_sync)
    f_write                                  0x08004caf   Thumb Code   398  ff.o(i.f_write)
    fputc                                    0x08004ee9   Thumb Code    18  fputc.o(i.fputc)
    get_fat                                  0x08004efb   Thumb Code   184  ff.o(i.get_fat)
    get_fattime                              0x08004fb3   Thumb Code     4  fatfs_drv.o(i.get_fattime)
    icmp_dest_unreach                        0x08004fb7   Thumb Code     8  icmp.o(i.icmp_dest_unreach)
    icmp_input                               0x08004fc1   Thumb Code   242  icmp.o(i.icmp_input)
    icmp_time_exceeded                       0x08005121   Thumb Code     8  icmp.o(i.icmp_time_exceeded)
    inet_chksum                              0x08005129   Thumb Code    12  inet_chksum.o(i.inet_chksum)
    inet_chksum_pbuf                         0x08005135   Thumb Code    72  inet_chksum.o(i.inet_chksum_pbuf)
    ip4_addr_isbroadcast                     0x0800517d   Thumb Code    46  ip_addr.o(i.ip4_addr_isbroadcast)
    ip_frag                                  0x080051ad   Thumb Code   352  ip_frag.o(i.ip_frag)
    ip_input                                 0x08005319   Thumb Code   372  ip.o(i.ip_input)
    ip_output                                0x08005495   Thumb Code    52  ip.o(i.ip_output)
    ip_output_if                             0x080054c9   Thumb Code   164  ip.o(i.ip_output_if)
    ip_reass                                 0x08005571   Thumb Code   384  ip_frag.o(i.ip_reass)
    ip_route                                 0x080058e5   Thumb Code    54  ip.o(i.ip_route)
    lwip_htonl                               0x08005b0d   Thumb Code     4  def.o(i.lwip_htonl)
    lwip_htons                               0x08005b11   Thumb Code     4  def.o(i.lwip_htons)
    lwip_ntohl                               0x08005b15   Thumb Code     4  def.o(i.lwip_ntohl)
    lwip_ntohs                               0x08005b19   Thumb Code     4  def.o(i.lwip_ntohs)
    main                                     0x08005b75   Thumb Code    38  main.o(i.main)
    mem_free                                 0x08005bb5   Thumb Code    38  mem.o(i.mem_free)
    mem_init                                 0x08005be1   Thumb Code    42  mem.o(i.mem_init)
    mem_malloc                               0x08005c15   Thumb Code   162  mem.o(i.mem_malloc)
    mem_trim                                 0x08005ccd   Thumb Code   200  mem.o(i.mem_trim)
    memp_free                                0x08005d99   Thumb Code    18  memp.o(i.memp_free)
    memp_init                                0x08005db1   Thumb Code    78  memp.o(i.memp_init)
    memp_malloc                              0x08005e09   Thumb Code    28  memp.o(i.memp_malloc)
    netif_add                                0x08005e95   Thumb Code    70  netif.o(i.netif_add)
    netif_set_addr                           0x08005ee1   Thumb Code    32  netif.o(i.netif_set_addr)
    netif_set_default                        0x08005f01   Thumb Code     6  netif.o(i.netif_set_default)
    netif_set_down                           0x08005f0d   Thumb Code    26  netif.o(i.netif_set_down)
    netif_set_gw                             0x08005f27   Thumb Code     8  netif.o(i.netif_set_gw)
    netif_set_ipaddr                         0x08005f31   Thumb Code    96  netif.o(i.netif_set_ipaddr)
    netif_set_link_callback                  0x08005f99   Thumb Code     8  netif.o(i.netif_set_link_callback)
    netif_set_link_down                      0x08005fa1   Thumb Code    26  netif.o(i.netif_set_link_down)
    netif_set_link_up                        0x08005fbb   Thumb Code    66  netif.o(i.netif_set_link_up)
    netif_set_netmask                        0x08005ffd   Thumb Code     8  netif.o(i.netif_set_netmask)
    netif_set_up                             0x08006005   Thumb Code    32  netif.o(i.netif_set_up)
    pbuf_alloc                               0x08006025   Thumb Code   280  pbuf.o(i.pbuf_alloc)
    pbuf_alloced_custom                      0x0800613d   Thumb Code    84  pbuf.o(i.pbuf_alloced_custom)
    pbuf_cat                                 0x08006191   Thumb Code    40  pbuf.o(i.pbuf_cat)
    pbuf_chain                               0x080061b9   Thumb Code    18  pbuf.o(i.pbuf_chain)
    pbuf_clen                                0x080061cb   Thumb Code    18  pbuf.o(i.pbuf_clen)
    pbuf_copy                                0x080061dd   Thumb Code   154  pbuf.o(i.pbuf_copy)
    pbuf_copy_partial                        0x08006277   Thumb Code   104  pbuf.o(i.pbuf_copy_partial)
    pbuf_free                                0x080062df   Thumb Code    82  pbuf.o(i.pbuf_free)
    pbuf_header                              0x08006331   Thumb Code    96  pbuf.o(i.pbuf_header)
    pbuf_realloc                             0x08006391   Thumb Code    78  pbuf.o(i.pbuf_realloc)
    pbuf_ref                                 0x080063df   Thumb Code    12  pbuf.o(i.pbuf_ref)
    process_tftp_request                     0x08006441   Thumb Code   166  tftpserver.o(i.process_tftp_request)
    put_fat                                  0x080064f9   Thumb Code   250  ff.o(i.put_fat)
    raw_input                                0x080065f5   Thumb Code   104  raw.o(i.raw_input)
    recv_callback_tftp                       0x08006669   Thumb Code    24  tftpserver.o(i.recv_callback_tftp)
    rrq_recv_callback                        0x080066e3   Thumb Code    84  tftpserver.o(i.rrq_recv_callback)
    tcp_abandon                              0x080067f1   Thumb Code   136  tcp.o(i.tcp_abandon)
    tcp_abort                                0x0800687d   Thumb Code     6  tcp.o(i.tcp_abort)
    tcp_alloc                                0x08006885   Thumb Code   232  tcp.o(i.tcp_alloc)
    tcp_close                                0x08006979   Thumb Code    20  tcp.o(i.tcp_close)
    tcp_eff_send_mss                         0x08006b4b   Thumb Code    32  tcp.o(i.tcp_eff_send_mss)
    tcp_enqueue_flags                        0x08006b6b   Thumb Code   166  tcp_out.o(i.tcp_enqueue_flags)
    tcp_fasttmr                              0x08006c11   Thumb Code    90  tcp.o(i.tcp_fasttmr)
    tcp_input                                0x08006c71   Thumb Code   758  tcp_in.o(i.tcp_input)
    tcp_keepalive                            0x08006f85   Thumb Code    60  tcp_out.o(i.tcp_keepalive)
    tcp_next_iss                             0x080070a5   Thumb Code    12  tcp.o(i.tcp_next_iss)
    tcp_output                               0x080070b5   Thumb Code   392  tcp_out.o(i.tcp_output)
    tcp_pcb_purge                            0x080073dd   Thumb Code    58  tcp.o(i.tcp_pcb_purge)
    tcp_pcb_remove                           0x08007419   Thumb Code    82  tcp.o(i.tcp_pcb_remove)
    tcp_process_refused_data                 0x080077a5   Thumb Code   102  tcp.o(i.tcp_process_refused_data)
    tcp_recv_null                            0x08007c1f   Thumb Code    36  tcp.o(i.tcp_recv_null)
    tcp_recved                               0x08007c43   Thumb Code    56  tcp.o(i.tcp_recved)
    tcp_rexmit                               0x08007c7b   Thumb Code    80  tcp_out.o(i.tcp_rexmit)
    tcp_rexmit_fast                          0x08007ccb   Thumb Code    88  tcp_out.o(i.tcp_rexmit_fast)
    tcp_rexmit_rto                           0x08007d23   Thumb Code    46  tcp_out.o(i.tcp_rexmit_rto)
    tcp_rst                                  0x08007d51   Thumb Code   118  tcp_out.o(i.tcp_rst)
    tcp_seg_free                             0x08007dc7   Thumb Code    28  tcp.o(i.tcp_seg_free)
    tcp_segs_free                            0x08007de3   Thumb Code    18  tcp.o(i.tcp_segs_free)
    tcp_send_empty_ack                       0x08007df5   Thumb Code    72  tcp_out.o(i.tcp_send_empty_ack)
    tcp_send_fin                             0x08007e3d   Thumb Code    68  tcp_out.o(i.tcp_send_fin)
    tcp_slowtmr                              0x08007e81   Thumb Code   590  tcp.o(i.tcp_slowtmr)
    tcp_timer_needed                         0x080080e1   Thumb Code     2  timers.o(i.tcp_timer_needed)
    tcp_tmr                                  0x08008151   Thumb Code    28  tcp.o(i.tcp_tmr)
    tcp_update_rcv_ann_wnd                   0x08008171   Thumb Code    52  tcp.o(i.tcp_update_rcv_ann_wnd)
    tcp_zero_window_probe                    0x080081a5   Thumb Code   138  tcp_out.o(i.tcp_zero_window_probe)
    tftp_cleanup_rd                          0x08008231   Thumb Code    54  tftpserver.o(i.tftp_cleanup_rd)
    tftp_cleanup_wr                          0x08008275   Thumb Code    54  tftpserver.o(i.tftp_cleanup_wr)
    tftp_construct_error_message             0x080082b9   Thumb Code    44  tftpserver.o(i.tftp_construct_error_message)
    tftp_decode_op                           0x080082e9   Thumb Code     4  tftputils.o(i.tftp_decode_op)
    tftp_extract_block                       0x080082ed   Thumb Code     6  tftputils.o(i.tftp_extract_block)
    tftp_extract_filename                    0x080082f3   Thumb Code     6  tftputils.o(i.tftp_extract_filename)
    tftp_is_correct_ack                      0x080082f9   Thumb Code    26  tftputils.o(i.tftp_is_correct_ack)
    tftp_process_read                        0x08008315   Thumb Code   112  tftpserver.o(i.tftp_process_read)
    tftp_process_write                       0x0800838d   Thumb Code   110  tftpserver.o(i.tftp_process_write)
    tftp_send_ack_packet                     0x08008405   Thumb Code    48  tftpserver.o(i.tftp_send_ack_packet)
    tftp_send_data_packet                    0x08008435   Thumb Code    72  tftpserver.o(i.tftp_send_data_packet)
    tftp_send_error_message                  0x0800847d   Thumb Code    42  tftpserver.o(i.tftp_send_error_message)
    tftp_send_message                        0x080084a7   Thumb Code    70  tftpserver.o(i.tftp_send_message)
    tftp_send_next_block                     0x080084ed   Thumb Code    58  tftpserver.o(i.tftp_send_next_block)
    tftp_set_block                           0x0800852d   Thumb Code    14  tftputils.o(i.tftp_set_block)
    tftp_set_data_message                    0x0800853b   Thumb Code     6  tftputils.o(i.tftp_set_data_message)
    tftp_set_errorcode                       0x08008541   Thumb Code     8  tftputils.o(i.tftp_set_errorcode)
    tftp_set_errormsg                        0x08008549   Thumb Code     6  tftputils.o(i.tftp_set_errormsg)
    tftp_set_opcode                          0x0800854f   Thumb Code     8  tftputils.o(i.tftp_set_opcode)
    tftpd_init                               0x08008559   Thumb Code    50  tftpserver.o(i.tftpd_init)
    udp_bind                                 0x080085c5   Thumb Code   148  udp.o(i.udp_bind)
    udp_disconnect                           0x0800865d   Thumb Code    16  udp.o(i.udp_disconnect)
    udp_input                                0x0800866d   Thumb Code   364  udp.o(i.udp_input)
    udp_new                                  0x080087e5   Thumb Code    26  udp.o(i.udp_new)
    udp_recv                                 0x080087ff   Thumb Code     6  udp.o(i.udp_recv)
    udp_remove                               0x08008805   Thumb Code    40  udp.o(i.udp_remove)
    udp_sendto                               0x08008831   Thumb Code    40  udp.o(i.udp_sendto)
    udp_sendto_if                            0x08008859   Thumb Code   182  udp.o(i.udp_sendto_if)
    wrq_recv_callback                        0x08008931   Thumb Code   180  tftpserver.o(i.wrq_recv_callback)
    tcp_persist_backoff                      0x08008a0c   Data           7  tcp.o(.constdata)
    tcp_state_str                            0x08008a14   Data          44  tcp.o(.constdata)
    tcp_backoff                              0x08008a40   Data          13  tcp.o(.constdata)
    tcp_pcb_lists                            0x08008a50   Data          16  tcp.o(.constdata)
    ip_addr_any                              0x08008a60   Data           4  ip_addr.o(.constdata)
    ip_addr_broadcast                        0x08008a64   Data           4  ip_addr.o(.constdata)
    ethbroadcast                             0x08008a68   Data           6  etharp.o(.constdata)
    ethzero                                  0x08008a6e   Data           6  etharp.o(.constdata)
    COM_TX_PIN                               0x08008af4   Data           2  stm324x7i_eval.o(.constdata)
    COM_RX_PIN                               0x08008af6   Data           2  stm324x7i_eval.o(.constdata)
    COM_TX_PIN_SOURCE                        0x08008af8   Data           2  stm324x7i_eval.o(.constdata)
    COM_RX_PIN_SOURCE                        0x08008afa   Data           2  stm324x7i_eval.o(.constdata)
    COM_TX_AF                                0x08008afc   Data           2  stm324x7i_eval.o(.constdata)
    COM_RX_AF                                0x08008afe   Data           2  stm324x7i_eval.o(.constdata)
    COM_USART_CLK                            0x08008b00   Data           4  stm324x7i_eval.o(.constdata)
    COM_TX_PORT_CLK                          0x08008b04   Data           4  stm324x7i_eval.o(.constdata)
    COM_RX_PORT_CLK                          0x08008b08   Data           4  stm324x7i_eval.o(.constdata)
    BUTTON_PIN                               0x08008b0c   Data           6  stm324x7i_eval.o(.constdata)
    BUTTON_EXTI_LINE                         0x08008b12   Data           6  stm324x7i_eval.o(.constdata)
    BUTTON_PORT_SOURCE                       0x08008b18   Data           6  stm324x7i_eval.o(.constdata)
    BUTTON_PIN_SOURCE                        0x08008b1e   Data           6  stm324x7i_eval.o(.constdata)
    BUTTON_IRQn                              0x08008b24   Data           6  stm324x7i_eval.o(.constdata)
    GPIO_PIN                                 0x08008b2a   Data           8  stm324x7i_eval.o(.constdata)
    GPIO_CLK                                 0x08008b34   Data          16  stm324x7i_eval.o(.constdata)
    BUTTON_CLK                               0x08008b44   Data          12  stm324x7i_eval.o(.constdata)
    ASCII16x24_Table                         0x08008b50   Data        4560  stm324x7i_eval_lcd.o(.constdata)
    Region$$Table$$Base                      0x08009e08   Number         0  anon$$obj.o(Region$$Table)
    Region$$Table$$Limit                     0x08009e28   Number         0  anon$$obj.o(Region$$Table)
    LocalTime                                0x20000000   Data           4  main.o(.data)
    timingdelay                              0x20000004   Data           4  main.o(.data)
    TCPTimer                                 0x20000008   Data           4  netconf.o(.data)
    ARPTimer                                 0x2000000c   Data           4  netconf.o(.data)
    EthStatus                                0x20000010   Data           4  stm32f4x7_eth_bsp.o(.data)
    UDPpcb                                   0x20000014   Data           4  tftpserver.o(.data)
    tftp_errorcode_string                    0x20000018   Data          32  tftpserver.o(.data)
    netif_list                               0x20000050   Data           4  netif.o(.data)
    netif_default                            0x20000054   Data           4  netif.o(.data)
    tcp_active_pcbs_changed                  0x2000005c   Data           1  tcp.o(.data)
    tcp_ticks                                0x20000068   Data           4  tcp.o(.data)
    tcp_bound_pcbs                           0x2000006c   Data           4  tcp.o(.data)
    tcp_listen_pcbs                          0x20000070   Data           4  tcp.o(.data)
    tcp_active_pcbs                          0x20000074   Data           4  tcp.o(.data)
    tcp_tw_pcbs                              0x20000078   Data           4  tcp.o(.data)
    tcp_tmp_pcb                              0x2000007c   Data           4  tcp.o(.data)
    tcp_input_pcb                            0x20000098   Data           4  tcp_in.o(.data)
    udp_pcbs                                 0x200000a0   Data           4  udp.o(.data)
    current_netif                            0x200000a8   Data           4  ip.o(.data)
    current_header                           0x200000ac   Data           4  ip.o(.data)
    current_iphdr_src                        0x200000b0   Data           4  ip.o(.data)
    current_iphdr_dest                       0x200000b4   Data           4  ip.o(.data)
    DMATxDescToSet                           0x200000dc   Data           4  stm32f4x7_eth.o(.data)
    DMARxDescToGet                           0x200000e0   Data           4  stm32f4x7_eth.o(.data)
    DMA_RX_FRAME_infos                       0x200000e4   Data           4  stm32f4x7_eth.o(.data)
    COM_USART                                0x200000e8   Data           4  stm324x7i_eval.o(.data)
    COM_TX_PORT                              0x200000ec   Data           4  stm324x7i_eval.o(.data)
    COM_RX_PORT                              0x200000f0   Data           4  stm324x7i_eval.o(.data)
    NVIC_InitStructure                       0x200000f4   Data           4  stm324x7i_eval.o(.data)
    GPIO_PORT                                0x200000f8   Data          16  stm324x7i_eval.o(.data)
    BUTTON_PORT                              0x20000108   Data          12  stm324x7i_eval.o(.data)
    TransferError                            0x20000114   Data           1  stm324x7i_eval_sdio_sd.o(.data)
    StopCondition                            0x20000120   Data           4  stm324x7i_eval_sdio_sd.o(.data)
    TransferEnd                              0x20000124   Data           4  stm324x7i_eval_sdio_sd.o(.data)
    DMAEndOfTransfer                         0x20000128   Data           4  stm324x7i_eval_sdio_sd.o(.data)
    TextColor                                0x2000012c   Data           2  stm324x7i_eval_lcd.o(.data)
    BackColor                                0x2000012e   Data           2  stm324x7i_eval_lcd.o(.data)
    Font16x24                                0x20000134   Data           8  stm324x7i_eval_lcd.o(.data)
    __stdout                                 0x2000013c   Data           4  stdout.o(.data)
    gnetif                                   0x20000140   Data          56  netconf.o(.bss)
    ETH_InitStructure                        0x20000178   Data         188  stm32f4x7_eth_bsp.o(.bss)
    filesystem                               0x20000234   Data         560  tftpserver.o(.bss)
    file_SD                                  0x20000464   Data         548  tftpserver.o(.bss)
    file_CR                                  0x20000688   Data         548  tftpserver.o(.bss)
    dir_1                                    0x200008ac   Data          28  tftpserver.o(.bss)
    dir_2                                    0x200008c8   Data          28  tftpserver.o(.bss)
    ram_heap                                 0x200008e4   Data       10260  mem.o(.bss)
    DMARxDscrTab                             0x20006fa0   Data         160  stm32f4x7_eth.o(.bss)
    DMATxDscrTab                             0x20007040   Data         160  stm32f4x7_eth.o(.bss)
    Rx_Buff                                  0x200070e0   Data        7620  stm32f4x7_eth.o(.bss)
    Tx_Buff                                  0x20008ea4   Data        7620  stm32f4x7_eth.o(.bss)
    RX_Frame_Descriptor                      0x2000ac68   Data          12  stm32f4x7_eth.o(.bss)
    SDCardInfo                               0x2000aca8   Data          88  stm324x7i_eval_sdio_sd.o(.bss)
    SDIO_InitStructure                       0x2000ad00   Data          24  stm324x7i_eval_sdio_sd.o(.bss)
    SDIO_CmdInitStructure                    0x2000ad18   Data          20  stm324x7i_eval_sdio_sd.o(.bss)
    SDIO_DataInitStructure                   0x2000ad2c   Data          24  stm324x7i_eval_sdio_sd.o(.bss)
    __initial_sp                             0x2000b148   Data           0  startup_stm32f427x.o(STACK)



==============================================================================

Memory Map of the image

  Image Entry point : 0x0800019d

  Load Region LR_IROM1 (Base: 0x08000000, Size: 0x00009f68, Max: 0x00200000, ABSOLUTE, COMPRESSED[0x00009e80])

    Execution Region ER_IROM1 (Base: 0x08000000, Size: 0x00009e28, Max: 0x00200000, ABSOLUTE)

    Base Addr    Size         Type   Attr      Idx    E Section Name        Object

    0x08000000   0x0000019c   Data   RO          143    RESET               startup_stm32f427x.o
    0x0800019c   0x00000000   Code   RO         5475  * .ARM.Collect$$$$00000000  mc_w.l(entry.o)
    0x0800019c   0x00000004   Code   RO         5759    .ARM.Collect$$$$00000001  mc_w.l(entry2.o)
    0x080001a0   0x00000004   Code   RO         5762    .ARM.Collect$$$$00000004  mc_w.l(entry5.o)
    0x080001a4   0x00000000   Code   RO         5764    .ARM.Collect$$$$00000008  mc_w.l(entry7b.o)
    0x080001a4   0x00000000   Code   RO         5766    .ARM.Collect$$$$0000000A  mc_w.l(entry8b.o)
    0x080001a4   0x00000008   Code   RO         5767    .ARM.Collect$$$$0000000B  mc_w.l(entry9a.o)
    0x080001ac   0x00000000   Code   RO         5769    .ARM.Collect$$$$0000000D  mc_w.l(entry10a.o)
    0x080001ac   0x00000000   Code   RO         5771    .ARM.Collect$$$$0000000F  mc_w.l(entry11a.o)
    0x080001ac   0x00000004   Code   RO         5760    .ARM.Collect$$$$00002712  mc_w.l(entry2.o)
    0x080001b0   0x00000024   Code   RO          144    .text               startup_stm32f427x.o
    0x080001d4   0x00000024   Code   RO         5478    .text               mc_w.l(memcpya.o)
    0x080001f8   0x00000024   Code   RO         5480    .text               mc_w.l(memseta.o)
    0x0800021c   0x0000000e   Code   RO         5482    .text               mc_w.l(strlen.o)
    0x0800022a   0x0000001a   Code   RO         5484    .text               mc_w.l(memcmp.o)
    0x08000244   0x00000012   Code   RO         5486    .text               mc_w.l(strcpy.o)
    0x08000256   0x0000002c   Code   RO         5776    .text               mc_w.l(uidiv.o)
    0x08000282   0x00000002   PAD
    0x08000284   0x00000024   Code   RO         5791    .text               mc_w.l(init.o)
    0x080002a8   0x00000000   Code   RO         5793    .text               mc_w.l(semi.o)
    0x080002a8   0x00000000   Code   RO         5800    .text               mc_w.l(iusesemip.o)
    0x080002a8   0x0000005c   Code   RO         5809    .text               mc_w.l(__dczerorl2.o)
    0x08000304   0x00000002   Code   RO          438    i.BusFault_Handler  stm32f4xx_it.o
    0x08000306   0x00000002   PAD
    0x08000308   0x000000e8   Code   RO         4994    i.CmdResp1Error     stm324x7i_eval_sdio_sd.o
    0x080003f0   0x00000034   Code   RO         4995    i.CmdResp2Error     stm324x7i_eval_sdio_sd.o
    0x08000424   0x00000070   Code   RO         4996    i.CmdResp6Error     stm324x7i_eval_sdio_sd.o
    0x08000494   0x00000004   Code   RO          439    i.DMA2_Stream3_IRQHandler  stm32f4xx_it.o
    0x08000498   0x0000002c   Code   RO         2988    i.DMA_ClearFlag     stm32f4xx_dma.o
    0x080004c4   0x00000014   Code   RO         2990    i.DMA_Cmd           stm32f4xx_dma.o
    0x080004d8   0x00000124   Code   RO         2991    i.DMA_DeInit        stm32f4xx_dma.o
    0x080005fc   0x00000014   Code   RO         2994    i.DMA_FlowControllerConfig  stm32f4xx_dma.o
    0x08000610   0x00000034   Code   RO         3001    i.DMA_ITConfig      stm32f4xx_dma.o
    0x08000644   0x00000054   Code   RO         3002    i.DMA_Init          stm32f4xx_dma.o
    0x08000698   0x00000002   Code   RO          440    i.DebugMon_Handler  stm32f4xx_it.o
    0x0800069a   0x00000002   PAD
    0x0800069c   0x00000014   Code   RO          150    i.Delay             main.o
    0x080006b0   0x00000074   Code   RO          362    i.ETH_BSP_Config    stm32f4x7_eth_bsp.o
    0x08000724   0x00000070   Code   RO         4365    i.ETH_CheckFrameReceived  stm32f4x7_eth.o
    0x08000794   0x0000001c   Code   RO         4369    i.ETH_DMAReceptionCmd  stm32f4x7_eth.o
    0x080007b0   0x00000058   Code   RO         4370    i.ETH_DMARxDescChainInit  stm32f4x7_eth.o
    0x08000808   0x0000001c   Code   RO         4372    i.ETH_DMATransmissionCmd  stm32f4x7_eth.o
    0x08000824   0x00000048   Code   RO         4375    i.ETH_DMATxDescChainInit  stm32f4x7_eth.o
    0x0800086c   0x00000008   Code   RO         4376    i.ETH_DMATxDescChecksumInsertionConfig  stm32f4x7_eth.o
    0x08000874   0x00000018   Code   RO         4381    i.ETH_DeInit        stm32f4x7_eth.o
    0x0800088c   0x00000020   Code   RO         4383    i.ETH_FlushTransmitFIFO  stm32f4x7_eth.o
    0x080008ac   0x0000016c   Code   RO          363    i.ETH_GPIO_Config   stm32f4x7_eth_bsp.o
    0x08000a18   0x00000014   Code   RO         4409    i.ETH_GetSoftwareResetStatus  stm32f4x7_eth.o
    0x08000a2c   0x00000024   Code   RO         4411    i.ETH_Get_Received_Frame  stm32f4x7_eth.o
    0x08000a50   0x000002a0   Code   RO         4414    i.ETH_Init          stm32f4x7_eth.o
    0x08000cf0   0x0000001c   Code   RO         4416    i.ETH_MACAddressConfig  stm32f4x7_eth.o
    0x08000d0c   0x00000084   Code   RO          364    i.ETH_MACDMA_Config  stm32f4x7_eth_bsp.o
    0x08000d90   0x00000030   Code   RO         4421    i.ETH_MACReceptionCmd  stm32f4x7_eth.o
    0x08000dc0   0x00000030   Code   RO         4422    i.ETH_MACTransmissionCmd  stm32f4x7_eth.o
    0x08000df0   0x000000ac   Code   RO         4433    i.ETH_Prepare_Transmit_Descriptors  stm32f4x7_eth.o
    0x08000e9c   0x00000058   Code   RO         4434    i.ETH_ReadPHYRegister  stm32f4x7_eth.o
    0x08000ef4   0x00000010   Code   RO         4442    i.ETH_SoftwareReset  stm32f4x7_eth.o
    0x08000f04   0x00000022   Code   RO         4443    i.ETH_Start         stm32f4x7_eth.o
    0x08000f26   0x00000022   Code   RO         4444    i.ETH_Stop          stm32f4x7_eth.o
    0x08000f48   0x00000088   Code   RO         4445    i.ETH_StructInit    stm32f4x7_eth.o
    0x08000fd0   0x00000054   Code   RO         4447    i.ETH_WritePHYRegister  stm32f4x7_eth.o
    0x08001024   0x0000025c   Code   RO          365    i.ETH_link_callback  stm32f4x7_eth_bsp.o
    0x08001280   0x00000022   Code   RO          441    i.EXTI15_10_IRQHandler  stm32f4xx_it.o
    0x080012a2   0x00000002   PAD
    0x080012a4   0x0000000c   Code   RO         3117    i.EXTI_ClearITPendingBit  stm32f4xx_exti.o
    0x080012b0   0x00000020   Code   RO         3121    i.EXTI_GetITStatus  stm32f4xx_exti.o
    0x080012d0   0x00000070   Code   RO         3122    i.EXTI_Init         stm32f4xx_exti.o
    0x08001340   0x00000068   Code   RO          366    i.Eth_Link_EXTIConfig  stm32f4x7_eth_bsp.o
    0x080013a8   0x00000034   Code   RO          367    i.Eth_Link_ITHandler  stm32f4x7_eth_bsp.o
    0x080013dc   0x00000036   Code   RO          368    i.Eth_Link_PHYITConfig  stm32f4x7_eth_bsp.o
    0x08001412   0x00000002   PAD
    0x08001414   0x00000020   Code   RO         3395    i.FSMC_NORSRAMCmd   stm32f4xx_fsmc.o
    0x08001434   0x000000c0   Code   RO         3397    i.FSMC_NORSRAMInit  stm32f4xx_fsmc.o
    0x080014f4   0x00000134   Code   RO         4997    i.FindSCR           stm324x7i_eval_sdio_sd.o
    0x08001628   0x000000a2   Code   RO         3513    i.GPIO_Init         stm32f4xx_gpio.o
    0x080016ca   0x00000020   Code   RO         3514    i.GPIO_PinAFConfig  stm32f4xx_gpio.o
    0x080016ea   0x0000000e   Code   RO         3517    i.GPIO_ReadInputDataBit  stm32f4xx_gpio.o
    0x080016f8   0x00000002   Code   RO          442    i.HardFault_Handler  stm32f4xx_it.o
    0x080016fa   0x00000026   Code   RO         5203    i.LCD_Clear         stm324x7i_eval_lcd.o
    0x08001720   0x00000030   Code   RO         5204    i.LCD_ClearLine     stm324x7i_eval_lcd.o
    0x08001750   0x00000134   Code   RO         5207    i.LCD_CtrlLinesConfig  stm324x7i_eval_lcd.o
    0x08001884   0x00000020   Code   RO         5209    i.LCD_DisplayChar   stm324x7i_eval_lcd.o
    0x080018a4   0x00000038   Code   RO         5212    i.LCD_DisplayStringLine  stm324x7i_eval_lcd.o
    0x080018dc   0x0000007c   Code   RO         5213    i.LCD_DrawChar      stm324x7i_eval_lcd.o
    0x08001958   0x00000058   Code   RO         5221    i.LCD_FSMCConfig    stm324x7i_eval_lcd.o
    0x080019b0   0x0000000c   Code   RO         5224    i.LCD_GetFont       stm324x7i_eval_lcd.o
    0x080019bc   0x00000410   Code   RO         5225    i.LCD_Init          stm324x7i_eval_lcd.o
    0x08001dcc   0x000000f4   Code   RO          151    i.LCD_LED_Init      main.o
    0x08001ec0   0x0000000a   Code   RO         5231    i.LCD_ReadReg       stm324x7i_eval_lcd.o
    0x08001eca   0x00000002   PAD
    0x08001ecc   0x00000010   Code   RO         5232    i.LCD_SetBackColor  stm324x7i_eval_lcd.o
    0x08001edc   0x00000018   Code   RO         5234    i.LCD_SetCursor     stm324x7i_eval_lcd.o
    0x08001ef4   0x00000010   Code   RO         5237    i.LCD_SetTextColor  stm324x7i_eval_lcd.o
    0x08001f04   0x0000000a   Code   RO         5242    i.LCD_WriteReg      stm324x7i_eval_lcd.o
    0x08001f0e   0x00000002   PAD
    0x08001f10   0x00000148   Code   RO          284    i.LwIP_Init         netconf.o
    0x08002058   0x00000038   Code   RO          285    i.LwIP_Periodic_Handle  netconf.o
    0x08002090   0x0000000c   Code   RO          286    i.LwIP_Pkt_Handle   netconf.o
    0x0800209c   0x00000002   Code   RO          443    i.MemManage_Handler  stm32f4xx_it.o
    0x0800209e   0x00000002   Code   RO          444    i.NMI_Handler       stm32f4xx_it.o
    0x080020a0   0x00000064   Code   RO         2702    i.NVIC_Init         misc.o
    0x08002104   0x00000014   Code   RO         2703    i.NVIC_PriorityGroupConfig  misc.o
    0x08002118   0x00000020   Code   RO          369    i.NVIC_SetPriority  stm32f4x7_eth_bsp.o
    0x08002138   0x00000018   Code   RO         3610    i.RCC_AHB1PeriphClockCmd  stm32f4xx_rcc.o
    0x08002150   0x00000018   Code   RO         3612    i.RCC_AHB1PeriphResetCmd  stm32f4xx_rcc.o
    0x08002168   0x00000018   Code   RO         3616    i.RCC_AHB3PeriphClockCmd  stm32f4xx_rcc.o
    0x08002180   0x00000018   Code   RO         3622    i.RCC_APB2PeriphClockCmd  stm32f4xx_rcc.o
    0x08002198   0x00000018   Code   RO         3624    i.RCC_APB2PeriphResetCmd  stm32f4xx_rcc.o
    0x080021b0   0x00000094   Code   RO         3631    i.RCC_GetClocksFreq  stm32f4xx_rcc.o
    0x08002244   0x00000014   Code   RO         3642    i.RCC_MCO1Config    stm32f4xx_rcc.o
    0x08002258   0x000000c0   Code   RO         4999    i.SDEnWideBus       stm324x7i_eval_sdio_sd.o
    0x08002318   0x0000000c   Code   RO         3897    i.SDIO_ClearFlag    stm32f4xx_sdio.o
    0x08002324   0x0000000c   Code   RO         3898    i.SDIO_ClearITPendingBit  stm32f4xx_sdio.o
    0x08002330   0x0000000c   Code   RO         3899    i.SDIO_ClockCmd     stm32f4xx_sdio.o
    0x0800233c   0x0000000c   Code   RO         3902    i.SDIO_DMACmd       stm32f4xx_sdio.o
    0x08002348   0x00000030   Code   RO         3903    i.SDIO_DataConfig   stm32f4xx_sdio.o
    0x08002378   0x00000018   Code   RO         3905    i.SDIO_DeInit       stm32f4xx_sdio.o
    0x08002390   0x0000000c   Code   RO         3906    i.SDIO_GetCommandResponse  stm32f4xx_sdio.o
    0x0800239c   0x00000014   Code   RO         3909    i.SDIO_GetFlagStatus  stm32f4xx_sdio.o
    0x080023b0   0x00000014   Code   RO         3910    i.SDIO_GetITStatus  stm32f4xx_sdio.o
    0x080023c4   0x00000010   Code   RO         3911    i.SDIO_GetPowerState  stm32f4xx_sdio.o
    0x080023d4   0x00000010   Code   RO         3912    i.SDIO_GetResponse  stm32f4xx_sdio.o
    0x080023e4   0x00000004   Code   RO          445    i.SDIO_IRQHandler   stm32f4xx_it.o
    0x080023e8   0x00000018   Code   RO         3913    i.SDIO_ITConfig     stm32f4xx_sdio.o
    0x08002400   0x0000002c   Code   RO         3914    i.SDIO_Init         stm32f4xx_sdio.o
    0x0800242c   0x0000000c   Code   RO         3915    i.SDIO_ReadData     stm32f4xx_sdio.o
    0x08002438   0x00000028   Code   RO         3917    i.SDIO_SendCommand  stm32f4xx_sdio.o
    0x08002460   0x0000000c   Code   RO         3919    i.SDIO_SetPowerState  stm32f4xx_sdio.o
    0x0800246c   0x00000024   Code   RO         5001    i.SD_Detect         stm324x7i_eval_sdio_sd.o
    0x08002490   0x00000074   Code   RO         5002    i.SD_EnableWideBusOperation  stm324x7i_eval_sdio_sd.o
    0x08002504   0x00000268   Code   RO         5004    i.SD_GetCardInfo    stm324x7i_eval_sdio_sd.o
    0x0800276c   0x00000022   Code   RO         5006    i.SD_GetState       stm324x7i_eval_sdio_sd.o
    0x0800278e   0x0000001a   Code   RO         5007    i.SD_GetStatus      stm324x7i_eval_sdio_sd.o
    0x080027a8   0x00000080   Code   RO         5010    i.SD_Init           stm324x7i_eval_sdio_sd.o
    0x08002828   0x00000100   Code   RO         5011    i.SD_InitializeCards  stm324x7i_eval_sdio_sd.o
    0x08002928   0x00000088   Code   RO         4888    i.SD_LowLevel_DMA_RxConfig  stm324x7i_eval.o
    0x080029b0   0x0000008c   Code   RO         4889    i.SD_LowLevel_DMA_TxConfig  stm324x7i_eval.o
    0x08002a3c   0x000000c0   Code   RO         4891    i.SD_LowLevel_Init  stm324x7i_eval.o
    0x08002afc   0x000001e8   Code   RO         5013    i.SD_PowerON        stm324x7i_eval_sdio_sd.o
    0x08002ce4   0x00000028   Code   RO         5014    i.SD_ProcessDMAIRQ  stm324x7i_eval_sdio_sd.o
    0x08002d0c   0x00000090   Code   RO         5015    i.SD_ProcessIRQSrc  stm324x7i_eval_sdio_sd.o
    0x08002d9c   0x000000b4   Code   RO         5016    i.SD_ReadBlock      stm324x7i_eval_sdio_sd.o
    0x08002e50   0x000000cc   Code   RO         5017    i.SD_ReadMultiBlocks  stm324x7i_eval_sdio_sd.o
    0x08002f1c   0x0000002c   Code   RO         5018    i.SD_SelectDeselect  stm324x7i_eval_sdio_sd.o
    0x08002f48   0x00000048   Code   RO         5020    i.SD_SendStatus     stm324x7i_eval_sdio_sd.o
    0x08002f90   0x00000028   Code   RO         5021    i.SD_StopTransfer   stm324x7i_eval_sdio_sd.o
    0x08002fb8   0x0000006c   Code   RO         5022    i.SD_WaitReadOperation  stm324x7i_eval_sdio_sd.o
    0x08003024   0x0000006c   Code   RO         5023    i.SD_WaitWriteOperation  stm324x7i_eval_sdio_sd.o
    0x08003090   0x000000b4   Code   RO         5024    i.SD_WriteBlock     stm324x7i_eval_sdio_sd.o
    0x08003144   0x00000110   Code   RO         5025    i.SD_WriteMultiBlocks  stm324x7i_eval_sdio_sd.o
    0x08003254   0x00000048   Code   RO         4893    i.STM_EVAL_LEDInit  stm324x7i_eval.o
    0x0800329c   0x00000018   Code   RO         4895    i.STM_EVAL_LEDOn    stm324x7i_eval.o
    0x080032b4   0x0000000c   Code   RO         4092    i.SYSCFG_ETH_MediaInterfaceConfig  stm32f4xx_syscfg.o
    0x080032c0   0x00000028   Code   RO         4093    i.SYSCFG_EXTILineConfig  stm32f4xx_syscfg.o
    0x080032e8   0x000000cc   Code   RO            3    i.SetSysClock       system_stm32f4xx.o
    0x080033b4   0x00000018   Code   RO         2706    i.SysTick_CLKSourceConfig  misc.o
    0x080033cc   0x00000004   Code   RO          446    i.SysTick_Handler   stm32f4xx_it.o
    0x080033d0   0x0000005c   Code   RO            5    i.SystemInit        system_stm32f4xx.o
    0x0800342c   0x00000010   Code   RO          152    i.Time_Update       main.o
    0x0800343c   0x00000002   Code   RO          447    i.UsageFault_Handler  stm32f4xx_it.o
    0x0800343e   0x00000002   PAD
    0x08003440   0x00000020   Code   RO         5535    i.__0printf$1       mc_w.l(printf1.o)
    0x08003460   0x00000028   Code   RO         5537    i.__0sprintf$1      mc_w.l(printf1.o)
    0x08003488   0x0000000e   Code   RO         5803    i.__scatterload_copy  mc_w.l(handlers.o)
    0x08003496   0x00000002   Code   RO         5804    i.__scatterload_null  mc_w.l(handlers.o)
    0x08003498   0x0000000e   Code   RO         5805    i.__scatterload_zeroinit  mc_w.l(handlers.o)
    0x080034a6   0x00000002   PAD
    0x080034a8   0x00000154   Code   RO         5542    i._printf_core      mc_w.l(printf1.o)
    0x080035fc   0x0000000a   Code   RO         5544    i._sputc            mc_w.l(printf1.o)
    0x08003606   0x00000002   PAD
    0x08003608   0x0000005c   Code   RO         2295    i.check_fs          ff.o
    0x08003664   0x0000020c   Code   RO         2296    i.chk_mounted       ff.o
    0x08003870   0x00000018   Code   RO         2297    i.clust2sect        ff.o
    0x08003888   0x00000096   Code   RO         2298    i.create_chain      ff.o
    0x0800391e   0x00000002   PAD
    0x08003920   0x000000f8   Code   RO         2299    i.create_name       ff.o
    0x08003a18   0x0000001c   Code   RO         5244    i.delay             stm324x7i_eval_lcd.o
    0x08003a34   0x0000001e   Code   RO          836    i.dhcp_arp_reply    dhcp.o
    0x08003a52   0x00000002   PAD
    0x08003a54   0x00000124   Code   RO          841    i.dhcp_create_msg   dhcp.o
    0x08003b78   0x0000006c   Code   RO          842    i.dhcp_decline      dhcp.o
    0x08003be4   0x00000016   Code   RO          843    i.dhcp_delete_msg   dhcp.o
    0x08003bfa   0x00000002   PAD
    0x08003bfc   0x000000bc   Code   RO          844    i.dhcp_discover     dhcp.o
    0x08003cb8   0x00000046   Code   RO          848    i.dhcp_network_changed  dhcp.o
    0x08003cfe   0x00000020   Code   RO          849    i.dhcp_option       dhcp.o
    0x08003d1e   0x00000010   Code   RO          850    i.dhcp_option_byte  dhcp.o
    0x08003d2e   0x00000042   Code   RO          851    i.dhcp_option_long  dhcp.o
    0x08003d70   0x00000022   Code   RO          852    i.dhcp_option_short  dhcp.o
    0x08003d92   0x0000002c   Code   RO          853    i.dhcp_option_trailer  dhcp.o
    0x08003dbe   0x00000002   PAD
    0x08003dc0   0x000000a0   Code   RO          856    i.dhcp_reboot       dhcp.o
    0x08003e60   0x00000010   Code   RO          861    i.dhcp_set_state    dhcp.o
    0x08003e70   0x000000ee   Code   RO         2300    i.dir_next          ff.o
    0x08003f5e   0x0000005c   Code   RO         2302    i.dir_register      ff.o
    0x08003fba   0x0000007e   Code   RO         2304    i.dir_sdi           ff.o
    0x08004038   0x0000004c   Code   RO          726    i.disk_initialize   fatfs_drv.o
    0x08004084   0x00000054   Code   RO          727    i.disk_ioctl        fatfs_drv.o
    0x080040d8   0x000000a0   Code   RO          728    i.disk_read         fatfs_drv.o
    0x08004178   0x00000030   Code   RO          729    i.disk_status       fatfs_drv.o
    0x080041a8   0x000000a4   Code   RO          730    i.disk_write        fatfs_drv.o
    0x0800424c   0x000000ce   Code   RO         2120    i.etharp_arp_input  etharp.o
    0x0800431a   0x00000002   PAD
    0x0800431c   0x00000030   Code   RO         2121    i.etharp_cleanup_netif  etharp.o
    0x0800434c   0x000000dc   Code   RO         2123    i.etharp_find_entry  etharp.o
    0x08004428   0x00000024   Code   RO         2124    i.etharp_free_entry  etharp.o
    0x0800444c   0x00000104   Code   RO         2125    i.etharp_output     etharp.o
    0x08004550   0x00000044   Code   RO         2126    i.etharp_output_to_arp_index  etharp.o
    0x08004594   0x000000ec   Code   RO         2127    i.etharp_query      etharp.o
    0x08004680   0x000000a0   Code   RO         2128    i.etharp_raw        etharp.o
    0x08004720   0x00000024   Code   RO         2129    i.etharp_request    etharp.o
    0x08004744   0x00000020   Code   RO         2130    i.etharp_send_ip    etharp.o
    0x08004764   0x00000048   Code   RO         2131    i.etharp_tmr        etharp.o
    0x080047ac   0x0000007c   Code   RO         2132    i.etharp_update_arp_entry  etharp.o
    0x08004828   0x00000090   Code   RO         2133    i.ethernet_input    etharp.o
    0x080048b8   0x00000028   Code   RO         2213    i.ethernetif_init   ethernetif.o
    0x080048e0   0x00000026   Code   RO         2214    i.ethernetif_input  ethernetif.o
    0x08004906   0x00000012   Code   RO         2306    i.f_close           ff.o
    0x08004918   0x00000020   Code   RO         2310    i.f_mount           ff.o
    0x08004938   0x00000134   Code   RO         2311    i.f_open            ff.o
    0x08004a6c   0x0000004e   Code   RO         2312    i.f_opendir         ff.o
    0x08004aba   0x00000150   Code   RO         2313    i.f_read            ff.o
    0x08004c0a   0x000000a4   Code   RO         2317    i.f_sync            ff.o
    0x08004cae   0x0000018e   Code   RO         2321    i.f_write           ff.o
    0x08004e3c   0x000000ac   Code   RO         2322    i.follow_path       ff.o
    0x08004ee8   0x00000012   Code   RO         5773    i.fputc             mc_w.l(fputc.o)
    0x08004efa   0x000000b8   Code   RO         2323    i.get_fat           ff.o
    0x08004fb2   0x00000004   Code   RO          731    i.get_fattime       fatfs_drv.o
    0x08004fb6   0x00000008   Code   RO         1885    i.icmp_dest_unreach  icmp.o
    0x08004fbe   0x00000002   PAD
    0x08004fc0   0x000000fc   Code   RO         1886    i.icmp_input        icmp.o
    0x080050bc   0x00000064   Code   RO         1887    i.icmp_send_response  icmp.o
    0x08005120   0x00000008   Code   RO         1888    i.icmp_time_exceeded  icmp.o
    0x08005128   0x0000000c   Code   RO         1933    i.inet_chksum       inet_chksum.o
    0x08005134   0x00000048   Code   RO         1934    i.inet_chksum_pbuf  inet_chksum.o
    0x0800517c   0x0000002e   Code   RO         2010    i.ip4_addr_isbroadcast  ip_addr.o
    0x080051aa   0x00000002   PAD
    0x080051ac   0x00000164   Code   RO         2064    i.ip_frag           ip_frag.o
    0x08005310   0x00000008   Code   RO         2065    i.ip_frag_free_pbuf_custom_ref  ip_frag.o
    0x08005318   0x0000017c   Code   RO         1971    i.ip_input          ip.o
    0x08005494   0x00000034   Code   RO         1972    i.ip_output         ip.o
    0x080054c8   0x000000a8   Code   RO         1973    i.ip_output_if      ip.o
    0x08005570   0x00000184   Code   RO         2066    i.ip_reass          ip_frag.o
    0x080056f4   0x000000f0   Code   RO         2067    i.ip_reass_chain_frag_into_datagram_and_validate  ip_frag.o
    0x080057e4   0x00000024   Code   RO         2068    i.ip_reass_dequeue_datagram  ip_frag.o
    0x08005808   0x00000070   Code   RO         2069    i.ip_reass_free_complete_datagram  ip_frag.o
    0x08005878   0x0000006c   Code   RO         2070    i.ip_reass_remove_oldest_datagram  ip_frag.o
    0x080058e4   0x00000040   Code   RO         1974    i.ip_route          ip.o
    0x08005924   0x00000016   Code   RO         2072    i.ipfrag_free_pbuf_custom  ip_frag.o
    0x0800593a   0x00000002   PAD
    0x0800593c   0x00000074   Code   RO         2215    i.low_level_init    ethernetif.o
    0x080059b0   0x000000ac   Code   RO         2216    i.low_level_input   ethernetif.o
    0x08005a5c   0x000000b0   Code   RO         2217    i.low_level_output  ethernetif.o
    0x08005b0c   0x00000004   Code   RO         2253    i.lwip_htonl        def.o
    0x08005b10   0x00000004   Code   RO         2254    i.lwip_htons        def.o
    0x08005b14   0x00000004   Code   RO         2255    i.lwip_ntohl        def.o
    0x08005b18   0x00000004   Code   RO         2256    i.lwip_ntohs        def.o
    0x08005b1c   0x00000058   Code   RO         1937    i.lwip_standard_chksum  inet_chksum.o
    0x08005b74   0x0000002c   Code   RO          153    i.main              main.o
    0x08005ba0   0x00000012   Code   RO         2325    i.mem_cpy           ff.o
    0x08005bb2   0x00000002   PAD
    0x08005bb4   0x0000002c   Code   RO         1065    i.mem_free          mem.o
    0x08005be0   0x00000034   Code   RO         1066    i.mem_init          mem.o
    0x08005c14   0x000000a8   Code   RO         1067    i.mem_malloc        mem.o
    0x08005cbc   0x0000000e   Code   RO         2326    i.mem_set           ff.o
    0x08005cca   0x00000002   PAD
    0x08005ccc   0x000000cc   Code   RO         1068    i.mem_trim          mem.o
    0x08005d98   0x00000018   Code   RO         1109    i.memp_free         memp.o
    0x08005db0   0x00000058   Code   RO         1110    i.memp_init         memp.o
    0x08005e08   0x00000020   Code   RO         1111    i.memp_malloc       memp.o
    0x08005e28   0x0000006a   Code   RO         2327    i.move_window       ff.o
    0x08005e92   0x00000002   PAD
    0x08005e94   0x0000004c   Code   RO         1151    i.netif_add         netif.o
    0x08005ee0   0x00000020   Code   RO         1155    i.netif_set_addr    netif.o
    0x08005f00   0x0000000c   Code   RO         1156    i.netif_set_default  netif.o
    0x08005f0c   0x0000001a   Code   RO         1157    i.netif_set_down    netif.o
    0x08005f26   0x00000008   Code   RO         1158    i.netif_set_gw      netif.o
    0x08005f2e   0x00000002   PAD
    0x08005f30   0x00000068   Code   RO         1159    i.netif_set_ipaddr  netif.o
    0x08005f98   0x00000008   Code   RO         1160    i.netif_set_link_callback  netif.o
    0x08005fa0   0x0000001a   Code   RO         1161    i.netif_set_link_down  netif.o
    0x08005fba   0x00000042   Code   RO         1162    i.netif_set_link_up  netif.o
    0x08005ffc   0x00000008   Code   RO         1163    i.netif_set_netmask  netif.o
    0x08006004   0x00000020   Code   RO         1164    i.netif_set_up      netif.o
    0x08006024   0x00000118   Code   RO         1247    i.pbuf_alloc        pbuf.o
    0x0800613c   0x00000054   Code   RO         1248    i.pbuf_alloced_custom  pbuf.o
    0x08006190   0x00000028   Code   RO         1249    i.pbuf_cat          pbuf.o
    0x080061b8   0x00000012   Code   RO         1250    i.pbuf_chain        pbuf.o
    0x080061ca   0x00000012   Code   RO         1251    i.pbuf_clen         pbuf.o
    0x080061dc   0x0000009a   Code   RO         1253    i.pbuf_copy         pbuf.o
    0x08006276   0x00000068   Code   RO         1254    i.pbuf_copy_partial  pbuf.o
    0x080062de   0x00000052   Code   RO         1256    i.pbuf_free         pbuf.o
    0x08006330   0x00000060   Code   RO         1258    i.pbuf_header       pbuf.o
    0x08006390   0x0000004e   Code   RO         1261    i.pbuf_realloc      pbuf.o
    0x080063de   0x0000000c   Code   RO         1262    i.pbuf_ref          pbuf.o
    0x080063ea   0x00000002   PAD
    0x080063ec   0x00000054   Code   RO         1069    i.plug_holes        mem.o
    0x08006440   0x000000b8   Code   RO          607    i.process_tftp_request  tftpserver.o
    0x080064f8   0x000000fa   Code   RO         2328    i.put_fat           ff.o
    0x080065f2   0x00000002   PAD
    0x080065f4   0x00000074   Code   RO         1365    i.raw_input         raw.o
    0x08006668   0x00000018   Code   RO          608    i.recv_callback_tftp  tftpserver.o
    0x08006680   0x00000062   Code   RO         2329    i.remove_chain      ff.o
    0x080066e2   0x00000054   Code   RO          609    i.rrq_recv_callback  tftpserver.o
    0x08006736   0x000000b8   Code   RO         2330    i.sync              ff.o
    0x080067ee   0x00000002   PAD
    0x080067f0   0x0000008c   Code   RO         1431    i.tcp_abandon       tcp.o
    0x0800687c   0x00000006   Code   RO         1432    i.tcp_abort         tcp.o
    0x08006882   0x00000002   PAD
    0x08006884   0x000000f4   Code   RO         1435    i.tcp_alloc         tcp.o
    0x08006978   0x00000014   Code   RO         1438    i.tcp_close         tcp.o
    0x0800698c   0x00000124   Code   RO         1439    i.tcp_close_shutdown  tcp.o
    0x08006ab0   0x0000009a   Code   RO         1698    i.tcp_create_segment  tcp_out.o
    0x08006b4a   0x00000020   Code   RO         1442    i.tcp_eff_send_mss  tcp.o
    0x08006b6a   0x000000a6   Code   RO         1699    i.tcp_enqueue_flags  tcp_out.o
    0x08006c10   0x00000060   Code   RO         1444    i.tcp_fasttmr       tcp.o
    0x08006c70   0x00000314   Code   RO         1647    i.tcp_input         tcp_in.o
    0x08006f84   0x0000003c   Code   RO         1700    i.tcp_keepalive     tcp_out.o
    0x08006fc0   0x000000e4   Code   RO         1648    i.tcp_listen_input  tcp_in.o
    0x080070a4   0x00000010   Code   RO         1449    i.tcp_next_iss      tcp.o
    0x080070b4   0x0000018c   Code   RO         1701    i.tcp_output        tcp_out.o
    0x08007240   0x0000006a   Code   RO         1702    i.tcp_output_alloc_header  tcp_out.o
    0x080072aa   0x00000002   PAD
    0x080072ac   0x000000b0   Code   RO         1703    i.tcp_output_segment  tcp_out.o
    0x0800735c   0x00000080   Code   RO         1649    i.tcp_parseopt      tcp_in.o
    0x080073dc   0x0000003a   Code   RO         1450    i.tcp_pcb_purge     tcp.o
    0x08007416   0x00000002   PAD
    0x08007418   0x00000058   Code   RO         1451    i.tcp_pcb_remove    tcp.o
    0x08007470   0x00000334   Code   RO         1650    i.tcp_process       tcp_in.o
    0x080077a4   0x00000066   Code   RO         1453    i.tcp_process_refused_data  tcp.o
    0x0800780a   0x00000002   PAD
    0x0800780c   0x00000412   Code   RO         1651    i.tcp_receive       tcp_in.o
    0x08007c1e   0x00000024   Code   RO         1455    i.tcp_recv_null     tcp.o
    0x08007c42   0x00000038   Code   RO         1456    i.tcp_recved        tcp.o
    0x08007c7a   0x00000050   Code   RO         1705    i.tcp_rexmit        tcp_out.o
    0x08007cca   0x00000058   Code   RO         1706    i.tcp_rexmit_fast   tcp_out.o
    0x08007d22   0x0000002e   Code   RO         1707    i.tcp_rexmit_rto    tcp_out.o
    0x08007d50   0x00000076   Code   RO         1708    i.tcp_rst           tcp_out.o
    0x08007dc6   0x0000001c   Code   RO         1457    i.tcp_seg_free      tcp.o
    0x08007de2   0x00000012   Code   RO         1458    i.tcp_segs_free     tcp.o
    0x08007df4   0x00000048   Code   RO         1709    i.tcp_send_empty_ack  tcp_out.o
    0x08007e3c   0x00000044   Code   RO         1710    i.tcp_send_fin      tcp_out.o
    0x08007e80   0x00000260   Code   RO         1462    i.tcp_slowtmr       tcp.o
    0x080080e0   0x00000002   Code   RO         2283    i.tcp_timer_needed  timers.o
    0x080080e2   0x00000002   PAD
    0x080080e4   0x0000006c   Code   RO         1652    i.tcp_timewait_input  tcp_in.o
    0x08008150   0x00000020   Code   RO         1463    i.tcp_tmr           tcp.o
    0x08008170   0x00000034   Code   RO         1464    i.tcp_update_rcv_ann_wnd  tcp.o
    0x080081a4   0x0000008a   Code   RO         1712    i.tcp_zero_window_probe  tcp_out.o
    0x0800822e   0x00000002   PAD
    0x08008230   0x00000044   Code   RO          610    i.tftp_cleanup_rd   tftpserver.o
    0x08008274   0x00000044   Code   RO          611    i.tftp_cleanup_wr   tftpserver.o
    0x080082b8   0x00000030   Code   RO          612    i.tftp_construct_error_message  tftpserver.o
    0x080082e8   0x00000004   Code   RO          527    i.tftp_decode_op    tftputils.o
    0x080082ec   0x00000006   Code   RO          528    i.tftp_extract_block  tftputils.o
    0x080082f2   0x00000006   Code   RO          529    i.tftp_extract_filename  tftputils.o
    0x080082f8   0x0000001a   Code   RO          530    i.tftp_is_correct_ack  tftputils.o
    0x08008312   0x00000002   PAD
    0x08008314   0x00000078   Code   RO          613    i.tftp_process_read  tftpserver.o
    0x0800838c   0x00000078   Code   RO          614    i.tftp_process_write  tftpserver.o
    0x08008404   0x00000030   Code   RO          615    i.tftp_send_ack_packet  tftpserver.o
    0x08008434   0x00000048   Code   RO          616    i.tftp_send_data_packet  tftpserver.o
    0x0800847c   0x0000002a   Code   RO          617    i.tftp_send_error_message  tftpserver.o
    0x080084a6   0x00000046   Code   RO          618    i.tftp_send_message  tftpserver.o
    0x080084ec   0x00000040   Code   RO          619    i.tftp_send_next_block  tftpserver.o
    0x0800852c   0x0000000e   Code   RO          531    i.tftp_set_block    tftputils.o
    0x0800853a   0x00000006   Code   RO          532    i.tftp_set_data_message  tftputils.o
    0x08008540   0x00000008   Code   RO          533    i.tftp_set_errorcode  tftputils.o
    0x08008548   0x00000006   Code   RO          534    i.tftp_set_errormsg  tftputils.o
    0x0800854e   0x00000008   Code   RO          535    i.tftp_set_opcode   tftputils.o
    0x08008556   0x00000002   PAD
    0x08008558   0x0000006c   Code   RO          620    i.tftpd_init        tftpserver.o
    0x080085c4   0x00000098   Code   RO         1790    i.udp_bind          udp.o
    0x0800865c   0x00000010   Code   RO         1792    i.udp_disconnect    udp.o
    0x0800866c   0x00000178   Code   RO         1794    i.udp_input         udp.o
    0x080087e4   0x0000001a   Code   RO         1795    i.udp_new           udp.o
    0x080087fe   0x00000006   Code   RO         1796    i.udp_recv          udp.o
    0x08008804   0x0000002c   Code   RO         1797    i.udp_remove        udp.o
    0x08008830   0x00000028   Code   RO         1799    i.udp_sendto        udp.o
    0x08008858   0x000000b6   Code   RO         1800    i.udp_sendto_if     udp.o
    0x0800890e   0x00000020   Code   RO         2331    i.validate          ff.o
    0x0800892e   0x00000002   PAD
    0x08008930   0x000000b8   Code   RO          621    i.wrq_recv_callback  tftpserver.o
    0x080089e8   0x00000024   Data   RO         1113    .constdata          memp.o
    0x08008a0c   0x00000054   Data   RO         1465    .constdata          tcp.o
    0x08008a60   0x00000004   Data   RO         2017    .constdata          ip_addr.o
    0x08008a64   0x00000004   Data   RO         2018    .constdata          ip_addr.o
    0x08008a68   0x0000000c   Data   RO         2135    .constdata          etharp.o
    0x08008a74   0x00000080   Data   RO         2332    .constdata          ff.o
    0x08008af4   0x0000005c   Data   RO         4903    .constdata          stm324x7i_eval.o
    0x08008b50   0x000011d0   Data   RO         5245    .constdata          stm324x7i_eval_lcd.o
    0x08009d20   0x0000007d   Data   RO          623    .conststring        tftpserver.o
    0x08009d9d   0x00000068   Data   RO         1466    .conststring        tcp.o
    0x08009e05   0x00000003   PAD
    0x08009e08   0x00000020   Data   RO         5801    Region$$Table       anon$$obj.o


    Execution Region RW_IRAM1 (Base: 0x20000000, Size: 0x0000b148, Max: 0x00030000, ABSOLUTE, COMPRESSED[0x00000058])

    Base Addr    Size         Type   Attr      Idx    E Section Name        Object

    0x20000000   0x00000008   Data   RW          154    .data               main.o
    0x20000008   0x00000008   Data   RW          288    .data               netconf.o
    0x20000010   0x00000004   Data   RW          371    .data               stm32f4x7_eth_bsp.o
    0x20000014   0x00000024   Data   RW          624    .data               tftpserver.o
    0x20000038   0x00000001   Data   RW          732    .data               fatfs_drv.o
    0x20000039   0x00000003   PAD
    0x2000003c   0x00000004   Data   RW          867    .data               dhcp.o
    0x20000040   0x0000000c   Data   RW         1071    .data               mem.o
    0x2000004c   0x0000000c   Data   RW         1165    .data               netif.o
    0x20000058   0x00000004   Data   RW         1371    .data               raw.o
    0x2000005c   0x00000024   Data   RW         1467    .data               tcp.o
    0x20000080   0x0000001c   Data   RW         1654    .data               tcp_in.o
    0x2000009c   0x00000008   Data   RW         1801    .data               udp.o
    0x200000a4   0x00000014   Data   RW         1975    .data               ip.o
    0x200000b8   0x00000008   Data   RW         2073    .data               ip_frag.o
    0x200000c0   0x00000001   Data   RW         2136    .data               etharp.o
    0x200000c1   0x00000003   PAD
    0x200000c4   0x00000008   Data   RW         2333    .data               ff.o
    0x200000cc   0x00000010   Data   RW         3655    .data               stm32f4xx_rcc.o
    0x200000dc   0x0000000c   Data   RW         4453    .data               stm32f4x7_eth.o
    0x200000e8   0x0000002c   Data   RW         4904    .data               stm324x7i_eval.o
    0x20000114   0x00000018   Data   RW         5028    .data               stm324x7i_eval_sdio_sd.o
    0x2000012c   0x00000010   Data   RW         5249    .data               stm324x7i_eval_lcd.o
    0x2000013c   0x00000004   Data   RW         5775    .data               mc_w.l(stdout.o)
    0x20000140   0x00000038   Zero   RW          287    .bss                netconf.o
    0x20000178   0x000000bc   Zero   RW          370    .bss                stm32f4x7_eth_bsp.o
    0x20000234   0x000006b0   Zero   RW          622    .bss                tftpserver.o
    0x200008e4   0x00002814   Zero   RW         1070    .bss                mem.o
    0x200030f8   0x00003dcf   Zero   RW         1112    .bss                memp.o
    0x20006ec7   0x00000001   PAD
    0x20006ec8   0x00000010   Zero   RW         1653    .bss                tcp_in.o
    0x20006ed8   0x000000c8   Zero   RW         2134    .bss                etharp.o
    0x20006fa0   0x000000a0   Zero   RW         4448    .bss                stm32f4x7_eth.o
    0x20007040   0x000000a0   Zero   RW         4449    .bss                stm32f4x7_eth.o
    0x200070e0   0x00001dc4   Zero   RW         4450    .bss                stm32f4x7_eth.o
    0x20008ea4   0x00001dc4   Zero   RW         4451    .bss                stm32f4x7_eth.o
    0x2000ac68   0x0000000c   Zero   RW         4452    .bss                stm32f4x7_eth.o
    0x2000ac74   0x00000004   PAD
    0x2000ac78   0x000000cc   Zero   RW         5027    .bss                stm324x7i_eval_sdio_sd.o
    0x2000ad44   0x00000004   PAD
    0x2000ad48   0x00000400   Zero   RW          141    STACK               startup_stm32f427x.o


==============================================================================

Image component sizes


      Code (inc. data)   RO Data    RW Data    ZI Data      Debug   Object Name

        16          0          0          0          0       2856   def.o
      1078         24          0          4          0      10724   dhcp.o
      1642         62         12          1        200      13976   etharp.o
       542         44          0          0          0       5398   ethernetif.o
       536         26          0          1          0       5856   fatfs_drv.o
      3886         46        128          8          0      25906   ff.o
       368         10          0          0          0       3634   icmp.o
         0          0          0          0          0       3936   inet.o
       172          0          0          0          0       2933   inet_chksum.o
         0          0          0          0          0        836   init.o
       664         22          0         20          0       7553   ip.o
        46          0          8          0          0       7670   ip_addr.o
      1270         28          0          8          0       8509   ip_frag.o
       324        114          0          8          0      54609   main.o
       552         32          0         12      10260       5321   mem.o
       144         20         36          0      15823       4398   memp.o
       144         18          0          0          0       2441   misc.o
       396        130          0          8         56      18850   netconf.o
       398         20          0         12          0      10154   netif.o
       966          0          0          0          0       9439   pbuf.o
       116         12          0          4          0       1804   raw.o
        36          8        412          0       1024        836   startup_stm32f427x.o
       564         48         92         44          0      10385   stm324x7i_eval.o
      1850         60       4560         16          0      13629   stm324x7i_eval_lcd.o
      3988        198          0         24        204      24523   stm324x7i_eval_sdio_sd.o
      1808        156          0         12      15572      16553   stm32f4x7_eth.o
      1458        196          0          4        188      34668   stm32f4x7_eth_bsp.o
       512         36          0          0          0       5744   stm32f4xx_dma.o
       156         14          0          0          0       2540   stm32f4xx_exti.o
       224          4          0          0          0       2169   stm32f4xx_fsmc.o
       208          0          0          0          0       2671   stm32f4xx_gpio.o
        58          0          0          0          0       5026   stm32f4xx_it.o
       288         50          0         16          0       7030   stm32f4xx_rcc.o
       336         78          0          0          0      12162   stm32f4xx_sdio.o
        52         12          0          0          0       1374   stm32f4xx_syscfg.o
       296         40          0          0          0     277689   system_stm32f4xx.o
      1924         68        188         36          0      24442   tcp.o
      3114        124          0         28         16      16815   tcp_in.o
      1668          8          0          0          0      11163   tcp_out.o
      1304        136        125         36       1712      14599   tftpserver.o
        84          0          0          0          0       9743   tftputils.o
         2          0          0          0          0        575   timers.o
       842         20          0          8          0      16433   udp.o

    ----------------------------------------------------------------------
     34094       1864       5596        316      45064     717572   Object Totals
         0          0         32          0          0          0   (incl. Generated)
        62          0          3          6          9          0   (incl. Padding)

    ----------------------------------------------------------------------

      Code (inc. data)   RO Data    RW Data    ZI Data      Debug   Library Member Name

        92          0          0          0          0          0   __dczerorl2.o
         0          0          0          0          0          0   entry.o
         0          0          0          0          0          0   entry10a.o
         0          0          0          0          0          0   entry11a.o
         8          4          0          0          0          0   entry2.o
         4          0          0          0          0          0   entry5.o
         0          0          0          0          0          0   entry7b.o
         0          0          0          0          0          0   entry8b.o
         8          4          0          0          0          0   entry9a.o
        18          0          0          0          0         80   fputc.o
        30          0          0          0          0          0   handlers.o
        36          8          0          0          0         68   init.o
         0          0          0          0          0          0   iusesemip.o
        26          0          0          0          0         80   memcmp.o
        36          0          0          0          0         68   memcpya.o
        36          0          0          0          0        108   memseta.o
       422         22          0          0          0        332   printf1.o
         0          0          0          0          0          0   semi.o
         0          0          0          4          0          0   stdout.o
        18          0          0          0          0         68   strcpy.o
        14          0          0          0          0         68   strlen.o
        44          0          0          0          0         80   uidiv.o

    ----------------------------------------------------------------------
       798         38          0          4          0        952   Library Totals
         6          0          0          0          0          0   (incl. Padding)

    ----------------------------------------------------------------------

      Code (inc. data)   RO Data    RW Data    ZI Data      Debug   Library Name

       792         38          0          4          0        952   mc_w.l

    ----------------------------------------------------------------------
       798         38          0          4          0        952   Library Totals

    ----------------------------------------------------------------------

==============================================================================


      Code (inc. data)   RO Data    RW Data    ZI Data      Debug   

     34892       1902       5596        320      45064     686908   Grand Totals
     34892       1902       5596         88      45064     686908   ELF Image Totals (compressed)
     34892       1902       5596         88          0          0   ROM Totals

==============================================================================

    Total RO  Size (Code + RO Data)                40488 (  39.54kB)
    Total RW  Size (RW Data + ZI Data)             45384 (  44.32kB)
    Total ROM Size (Code + RO Data + RW Data)      40576 (  39.63kB)

==============================================================================

